../Core/Src/EPD_2_9.c:19:13:_EPD_Reset	8	static
../Core/Src/EPD_2_9.c:28:13:_EPD_SendCommand	16	static
../Core/Src/EPD_2_9.c:35:13:_EPD_SendData	16	static
../Core/Src/EPD_2_9.c:42:13:_EPD_SendDataArray	24	static
../Core/Src/EPD_2_9.c:48:6:_EPD_ReadBusy	8	static
../Core/Src/EPD_2_9.c:56:13:_EPD_LUT	24	static
../Core/Src/EPD_2_9.c:64:13:_EPD_LUT_by_host	16	static
../Core/Src/EPD_2_9.c:78:13:_EPD_TurnOnDisplay	8	static
../Core/Src/EPD_2_9.c:85:13:_EPD_TurnOnDisplay_Partial	8	static
../Core/Src/EPD_2_9.c:92:13:_EPD_SetWindows	24	static
../Core/Src/EPD_2_9.c:104:13:_EPD_SetCursor	16	static
../Core/Src/EPD_2_9.c:113:6:EPD_Init	16	static
../Core/Src/EPD_2_9.c:153:6:EPD_Clear	24	static
../Core/Src/EPD_2_9.c:162:6:EPD_Display	24	static
../Core/Src/EPD_2_9.c:171:6:EPD_Display_Async	24	static
../Core/Src/EPD_2_9.c:182:6:EPD_Display_Partial	24	static
../Core/Src/EPD_2_9.c:222:6:EPD_Sleep	16	static
../Core/Src/EPD_2_9.c:228:6:EPD_Wait_If_Busy	16	static
