main.c:93:6:HAL_I2S_RxHalfCpltCallback	24	static
main.c:108:6:HAL_I2S_RxCpltCallback	24	static
main.c:122:6:HAL_I2S_TxHalfCpltCallback	16	static
main.c:129:6:HAL_I2S_TxCpltCallback	16	static
main.c:142:5:main	1704	static
main.c:306:6:SystemClock_Config	88	static
main.c:349:6:PeriphCommonClock_Config	24	static
main.c:369:13:MX_I2C1_Init	8	static
main.c:403:13:MX_I2S2_Init	8	static
main.c:437:13:MX_I2S3_Init	8	static
main.c:469:13:MX_DMA_Init	16	static
main.c:490:13:MX_GPIO_Init	48	static
main.c:554:6:Error_Handler	4	static,ignoring_inline_asm
