main.c:83:6:HAL_I2S_RxHalfCpltCallback	24	static
main.c:98:6:HAL_I2S_RxCpltCallback	24	static
main.c:112:6:HAL_I2S_TxHalfCpltCallback	16	static
main.c:119:6:HAL_I2S_TxCpltCallback	16	static
main.c:132:5:main	1704	static
main.c:290:6:SystemClock_Config	88	static
main.c:333:6:PeriphCommonClock_Config	24	static
main.c:353:13:MX_I2C1_Init	8	static
main.c:387:13:MX_I2S2_Init	8	static
main.c:421:13:MX_I2S3_Init	8	static
main.c:453:13:MX_DMA_Init	16	static
main.c:474:13:MX_GPIO_Init	48	static
main.c:538:6:Error_Handler	4	static,ignoring_inline_asm
