pedalboard_min.c:9:6:amplifier_pedal_init	48	static
pedalboard_min.c:14:7:amplifier_process	24	static
pedalboard_min.c:22:6:bypass_pedal_init	16	static
pedalboard_min.c:26:7:bypass_process	16	static
pedalboard_min.c:32:6:tremolo_pedal_init	80	static
pedalboard_min.c:39:7:tremolo_process	24	static
pedalboard_min.c:48:6:bitcrusher_rs_pedal_init	64	static
pedalboard_min.c:54:7:bitcrusher_rs_process	24	static
pedalboard_min.c:67:6:low_pass_filter_pedal_init	80	static
pedalboard_min.c:74:7:low_pass_filter_process	24	static
pedalboard_min.c:84:6:dyn_amplifier_pedal_init	16	static
pedalboard_min.c:91:7:dyn_amplifier_process	16	static
pedalboard_min.c:109:6:overdrive_sqrt_pedal_init	80	static
pedalboard_min.c:116:7:overdrive_sqrt_process	24	static
pedalboard_min.c:131:6:overdrive_pedal_init	112	static
pedalboard_min.c:140:7:overdrive_process	24	static
pedalboard_min.c:150:6:fuzz_pedal_init	128	static
pedalboard_min.c:160:7:fuzz_process	32	static
pedalboard_min.c:178:7:mix	24	static
pedalboard_min.c:182:7:hard_clip	16	static
pedalboard_min.c:191:7:soft_clip	32	static
pedalboard_min.c:203:7:square_root	24	static
pedalboard_min.c:210:7:wave_gen	2080	static
pedalboard_min.c:226:6:pedalboard_append	24	static
pedalboard_min.c:282:9:pedalboard_process	24	static
