pedalboard_min.c:7:6:overdrive_pedal_init	112	static
pedalboard_min.c:16:7:overdrive_process	24	static
pedalboard_min.c:26:6:bitcrusher_rs_pedal_init	64	static
pedalboard_min.c:32:7:bitcrusher_rs_process	24	static
pedalboard_min.c:45:6:tremolo_pedal_init	80	static
pedalboard_min.c:52:7:tremolo_process	24	static
pedalboard_min.c:62:6:overdrive_sqrt_pedal_init	80	static
pedalboard_min.c:69:7:overdrive_sqrt_process	24	static
pedalboard_min.c:84:6:amplifier_pedal_init	48	static
pedalboard_min.c:89:7:amplifier_process	24	static
pedalboard_min.c:97:6:dyn_amplifier_pedal_init	16	static
pedalboard_min.c:104:7:dyn_amplifier_process	16	static
pedalboard_min.c:122:6:low_pass_filter_pedal_init	80	static
pedalboard_min.c:129:7:low_pass_filter_process	24	static
pedalboard_min.c:139:6:fuzz_pedal_init	128	static
pedalboard_min.c:149:7:fuzz_process	40	static
pedalboard_min.c:169:6:bypass_pedal_init	16	static
pedalboard_min.c:173:7:bypass_process	16	static
pedalboard_min.c:178:7:mix	24	static
pedalboard_min.c:182:7:hard_clip	16	static
pedalboard_min.c:191:7:soft_clip	32	static
pedalboard_min.c:203:7:square_root	24	static
pedalboard_min.c:212:7:wave_gen	552	static
pedalboard_min.c:240:6:pedalboard_append	24	static
pedalboard_min.c:297:9:pedalboard_process	24	static
