stm32f4xx_it.c:73:6:NMI_Handler	4	static
stm32f4xx_it.c:88:6:HardFault_Handler	4	static
stm32f4xx_it.c:103:6:MemManage_Handler	4	static
stm32f4xx_it.c:118:6:BusFault_Handler	4	static
stm32f4xx_it.c:133:6:UsageFault_Handler	4	static
stm32f4xx_it.c:148:6:SVC_Handler	4	static
stm32f4xx_it.c:161:6:DebugMon_Handler	4	static
stm32f4xx_it.c:174:6:PendSV_Handler	4	static
stm32f4xx_it.c:187:6:SysTick_Handler	8	static
stm32f4xx_it.c:208:6:DMA1_Stream3_IRQHandler	8	static
stm32f4xx_it.c:222:6:DMA1_Stream5_IRQHandler	8	static
stm32f4xx_it.c:236:6:SPI2_IRQHandler	8	static
stm32f4xx_it.c:250:6:SPI3_IRQHandler	8	static
stm32f4xx_it.c:264:6:OTG_FS_IRQHandler	8	static
