../Middlewares/ST/STM32_USB_Host_Library/Core/Src/usbh_core.c:221:27:DeInitStateMachine	0	static
../Middlewares/ST/STM32_USB_Host_Library/Core/Src/usbh_core.c:96:21:USBH_Init	16	static
../Middlewares/ST/STM32_USB_Host_Library/Core/Src/usbh_core.c:178:20:USBH_DeInit	8	static
../Middlewares/ST/STM32_USB_Host_Library/Core/Src/usbh_core.c:261:20:USBH_RegisterClass	0	static
../Middlewares/ST/STM32_USB_Host_Library/Core/Src/usbh_core.c:296:20:USBH_SelectInterface	0	static
../Middlewares/ST/STM32_USB_Host_Library/Core/Src/usbh_core.c:325:9:USBH_GetActiveClass	0	static
../Middlewares/ST/STM32_USB_Host_Library/Core/Src/usbh_core.c:341:10:USBH_FindInterface	12	static
../Middlewares/ST/STM32_USB_Host_Library/Core/Src/usbh_core.c:374:10:USBH_FindInterfaceIndex	0	static
../Middlewares/ST/STM32_USB_Host_Library/Core/Src/usbh_core.c:402:21:USBH_Start	8	static
../Middlewares/ST/STM32_USB_Host_Library/Core/Src/usbh_core.c:420:21:USBH_Stop	8	static
../Middlewares/ST/STM32_USB_Host_Library/Core/Src/usbh_core.c:442:20:USBH_ReEnumerate	16	static
../Middlewares/ST/STM32_USB_Host_Library/Core/Src/usbh_core.c:473:21:USBH_Process	40	static
../Middlewares/ST/STM32_USB_Host_Library/Core/Src/usbh_core.c:1182:7:USBH_LL_SetTimer	0	static
../Middlewares/ST/STM32_USB_Host_Library/Core/Src/usbh_core.c:1194:7:USBH_LL_IncTimer	8	static
../Middlewares/ST/STM32_USB_Host_Library/Core/Src/usbh_core.c:1222:6:USBH_LL_PortEnabled	0	static
../Middlewares/ST/STM32_USB_Host_Library/Core/Src/usbh_core.c:1245:6:USBH_LL_PortDisabled	0	static
../Middlewares/ST/STM32_USB_Host_Library/Core/Src/usbh_core.c:1259:9:USBH_IsPortEnabled	0	static
../Middlewares/ST/STM32_USB_Host_Library/Core/Src/usbh_core.c:1271:21:USBH_LL_Connect	0	static
../Middlewares/ST/STM32_USB_Host_Library/Core/Src/usbh_core.c:1297:21:USBH_LL_Disconnect	16	static
