../Core/Src/AUDIO.c:650:16:I2S3_Init	8	static
../Core/Src/AUDIO.c:228:9:AUDIO_OUT_Play	16	static
../Core/Src/AUDIO.c:250:6:AUDIO_OUT_ChangeBuffer	8	static
../Core/Src/AUDIO.c:263:9:AUDIO_OUT_Pause	8	static
../Core/Src/AUDIO.c:287:9:AUDIO_OUT_Resume	8	static
../Core/Src/AUDIO.c:311:9:AUDIO_OUT_Stop	8	static
../Core/Src/AUDIO.c:343:9:AUDIO_OUT_SetVolume	8	static
../Core/Src/AUDIO.c:363:9:AUDIO_OUT_SetMute	8	static
../Core/Src/AUDIO.c:385:9:AUDIO_OUT_SetOutputMode	8	static
../Core/Src/AUDIO.c:405:6:AUDIO_OUT_SetFrequency	24	static
../Core/Src/AUDIO.c:472:13:AUDIO_OUT_ClockConfig	32	static
../Core/Src/AUDIO.c:516:13:AUDIO_OUT_MspInit	64	static
../Core/Src/AUDIO.c:176:9:AUDIO_OUT_Init	24	static
../Core/Src/AUDIO.c:586:13:AUDIO_OUT_MspDeInit	8	static
../Core/Src/AUDIO.c:624:13:AUDIO_OUT_TransferComplete_CallBack	0	static
../Core/Src/AUDIO.c:441:6:HAL_I2S_TxCpltCallback	8	static
../Core/Src/AUDIO.c:631:13:AUDIO_OUT_HalfTransfer_CallBack	0	static
../Core/Src/AUDIO.c:454:6:HAL_I2S_TxHalfCpltCallback	8	static
../Core/Src/AUDIO.c:638:13:AUDIO_OUT_Error_CallBack	0	static
../Core/Src/AUDIO.c:681:6:HAL_I2S_ErrorCallback	8	static
