../Core/Src/cs43l22.c:136:10:cs43l22_Init	32	static
../Core/Src/cs43l22.c:224:6:cs43l22_DeInit	8	static
../Core/Src/cs43l22.c:235:10:cs43l22_ReadID	24	static
../Core/Src/cs43l22.c:253:10:cs43l22_Play	24	static
../Core/Src/cs43l22.c:279:10:cs43l22_Pause	24	static
../Core/Src/cs43l22.c:298:10:cs43l22_Resume	24	static
../Core/Src/cs43l22.c:326:10:cs43l22_Stop	24	static
../Core/Src/cs43l22.c:351:10:cs43l22_SetVolume	24	static
../Core/Src/cs43l22.c:378:10:cs43l22_SetFrequency	16	static
../Core/Src/cs43l22.c:390:10:cs43l22_SetMute	24	static
../Core/Src/cs43l22.c:417:10:cs43l22_SetPassThrough	24	static
../Core/Src/cs43l22.c:455:10:cs43l22_SetOutputMode	24	static
../Core/Src/cs43l22.c:494:10:cs43l22_Reset	16	static
../Core/Src/cs43l22.c:506:16:CODEC_IO_Write	24	static
