../Core/Src/main.c:108:6:HAL_UART_RxHalfCpltCallback	152	static
../Core/Src/main.c:117:6:HAL_UART_RxCpltCallback	152	static
../Core/Src/main.c:125:6:command_callback	8	static
../Core/Src/main.c:129:7:wave_gen	40	static
../Core/Src/main.c:154:6:Conv_ADC	16	static
../Core/Src/main.c:160:6:HAL_I2S_RxHalfCpltCallback	16	static
../Core/Src/main.c:175:6:HAL_I2S_RxCpltCallback	16	static
../Core/Src/main.c:190:6:AUDIO_OUT_HalfTransfer_CallBack	4	static
../Core/Src/main.c:199:6:AUDIO_OUT_TransferComplete_CallBack	4	static
../Core/Src/main.c:242:5:main	152	static
../Core/Src/main.c:364:6:SystemClock_Config	88	static
../Core/Src/main.c:409:6:PeriphCommonClock_Config	24	static
../Core/Src/main.c:429:13:MX_I2C1_Init	8	static
../Core/Src/main.c:463:13:MX_I2S2_Init	8	static
../Core/Src/main.c:497:13:MX_I2S3_Init	8	static
../Core/Src/main.c:531:13:MX_USART1_UART_Init	8	static
../Core/Src/main.c:562:13:MX_DMA_Init	16	static
../Core/Src/main.c:587:13:MX_GPIO_Init	48	static
../Core/Src/main.c:638:6:Error_Handler	4	static,ignoring_inline_asm
