../Core/Src/main.c:133:6:HAL_UART_RxHalfCpltCallback	8	static
../Core/Src/main.c:141:6:HAL_UART_RxCpltCallback	8	static
../Core/Src/main.c:149:9:usb_save	32	static
../Core/Src/main.c:164:9:usb_load	32	static
../Core/Src/main.c:205:6:command_callback	16	static
../Core/Src/main.c:296:6:DSP	24	static
../Core/Src/main.c:331:6:Mode_N_DSP	16	static
../Core/Src/main.c:367:6:HAL_I2S_RxHalfCpltCallback	8	static
../Core/Src/main.c:379:6:HAL_I2S_RxCpltCallback	8	static
../Core/Src/main.c:392:6:AUDIO_OUT_HalfTransfer_CallBack	0	static
../Core/Src/main.c:399:6:AUDIO_OUT_TransferComplete_CallBack	0	static
../Core/Src/main.c:508:6:SystemClock_Config	88	static,ignoring_inline_asm
../Core/Src/main.c:553:6:PeriphCommonClock_Config	24	static,ignoring_inline_asm
../Core/Src/main.c:412:5:main	56	static,ignoring_inline_asm
../Core/Src/main.c:782:6:Error_Handler	0	static,ignoring_inline_asm
