../Core/Src/main.c:105:6:HAL_UART_RxHalfCpltCallback	152	static
../Core/Src/main.c:114:6:HAL_UART_RxCpltCallback	152	static
../Core/Src/main.c:122:6:command_callback	8	static
../Core/Src/main.c:126:7:wave_gen	552	static
../Core/Src/main.c:151:6:Conv_ADC	16	static
../Core/Src/main.c:156:6:HAL_I2S_RxHalfCpltCallback	24	static
../Core/Src/main.c:172:6:HAL_I2S_RxCpltCallback	24	static
../Core/Src/main.c:219:5:main	152	static
../Core/Src/main.c:331:6:SystemClock_Config	88	static
../Core/Src/main.c:376:6:PeriphCommonClock_Config	24	static
../Core/Src/main.c:396:13:MX_I2C1_Init	8	static
../Core/Src/main.c:430:13:MX_I2S2_Init	8	static
../Core/Src/main.c:464:13:MX_I2S3_Init	8	static
../Core/Src/main.c:498:13:MX_USART1_UART_Init	8	static
../Core/Src/main.c:529:13:MX_DMA_Init	16	static
../Core/Src/main.c:554:13:MX_GPIO_Init	48	static
../Core/Src/main.c:605:6:Error_Handler	4	static,ignoring_inline_asm
