../Core/Src/main.c:66:6:HAL_UART_RxHalfCpltCallback	32	static
../Core/Src/main.c:75:6:HAL_UART_RxCpltCallback	32	static
../Core/Src/main.c:83:6:command_callback	24	static
../Core/Src/main.c:105:7:wave_gen	552	static
../Core/Src/main.c:163:5:main	16	static
../Core/Src/main.c:253:6:SystemClock_Config	88	static
../Core/Src/main.c:301:13:MX_I2C1_Init	8	static
../Core/Src/main.c:335:13:MX_I2S3_Init	8	static
../Core/Src/main.c:369:13:MX_USART1_UART_Init	8	static
../Core/Src/main.c:400:13:MX_DMA_Init	16	static
../Core/Src/main.c:422:13:MX_GPIO_Init	48	static
../Core/Src/main.c:473:6:Error_Handler	4	static,ignoring_inline_asm
