pedalboard_min.c:45:7:bypass_process	0	static
pedalboard_min.c:70:7:bitcrusher_rs_process	32	static
pedalboard_min.c:84:7:low_pass_filter_process	40	static
pedalboard_min.c:109:7:dyn_amplifier_process	0	static
pedalboard_min.c:9:6:overdrive_log_pedal_init	16	static
pedalboard_min.c:28:6:amplifier_pedal_init	16	static
pedalboard_min.c:41:6:bypass_pedal_init	0	static
pedalboard_min.c:51:6:tremolo_pedal_init	16	static
pedalboard_min.c:65:6:bitcrusher_rs_pedal_init	16	static
pedalboard_min.c:79:6:low_pass_filter_pedal_init	12	static
pedalboard_min.c:102:6:dyn_amplifier_pedal_init	0	static
pedalboard_min.c:127:6:overdrive_pedal_init	20	static
pedalboard_min.c:145:6:fuzz_pedal_init	16	static
pedalboard_min.c:183:6:pedalboard_append	16	static
pedalboard_min.c:222:7:pedalboard_process	16	static
pedalboard_min.c:232:7:gain	0	static
pedalboard_min.c:236:7:mix	24	static
pedalboard_min.c:240:7:hard_clip	0	static
pedalboard_min.c:15:7:overdrive_log_process	32	static
pedalboard_min.c:33:7:amplifier_process	0	static
pedalboard_min.c:249:7:soft_clip	0	static
pedalboard_min.c:135:7:overdrive_process	32	static
pedalboard_min.c:261:7:reduce_resolution	0	static
pedalboard_min.c:267:7:wave_gen	2072	static
pedalboard_min.c:56:7:tremolo_process	32	static
pedalboard_min.c:153:7:fuzz_process	32	static
