../Core/Src/main.c:81:6:HAL_UART_RxHalfCpltCallback	280	static
../Core/Src/main.c:90:6:HAL_UART_RxCpltCallback	280	static
../Core/Src/main.c:98:6:command_callback	40	static
../Core/Src/main.c:124:5:main	56	static
../Core/Src/main.c:199:6:SystemClock_Config	72	static
../Core/Src/main.c:239:13:MX_SPI1_Init	8	static
../Core/Src/main.c:277:13:MX_USART3_UART_Init	8	static
../Core/Src/main.c:308:13:MX_DMA_Init	16	static
../Core/Src/main.c:326:13:MX_GPIO_Init	40	static
../Core/Src/main.c:391:6:Error_Handler	4	static,ignoring_inline_asm
