../Core/Src/main.c:81:6:HAL_UART_RxHalfCpltCallback	152	static
../Core/Src/main.c:90:6:HAL_UART_RxCpltCallback	152	static
../Core/Src/main.c:98:6:command_callback	32	static
../Core/Src/main.c:125:5:main	56	static
../Core/Src/main.c:202:6:SystemClock_Config	72	static
../Core/Src/main.c:242:13:MX_SPI1_Init	8	static
../Core/Src/main.c:280:13:MX_USART3_UART_Init	8	static
../Core/Src/main.c:311:13:MX_DMA_Init	16	static
../Core/Src/main.c:329:13:MX_GPIO_Init	40	static
../Core/Src/main.c:394:6:Error_Handler	4	static,ignoring_inline_asm
