../Drivers/EPDDriver/epddriver.c:19:13:_EPD_Reset	8	static
../Drivers/EPDDriver/epddriver.c:28:13:_EPD_SendCommand	16	static
../Drivers/EPDDriver/epddriver.c:35:13:_EPD_SendData	16	static
../Drivers/EPDDriver/epddriver.c:42:13:_EPD_SendDataArray	24	static
../Drivers/EPDDriver/epddriver.c:48:6:_EPD_ReadBusy	8	static
../Drivers/EPDDriver/epddriver.c:56:13:_EPD_LUT	24	static
../Drivers/EPDDriver/epddriver.c:64:13:_EPD_LUT_by_host	16	static
../Drivers/EPDDriver/epddriver.c:78:13:_EPD_TurnOnDisplay	8	static
../Drivers/EPDDriver/epddriver.c:85:13:_EPD_TurnOnDisplay_Partial	8	static
../Drivers/EPDDriver/epddriver.c:92:13:_EPD_SetWindows	24	static
../Drivers/EPDDriver/epddriver.c:104:13:_EPD_SetCursor	16	static
../Drivers/EPDDriver/epddriver.c:113:6:EPD_AsyncIdle	16	static
../Drivers/EPDDriver/epddriver.c:118:6:EPD_AsyncState	16	static
../Drivers/EPDDriver/epddriver.c:123:6:EPD_AsyncProcess	24	static
../Drivers/EPDDriver/epddriver.c:216:6:EPD_Init	16	static
../Drivers/EPDDriver/epddriver.c:256:6:EPD_Clear	24	static
../Drivers/EPDDriver/epddriver.c:265:6:EPD_Display	24	static
../Drivers/EPDDriver/epddriver.c:274:6:EPD_Display_Partial	24	static
../Drivers/EPDDriver/epddriver.c:314:6:EPD_Sleep	16	static
