../Middlewares/ST/STM32_USB_Host_Library/Class/MSC/Src/usbh_msc.c:147:27:USBH_MSC_InterfaceInit	48	static
../Middlewares/ST/STM32_USB_Host_Library/Class/MSC/Src/usbh_msc.c:245:27:USBH_MSC_InterfaceDeInit	24	static
../Middlewares/ST/STM32_USB_Host_Library/Class/MSC/Src/usbh_msc.c:279:27:USBH_MSC_ClassRequest	24	static
../Middlewares/ST/STM32_USB_Host_Library/Class/MSC/Src/usbh_msc.c:335:27:USBH_MSC_Process	32	static
../Middlewares/ST/STM32_USB_Host_Library/Class/MSC/Src/usbh_msc.c:546:27:USBH_MSC_SOFProcess	16	static
../Middlewares/ST/STM32_USB_Host_Library/Class/MSC/Src/usbh_msc.c:560:27:USBH_MSC_RdWrProcess	40	static
../Middlewares/ST/STM32_USB_Host_Library/Class/MSC/Src/usbh_msc.c:681:10:USBH_MSC_IsReady	24	static
../Middlewares/ST/STM32_USB_Host_Library/Class/MSC/Src/usbh_msc.c:704:10:USBH_MSC_GetMaxLUN	24	static
../Middlewares/ST/STM32_USB_Host_Library/Class/MSC/Src/usbh_msc.c:723:10:USBH_MSC_UnitIsReady	24	static
../Middlewares/ST/STM32_USB_Host_Library/Class/MSC/Src/usbh_msc.c:747:20:USBH_MSC_GetLUNInfo	32	static
../Middlewares/ST/STM32_USB_Host_Library/Class/MSC/Src/usbh_msc.c:771:20:USBH_MSC_Read	40	static
../Middlewares/ST/STM32_USB_Host_Library/Class/MSC/Src/usbh_msc.c:818:20:USBH_MSC_Write	40	static
