usbh_conf.c:62:6:HAL_HCD_MspInit	48	static
usbh_conf.c:101:6:HAL_HCD_MspDeInit	8	static
usbh_conf.c:132:6:HAL_HCD_SOF_Callback	0	static
usbh_conf.c:142:6:HAL_HCD_Connect_Callback	0	static
usbh_conf.c:152:6:HAL_HCD_Disconnect_Callback	0	static
usbh_conf.c:164:6:HAL_HCD_HC_NotifyURBChange_Callback	0	static
usbh_conf.c:176:6:HAL_HCD_PortEnabled_Callback	0	static
usbh_conf.c:186:6:HAL_HCD_PortDisabled_Callback	0	static
usbh_conf.c:200:20:USBH_LL_Init	8	static
usbh_conf.c:229:20:USBH_LL_DeInit	8	static
usbh_conf.c:246:20:USBH_LL_Start	8	static
usbh_conf.c:263:20:USBH_LL_Stop	8	static
usbh_conf.c:280:19:USBH_LL_GetSpeed	8	static
usbh_conf.c:310:20:USBH_LL_ResetPort	8	static
usbh_conf.c:328:10:USBH_LL_GetLastXferSize	0	static
usbh_conf.c:344:20:USBH_LL_OpenPipe	24	static
usbh_conf.c:364:20:USBH_LL_ClosePipe	8	static
usbh_conf.c:403:20:USBH_LL_SubmitURB	24	static
usbh_conf.c:432:22:USBH_LL_GetURBState	0	static
usbh_conf.c:446:20:USBH_LL_DriverVBUS	8	static
usbh_conf.c:467:20:USBH_LL_SetToggle	0	static
usbh_conf.c:490:9:USBH_LL_GetToggle	0	static
usbh_conf.c:512:6:USBH_Delay	0	static
usbh_conf.c:522:20:USBH_Get_USB_Status	0	static
