Archive member included to satisfy reference by file (symbol)

c:/st/stm32cubeide_1.8.0/stm32cubeide/plugins/com.st.stm32cube.ide.mcu.externaltools.gnu-tools-for-stm32.10.3-2021.10.win32_1.0.0.202111181127/tools/bin/../lib/gcc/arm-none-eabi/10.3.1/../../../../arm-none-eabi/lib/thumb/v7e-m+fp/hard\libc_nano.a(lib_a-errno.o)
                              ./Core/Src/syscalls.o (__errno)
c:/st/stm32cubeide_1.8.0/stm32cubeide/plugins/com.st.stm32cube.ide.mcu.externaltools.gnu-tools-for-stm32.10.3-2021.10.win32_1.0.0.202111181127/tools/bin/../lib/gcc/arm-none-eabi/10.3.1/../../../../arm-none-eabi/lib/thumb/v7e-m+fp/hard\libc_nano.a(lib_a-exit.o)
                              c:/st/stm32cubeide_1.8.0/stm32cubeide/plugins/com.st.stm32cube.ide.mcu.externaltools.gnu-tools-for-stm32.10.3-2021.10.win32_1.0.0.202111181127/tools/bin/../lib/gcc/arm-none-eabi/10.3.1/../../../../arm-none-eabi/lib/thumb/v7e-m+fp/hard/crt0.o (exit)
c:/st/stm32cubeide_1.8.0/stm32cubeide/plugins/com.st.stm32cube.ide.mcu.externaltools.gnu-tools-for-stm32.10.3-2021.10.win32_1.0.0.202111181127/tools/bin/../lib/gcc/arm-none-eabi/10.3.1/../../../../arm-none-eabi/lib/thumb/v7e-m+fp/hard\libc_nano.a(lib_a-impure.o)
                              c:/st/stm32cubeide_1.8.0/stm32cubeide/plugins/com.st.stm32cube.ide.mcu.externaltools.gnu-tools-for-stm32.10.3-2021.10.win32_1.0.0.202111181127/tools/bin/../lib/gcc/arm-none-eabi/10.3.1/../../../../arm-none-eabi/lib/thumb/v7e-m+fp/hard\libc_nano.a(lib_a-exit.o) (_global_impure_ptr)
c:/st/stm32cubeide_1.8.0/stm32cubeide/plugins/com.st.stm32cube.ide.mcu.externaltools.gnu-tools-for-stm32.10.3-2021.10.win32_1.0.0.202111181127/tools/bin/../lib/gcc/arm-none-eabi/10.3.1/../../../../arm-none-eabi/lib/thumb/v7e-m+fp/hard\libc_nano.a(lib_a-init.o)
                              c:/st/stm32cubeide_1.8.0/stm32cubeide/plugins/com.st.stm32cube.ide.mcu.externaltools.gnu-tools-for-stm32.10.3-2021.10.win32_1.0.0.202111181127/tools/bin/../lib/gcc/arm-none-eabi/10.3.1/../../../../arm-none-eabi/lib/thumb/v7e-m+fp/hard/crt0.o (__libc_init_array)
c:/st/stm32cubeide_1.8.0/stm32cubeide/plugins/com.st.stm32cube.ide.mcu.externaltools.gnu-tools-for-stm32.10.3-2021.10.win32_1.0.0.202111181127/tools/bin/../lib/gcc/arm-none-eabi/10.3.1/../../../../arm-none-eabi/lib/thumb/v7e-m+fp/hard\libc_nano.a(lib_a-malloc.o)
                              ./Middlewares/ST/STM32_USB_Host_Library/Class/MSC/Src/usbh_msc.o (malloc)
c:/st/stm32cubeide_1.8.0/stm32cubeide/plugins/com.st.stm32cube.ide.mcu.externaltools.gnu-tools-for-stm32.10.3-2021.10.win32_1.0.0.202111181127/tools/bin/../lib/gcc/arm-none-eabi/10.3.1/../../../../arm-none-eabi/lib/thumb/v7e-m+fp/hard\libc_nano.a(lib_a-memcpy-stub.o)
                              ./Core/Src/main.o (memcpy)
c:/st/stm32cubeide_1.8.0/stm32cubeide/plugins/com.st.stm32cube.ide.mcu.externaltools.gnu-tools-for-stm32.10.3-2021.10.win32_1.0.0.202111181127/tools/bin/../lib/gcc/arm-none-eabi/10.3.1/../../../../arm-none-eabi/lib/thumb/v7e-m+fp/hard\libc_nano.a(lib_a-memset.o)
                              c:/st/stm32cubeide_1.8.0/stm32cubeide/plugins/com.st.stm32cube.ide.mcu.externaltools.gnu-tools-for-stm32.10.3-2021.10.win32_1.0.0.202111181127/tools/bin/../lib/gcc/arm-none-eabi/10.3.1/../../../../arm-none-eabi/lib/thumb/v7e-m+fp/hard/crt0.o (memset)
c:/st/stm32cubeide_1.8.0/stm32cubeide/plugins/com.st.stm32cube.ide.mcu.externaltools.gnu-tools-for-stm32.10.3-2021.10.win32_1.0.0.202111181127/tools/bin/../lib/gcc/arm-none-eabi/10.3.1/../../../../arm-none-eabi/lib/thumb/v7e-m+fp/hard\libc_nano.a(lib_a-nano-freer.o)
                              c:/st/stm32cubeide_1.8.0/stm32cubeide/plugins/com.st.stm32cube.ide.mcu.externaltools.gnu-tools-for-stm32.10.3-2021.10.win32_1.0.0.202111181127/tools/bin/../lib/gcc/arm-none-eabi/10.3.1/../../../../arm-none-eabi/lib/thumb/v7e-m+fp/hard\libc_nano.a(lib_a-malloc.o) (_free_r)
c:/st/stm32cubeide_1.8.0/stm32cubeide/plugins/com.st.stm32cube.ide.mcu.externaltools.gnu-tools-for-stm32.10.3-2021.10.win32_1.0.0.202111181127/tools/bin/../lib/gcc/arm-none-eabi/10.3.1/../../../../arm-none-eabi/lib/thumb/v7e-m+fp/hard\libc_nano.a(lib_a-nano-mallocr.o)
                              c:/st/stm32cubeide_1.8.0/stm32cubeide/plugins/com.st.stm32cube.ide.mcu.externaltools.gnu-tools-for-stm32.10.3-2021.10.win32_1.0.0.202111181127/tools/bin/../lib/gcc/arm-none-eabi/10.3.1/../../../../arm-none-eabi/lib/thumb/v7e-m+fp/hard\libc_nano.a(lib_a-malloc.o) (_malloc_r)
c:/st/stm32cubeide_1.8.0/stm32cubeide/plugins/com.st.stm32cube.ide.mcu.externaltools.gnu-tools-for-stm32.10.3-2021.10.win32_1.0.0.202111181127/tools/bin/../lib/gcc/arm-none-eabi/10.3.1/../../../../arm-none-eabi/lib/thumb/v7e-m+fp/hard\libc_nano.a(lib_a-sbrkr.o)
[...]
Memory Configuration

Name             Origin             Length             Attributes
CCMRAM           0x0000000010000000 0x0000000000010000 xrw
RAM              0x0000000020000000 0x0000000000020000 xrw
FLASH            0x0000000008000000 0x0000000000100000 xr
*default*        0x0000000000000000 0xffffffffffffffff

Linker script and memory map

LOAD c:/st/stm32cubeide_1.8.0/stm32cubeide/plugins/com.st.stm32cube.ide.mcu.externaltools.gnu-tools-for-stm32.10.3-2021.10.win32_1.0.0.202111181127/tools/bin/../lib/gcc/arm-none-eabi/10.3.1/thumb/v7e-m+fp/hard/crti.o
LOAD c:/st/stm32cubeide_1.8.0/stm32cubeide/plugins/com.st.stm32cube.ide.mcu.externaltools.gnu-tools-for-stm32.10.3-2021.10.win32_1.0.0.202111181127/tools/bin/../lib/gcc/arm-none-eabi/10.3.1/thumb/v7e-m+fp/hard/crtbegin.o
LOAD c:/st/stm32cubeide_1.8.0/stm32cubeide/plugins/com.st.stm32cube.ide.mcu.externaltools.gnu-tools-for-stm32.10.3-2021.10.win32_1.0.0.202111181127/tools/bin/../lib/gcc/arm-none-eabi/10.3.1/../../../../arm-none-eabi/lib/thumb/v7e-m+fp/hard/crt0.o
LOAD ./Core/Src/AUDIO.o
LOAD ./Core/Src/AUDIO_LINK.o
LOAD ./Core/Src/cs43l22.o
LOAD ./Core/Src/main.o
LOAD ./Core/Src/stm32f4xx_hal_msp.o
LOAD ./Core/Src/stm32f4xx_it.o
LOAD ./Core/Src/syscalls.o
LOAD ./Core/Src/sysmem.o
LOAD ./Core/Src/system_stm32f4xx.o
LOAD ./Core/Startup/startup_stm32f407vgtx.o
LOAD ./Drivers/STM32F4xx_HAL_Driver/Src/stm32f4xx_hal.o
LOAD ./Drivers/STM32F4xx_HAL_Driver/Src/stm32f4xx_hal_cortex.o
LOAD ./Drivers/STM32F4xx_HAL_Driver/Src/stm32f4xx_hal_dma.o
LOAD ./Drivers/STM32F4xx_HAL_Driver/Src/stm32f4xx_hal_dma_ex.o
LOAD ./Drivers/STM32F4xx_HAL_Driver/Src/stm32f4xx_hal_exti.o
LOAD ./Drivers/STM32F4xx_HAL_Driver/Src/stm32f4xx_hal_flash.o
LOAD ./Drivers/STM32F4xx_HAL_Driver/Src/stm32f4xx_hal_flash_ex.o
LOAD ./Drivers/STM32F4xx_HAL_Driver/Src/stm32f4xx_hal_flash_ramfunc.o
LOAD ./Drivers/STM32F4xx_HAL_Driver/Src/stm32f4xx_hal_gpio.o
LOAD ./Drivers/STM32F4xx_HAL_Driver/Src/stm32f4xx_hal_hcd.o
LOAD ./Drivers/STM32F4xx_HAL_Driver/Src/stm32f4xx_hal_i2c.o
LOAD ./Drivers/STM32F4xx_HAL_Driver/Src/stm32f4xx_hal_i2c_ex.o
LOAD ./Drivers/STM32F4xx_HAL_Driver/Src/stm32f4xx_hal_i2s.o
LOAD ./Drivers/STM32F4xx_HAL_Driver/Src/stm32f4xx_hal_i2s_ex.o
LOAD ./Drivers/STM32F4xx_HAL_Driver/Src/stm32f4xx_hal_pwr.o
LOAD ./Drivers/STM32F4xx_HAL_Driver/Src/stm32f4xx_hal_pwr_ex.o
LOAD ./Drivers/STM32F4xx_HAL_Driver/Src/stm32f4xx_hal_rcc.o
LOAD ./Drivers/STM32F4xx_HAL_Driver/Src/stm32f4xx_hal_rcc_ex.o
LOAD ./Drivers/STM32F4xx_HAL_Driver/Src/stm32f4xx_hal_tim.o
LOAD ./Drivers/STM32F4xx_HAL_Driver/Src/stm32f4xx_hal_tim_ex.o
LOAD ./Drivers/STM32F4xx_HAL_Driver/Src/stm32f4xx_hal_uart.o
LOAD ./Drivers/STM32F4xx_HAL_Driver/Src/stm32f4xx_ll_usb.o
LOAD ./FATFS/App/fatfs.o
LOAD ./FATFS/Target/usbh_diskio.o
LOAD ./Middlewares/ST/STM32_USB_Host_Library/Class/MSC/Src/usbh_msc.o
LOAD ./Middlewares/ST/STM32_USB_Host_Library/Class/MSC/Src/usbh_msc_bot.o
LOAD ./Middlewares/ST/STM32_USB_Host_Library/Class/MSC/Src/usbh_msc_scsi.o
LOAD ./Middlewares/ST/STM32_USB_Host_Library/Core/Src/usbh_core.o
LOAD ./Middlewares/ST/STM32_USB_Host_Library/Core/Src/usbh_ctlreq.o
LOAD ./Middlewares/ST/STM32_USB_Host_Library/Core/Src/usbh_ioreq.o
LOAD ./Middlewares/ST/STM32_USB_Host_Library/Core/Src/usbh_pipes.o
LOAD ./Middlewares/Third_Party/FatFs/src/diskio.o
LOAD ./Middlewares/Third_Party/FatFs/src/ff.o
LOAD ./Middlewares/Third_Party/FatFs/src/ff_gen_drv.o
LOAD ./Middlewares/Third_Party/FatFs/src/option/ccsbcs.o
LOAD ./Middlewares/Third_Party/FatFs/src/option/syscall.o
LOAD ./USB_HOST/App/usb_host.o
LOAD ./USB_HOST/Target/usbh_conf.o
LOAD ./USB_HOST/Target/usbh_platform.o
LOAD ./gt_common/Src/commander.o
LOAD ./gt_common/Src/menu.o
LOAD ./gt_common/Src/mode.o
LOAD ./gt_common/Src/pedalboard.o
START GROUP
LOAD c:/st/stm32cubeide_1.8.0/stm32cubeide/plugins/com.st.stm32cube.ide.mcu.externaltools.gnu-tools-for-stm32.10.3-2021.10.win32_1.0.0.202111181127/tools/bin/../lib/gcc/arm-none-eabi/10.3.1/../../../../arm-none-eabi/lib/thumb/v7e-m+fp/hard\libc_nano.a
LOAD c:/st/stm32cubeide_1.8.0/stm32cubeide/plugins/com.st.stm32cube.ide.mcu.externaltools.gnu-tools-for-stm32.10.3-2021.10.win32_1.0.0.202111181127/tools/bin/../lib/gcc/arm-none-eabi/10.3.1/../../../../arm-none-eabi/lib/thumb/v7e-m+fp/hard\libm.a
END GROUP
START GROUP
LOAD c:/st/stm32cubeide_1.8.0/stm32cubeide/plugins/com.st.stm32cube.ide.mcu.externaltools.gnu-tools-for-stm32.10.3-2021.10.win32_1.0.0.202111181127/tools/bin/../lib/gcc/arm-none-eabi/10.3.1/thumb/v7e-m+fp/hard\libgcc.a
LOAD c:/st/stm32cubeide_1.8.0/stm32cubeide/plugins/com.st.stm32cube.ide.mcu.externaltools.gnu-tools-for-stm32.10.3-2021.10.win32_1.0.0.202111181127/tools/bin/../lib/gcc/arm-none-eabi/10.3.1/../../../../arm-none-eabi/lib/thumb/v7e-m+fp/hard\libc_nano.a
END GROUP
START GROUP
LOAD c:/st/stm32cubeide_1.8.0/stm32cubeide/plugins/com.st.stm32cube.ide.mcu.externaltools.gnu-tools-for-stm32.10.3-2021.10.win32_1.0.0.202111181127/tools/bin/../lib/gcc/arm-none-eabi/10.3.1/thumb/v7e-m+fp/hard\libgcc.a
LOAD c:/st/stm32cubeide_1.8.0/stm32cubeide/plugins/com.st.stm32cube.ide.mcu.externaltools.gnu-tools-for-stm32.10.3-2021.10.win32_1.0.0.202111181127/tools/bin/../lib/gcc/arm-none-eabi/10.3.1/../../../../arm-none-eabi/lib/thumb/v7e-m+fp/hard\libc_nano.a
LOAD c:/st/stm32cubeide_1.8.0/stm32cubeide/plugins/com.st.stm32cube.ide.mcu.externaltools.gnu-tools-for-stm32.10.3-2021.10.win32_1.0.0.202111181127/tools/bin/../lib/gcc/arm-none-eabi/10.3.1/../../../../arm-none-eabi/lib/thumb/v7e-m+fp/hard\libnosys.a
END GROUP
START GROUP
LOAD c:/st/stm32cubeide_1.8.0/stm32cubeide/plugins/com.st.stm32cube.ide.mcu.externaltools.gnu-tools-for-stm32.10.3-2021.10.win32_1.0.0.202111181127/tools/bin/../lib/gcc/arm-none-eabi/10.3.1/thumb/v7e-m+fp/hard\libgcc.a
LOAD c:/st/stm32cubeide_1.8.0/stm32cubeide/plugins/com.st.stm32cube.ide.mcu.externaltools.gnu-tools-for-stm32.10.3-2021.10.win32_1.0.0.202111181127/tools/bin/../lib/gcc/arm-none-eabi/10.3.1/../../../../arm-none-eabi/lib/thumb/v7e-m+fp/hard\libc_nano.a
LOAD c:/st/stm32cubeide_1.8.0/stm32cubeide/plugins/com.st.stm32cube.ide.mcu.externaltools.gnu-tools-for-stm32.10.3-2021.10.win32_1.0.0.202111181127/tools/bin/../lib/gcc/arm-none-eabi/10.3.1/../../../../arm-none-eabi/lib/thumb/v7e-m+fp/hard\libnosys.a
END GROUP
LOAD c:/st/stm32cubeide_1.8.0/stm32cubeide/plugins/com.st.stm32cube.ide.mcu.externaltools.gnu-tools-for-stm32.10.3-2021.10.win32_1.0.0.202111181127/tools/bin/../lib/gcc/arm-none-eabi/10.3.1/thumb/v7e-m+fp/hard/crtend.o
LOAD c:/st/stm32cubeide_1.8.0/stm32cubeide/plugins/com.st.stm32cube.ide.mcu.externaltools.gnu-tools-for-stm32.10.3-2021.10.win32_1.0.0.202111181127/tools/bin/../lib/gcc/arm-none-eabi/10.3.1/thumb/v7e-m+fp/hard/crtn.o
                0x0000000020020000                _estack = (ORIGIN (RAM) + LENGTH (RAM))
                0x0000000000000200                _Min_Heap_Size = 0x200
                0x0000000000000400                _Min_Stack_Size = 0x400

.isr_vector     0x0000000008000000      0x188
                0x0000000008000000                . = ALIGN (0x4)
 *(.isr_vector)
 .isr_vector    0x0000000008000000      0x188 ./Core/Startup/startup_stm32f407vgtx.o
                0x0000000008000000                g_pfnVectors
                0x0000000008000188                . = ALIGN (0x4)

.text           0x0000000008000188     0x94f0
                0x0000000008000188                . = ALIGN (0x4)
 *(.text)
 .text          0x0000000008000188       0x40 c:/st/stm32cubeide_1.8.0/stm32cubeide/plugins/com.st.stm32cube.ide.mcu.externaltools.gnu-tools-for-stm32.10.3-2021.10.win32_1.0.0.202111181127/tools/bin/../lib/gcc/arm-none-eabi/10.3.1/thumb/v7e-m+fp/hard/crtbegin.o
 .text          0x00000000080001c8       0x30 c:/st/stm32cubeide_1.8.0/stm32cubeide/plugins/com.st.stm32cube.ide.mcu.externaltools.gnu-tools-for-stm32.10.3-2021.10.win32_1.0.0.202111181127/tools/bin/../lib/gcc/arm-none-eabi/10.3.1/thumb/v7e-m+fp/hard\libgcc.a(_aeabi_uldivmod.o)
                0x00000000080001c8                __aeabi_uldivmod
 .text          0x00000000080001f8      0x2d0 c:/st/stm32cubeide_1.8.0/stm32cubeide/plugins/com.st.stm32cube.ide.mcu.externaltools.gnu-tools-for-stm32.10.3-2021.10.win32_1.0.0.202111181127/tools/bin/../lib/gcc/arm-none-eabi/10.3.1/thumb/v7e-m+fp/hard\libgcc.a(_udivmoddi4.o)
                0x00000000080001f8                __udivmoddi4
 .text          0x00000000080004c8        0x4 c:/st/stm32cubeide_1.8.0/stm32cubeide/plugins/com.st.stm32cube.ide.mcu.externaltools.gnu-tools-for-stm32.10.3-2021.10.win32_1.0.0.202111181127/tools/bin/../lib/gcc/arm-none-eabi/10.3.1/thumb/v7e-m+fp/hard\libgcc.a(_dvmd_tls.o)
                0x00000000080004c8                __aeabi_idiv0
                0x00000000080004c8                __aeabi_ldiv0
 *(.text*)
 .text.HAL_I2S_TxCpltCallback
                0x00000000080004cc       0x18 ./Core/Src/AUDIO.o
                0x00000000080004cc                HAL_I2S_TxCpltCallback
 .text.HAL_I2S_TxHalfCpltCallback
                0x00000000080004e4       0x18 ./Core/Src/AUDIO.o
                0x00000000080004e4                HAL_I2S_TxHalfCpltCallback
 .text.AUDIO_OUT_Error_CallBack
                0x00000000080004fc        0x2 ./Core/Src/AUDIO.o
                0x00000000080004fc                AUDIO_OUT_Error_CallBack
 *fill*         0x00000000080004fe        0x2 
 .text.HAL_I2S_ErrorCallback
                0x0000000008000500       0x18 ./Core/Src/AUDIO.o
                0x0000000008000500                HAL_I2S_ErrorCallback
 .text.I2Cx_Init
                0x0000000008000518       0xc4 ./Core/Src/AUDIO_LINK.o
 .text.AUDIO_IO_Init
                0x00000000080005dc       0x68 ./Core/Src/AUDIO_LINK.o
                0x00000000080005dc                AUDIO_IO_Init
 .text.AUDIO_IO_Write
                0x0000000008000644       0x40 ./Core/Src/AUDIO_LINK.o
                0x0000000008000644                AUDIO_IO_Write
 .text.cs43l22_SetMute
                0x0000000008000684       0x54 ./Core/Src/cs43l22.o
                0x0000000008000684                cs43l22_SetMute
 .text.cs43l22_Play
                0x00000000080006d8       0x40 ./Core/Src/cs43l22.o
                0x00000000080006d8                cs43l22_Play
 .text.cs43l22_SetVolume
                0x0000000008000718       0x20 ./Core/Src/cs43l22.o
                0x0000000008000718                cs43l22_SetVolume
 .text.cs43l22_Init
                0x0000000008000738      0x148 ./Core/Src/cs43l22.o
                0x0000000008000738                cs43l22_Init
 .text.HAL_UART_RxHalfCpltCallback
                0x0000000008000880       0x20 ./Core/Src/main.o
                0x0000000008000880                HAL_UART_RxHalfCpltCallback
 .text.HAL_UART_RxCpltCallback
                0x00000000080008a0       0x20 ./Core/Src/main.o
                0x00000000080008a0                HAL_UART_RxCpltCallback
 .text.usb_save
                0x00000000080008c0       0x70 ./Core/Src/main.o
                0x00000000080008c0                usb_save
 .text.usb_load
                0x0000000008000930       0x84 ./Core/Src/main.o
                0x0000000008000930                usb_load
 .text.command_callback
                0x00000000080009b4      0x1b8 ./Core/Src/main.o
                0x00000000080009b4                command_callback
 .text.DSP      0x0000000008000b6c       0xac ./Core/Src/main.o
                0x0000000008000b6c                DSP
 .text.Mode_N_DSP
                0x0000000008000c18       0xa0 ./Core/Src/main.o
                0x0000000008000c18                Mode_N_DSP
 .text.HAL_I2S_RxHalfCpltCallback
                0x0000000008000cb8       0x44 ./Core/Src/main.o
                0x0000000008000cb8                HAL_I2S_RxHalfCpltCallback
 .text.HAL_I2S_RxCpltCallback
                0x0000000008000cfc       0x48 ./Core/Src/main.o
                0x0000000008000cfc                HAL_I2S_RxCpltCallback
 .text.AUDIO_OUT_HalfTransfer_CallBack
                0x0000000008000d44       0x28 ./Core/Src/main.o
                0x0000000008000d44                AUDIO_OUT_HalfTransfer_CallBack
 .text.AUDIO_OUT_TransferComplete_CallBack
                0x0000000008000d6c       0x28 ./Core/Src/main.o
                0x0000000008000d6c                AUDIO_OUT_TransferComplete_CallBack
 .text.SystemClock_Config
                0x0000000008000d94       0xa8 ./Core/Src/main.o
                0x0000000008000d94                SystemClock_Config
 .text.PeriphCommonClock_Config
                0x0000000008000e3c       0x26 ./Core/Src/main.o
                0x0000000008000e3c                PeriphCommonClock_Config
 *fill*         0x0000000008000e62        0x2 
 .text.main     0x0000000008000e64      0x330 ./Core/Src/main.o
                0x0000000008000e64                main
 .text.Error_Handler
                0x0000000008001194        0x4 ./Core/Src/main.o
                0x0000000008001194                Error_Handler
 .text.HAL_MspInit
                0x0000000008001198       0x38 ./Core/Src/stm32f4xx_hal_msp.o
                0x0000000008001198                HAL_MspInit
 .text.HAL_I2C_MspInit
                0x00000000080011d0       0x70 ./Core/Src/stm32f4xx_hal_msp.o
                0x00000000080011d0                HAL_I2C_MspInit
 .text.HAL_I2C_MspDeInit
                0x0000000008001240       0x3c ./Core/Src/stm32f4xx_hal_msp.o
                0x0000000008001240                HAL_I2C_MspDeInit
 .text.HAL_I2S_MspInit
                0x000000000800127c      0x1a4 ./Core/Src/stm32f4xx_hal_msp.o
                0x000000000800127c                HAL_I2S_MspInit
 .text.HAL_UART_MspInit
                0x0000000008001420       0xb0 ./Core/Src/stm32f4xx_hal_msp.o
                0x0000000008001420                HAL_UART_MspInit
 .text.NMI_Handler
                0x00000000080014d0        0x2 ./Core/Src/stm32f4xx_it.o
                0x00000000080014d0                NMI_Handler
 .text.HardFault_Handler
                0x00000000080014d2        0x2 ./Core/Src/stm32f4xx_it.o
                0x00000000080014d2                HardFault_Handler
 .text.MemManage_Handler
                0x00000000080014d4        0x2 ./Core/Src/stm32f4xx_it.o
                0x00000000080014d4                MemManage_Handler
 .text.BusFault_Handler
                0x00000000080014d6        0x2 ./Core/Src/stm32f4xx_it.o
                0x00000000080014d6                BusFault_Handler
 .text.UsageFault_Handler
                0x00000000080014d8        0x2 ./Core/Src/stm32f4xx_it.o
                0x00000000080014d8                UsageFault_Handler
 .text.SVC_Handler
                0x00000000080014da        0x2 ./Core/Src/stm32f4xx_it.o
                0x00000000080014da                SVC_Handler
 .text.DebugMon_Handler
                0x00000000080014dc        0x2 ./Core/Src/stm32f4xx_it.o
                0x00000000080014dc                DebugMon_Handler
 .text.PendSV_Handler
                0x00000000080014de        0x2 ./Core/Src/stm32f4xx_it.o
                0x00000000080014de                PendSV_Handler
 .text.SysTick_Handler
                0x00000000080014e0        0x8 ./Core/Src/stm32f4xx_it.o
                0x00000000080014e0                SysTick_Handler
 .text.DMA1_Stream3_IRQHandler
                0x00000000080014e8       0x10 ./Core/Src/stm32f4xx_it.o
                0x00000000080014e8                DMA1_Stream3_IRQHandler
 .text.DMA1_Stream5_IRQHandler
                0x00000000080014f8       0x10 ./Core/Src/stm32f4xx_it.o
                0x00000000080014f8                DMA1_Stream5_IRQHandler
 .text.DMA2_Stream2_IRQHandler
                0x0000000008001508       0x10 ./Core/Src/stm32f4xx_it.o
                0x0000000008001508                DMA2_Stream2_IRQHandler
 .text.OTG_FS_IRQHandler
                0x0000000008001518       0x10 ./Core/Src/stm32f4xx_it.o
                0x0000000008001518                OTG_FS_IRQHandler
 .text._sbrk    0x0000000008001528       0x48 ./Core/Src/sysmem.o
                0x0000000008001528                _sbrk
 .text.SystemInit
                0x0000000008001570       0x14 ./Core/Src/system_stm32f4xx.o
                0x0000000008001570                SystemInit
 .text.Reset_Handler
                0x0000000008001584       0x50 ./Core/Startup/startup_stm32f407vgtx.o
                0x0000000008001584                Reset_Handler
 .text.Default_Handler
                0x00000000080015d4        0x2 ./Core/Startup/startup_stm32f407vgtx.o
                0x00000000080015d4                RTC_Alarm_IRQHandler
                0x00000000080015d4                HASH_RNG_IRQHandler
                0x00000000080015d4                EXTI2_IRQHandler
                0x00000000080015d4                TIM8_CC_IRQHandler
                0x00000000080015d4                TIM1_CC_IRQHandler
                0x00000000080015d4                DMA2_Stream5_IRQHandler
                0x00000000080015d4                PVD_IRQHandler
                0x00000000080015d4                SDIO_IRQHandler
                0x00000000080015d4                TAMP_STAMP_IRQHandler
                0x00000000080015d4                CAN2_RX1_IRQHandler
                0x00000000080015d4                EXTI3_IRQHandler
                0x00000000080015d4                TIM8_TRG_COM_TIM14_IRQHandler
                0x00000000080015d4                TIM1_UP_TIM10_IRQHandler
                0x00000000080015d4                TIM8_UP_TIM13_IRQHandler
                0x00000000080015d4                I2C3_ER_IRQHandler
                0x00000000080015d4                EXTI0_IRQHandler
                0x00000000080015d4                I2C2_EV_IRQHandler
                0x00000000080015d4                DMA1_Stream2_IRQHandler
                0x00000000080015d4                CAN1_RX0_IRQHandler
                0x00000000080015d4                FPU_IRQHandler
                0x00000000080015d4                OTG_HS_WKUP_IRQHandler
                0x00000000080015d4                CAN2_SCE_IRQHandler
                0x00000000080015d4                SPI1_IRQHandler
                0x00000000080015d4                TIM6_DAC_IRQHandler
                0x00000000080015d4                TIM1_BRK_TIM9_IRQHandler
                0x00000000080015d4                DCMI_IRQHandler
                0x00000000080015d4                CAN2_RX0_IRQHandler
                0x00000000080015d4                DMA2_Stream3_IRQHandler
                0x00000000080015d4                USART6_IRQHandler
                0x00000000080015d4                USART3_IRQHandler
                0x00000000080015d4                CAN1_RX1_IRQHandler
                0x00000000080015d4                UART5_IRQHandler
                0x00000000080015d4                DMA2_Stream0_IRQHandler
                0x00000000080015d4                TIM4_IRQHandler
                0x00000000080015d4                I2C1_EV_IRQHandler
                0x00000000080015d4                DMA1_Stream6_IRQHandler
                0x00000000080015d4                DMA1_Stream1_IRQHandler
                0x00000000080015d4                UART4_IRQHandler
                0x00000000080015d4                TIM3_IRQHandler
                0x00000000080015d4                RCC_IRQHandler
                0x00000000080015d4                TIM8_BRK_TIM12_IRQHandler
                0x00000000080015d4                Default_Handler
                0x00000000080015d4                EXTI15_10_IRQHandler
                0x00000000080015d4                ADC_IRQHandler
                0x00000000080015d4                DMA1_Stream7_IRQHandler
                0x00000000080015d4                TIM7_IRQHandler
                0x00000000080015d4                CAN2_TX_IRQHandler
                0x00000000080015d4                TIM5_IRQHandler
                0x00000000080015d4                DMA2_Stream7_IRQHandler
                0x00000000080015d4                I2C3_EV_IRQHandler
                0x00000000080015d4                EXTI9_5_IRQHandler
                0x00000000080015d4                RTC_WKUP_IRQHandler
                0x00000000080015d4                ETH_WKUP_IRQHandler
                0x00000000080015d4                SPI2_IRQHandler
                0x00000000080015d4                OTG_HS_EP1_IN_IRQHandler
                0x00000000080015d4                DMA1_Stream0_IRQHandler
                0x00000000080015d4                CAN1_TX_IRQHandler
                0x00000000080015d4                EXTI4_IRQHandler
                0x00000000080015d4                FSMC_IRQHandler
                0x00000000080015d4                ETH_IRQHandler
                0x00000000080015d4                OTG_HS_EP1_OUT_IRQHandler
                0x00000000080015d4                WWDG_IRQHandler
                0x00000000080015d4                TIM2_IRQHandler
                0x00000000080015d4                OTG_FS_WKUP_IRQHandler
                0x00000000080015d4                TIM1_TRG_COM_TIM11_IRQHandler
                0x00000000080015d4                OTG_HS_IRQHandler
                0x00000000080015d4                EXTI1_IRQHandler
                0x00000000080015d4                USART2_IRQHandler
                0x00000000080015d4                I2C2_ER_IRQHandler
                0x00000000080015d4                DMA2_Stream1_IRQHandler
                0x00000000080015d4                CAN1_SCE_IRQHandler
                0x00000000080015d4                FLASH_IRQHandler
                0x00000000080015d4                DMA2_Stream4_IRQHandler
                0x00000000080015d4                USART1_IRQHandler
                0x00000000080015d4                SPI3_IRQHandler
                0x00000000080015d4                DMA1_Stream4_IRQHandler
                0x00000000080015d4                I2C1_ER_IRQHandler
                0x00000000080015d4                DMA2_Stream6_IRQHandler
 *fill*         0x00000000080015d6        0x2 
 .text.HAL_InitTick
                0x00000000080015d8       0x4c ./Drivers/STM32F4xx_HAL_Driver/Src/stm32f4xx_hal.o
                0x00000000080015d8                HAL_InitTick
 .text.HAL_Init
                0x0000000008001624       0x34 ./Drivers/STM32F4xx_HAL_Driver/Src/stm32f4xx_hal.o
                0x0000000008001624                HAL_Init
 .text.HAL_IncTick
                0x0000000008001658       0x18 ./Drivers/STM32F4xx_HAL_Driver/Src/stm32f4xx_hal.o
                0x0000000008001658                HAL_IncTick
 .text.HAL_GetTick
                0x0000000008001670        0xc ./Drivers/STM32F4xx_HAL_Driver/Src/stm32f4xx_hal.o
                0x0000000008001670                HAL_GetTick
 .text.HAL_Delay
                0x000000000800167c       0x28 ./Drivers/STM32F4xx_HAL_Driver/Src/stm32f4xx_hal.o
                0x000000000800167c                HAL_Delay
 .text.HAL_NVIC_SetPriorityGrouping
                0x00000000080016a4       0x24 ./Drivers/STM32F4xx_HAL_Driver/Src/stm32f4xx_hal_cortex.o
                0x00000000080016a4                HAL_NVIC_SetPriorityGrouping
 .text.HAL_NVIC_SetPriority
                0x00000000080016c8       0x6c ./Drivers/STM32F4xx_HAL_Driver/Src/stm32f4xx_hal_cortex.o
                0x00000000080016c8                HAL_NVIC_SetPriority
 .text.HAL_NVIC_EnableIRQ
                0x0000000008001734       0x1c ./Drivers/STM32F4xx_HAL_Driver/Src/stm32f4xx_hal_cortex.o
                0x0000000008001734                HAL_NVIC_EnableIRQ
 .text.HAL_SYSTICK_Config
                0x0000000008001750       0x28 ./Drivers/STM32F4xx_HAL_Driver/Src/stm32f4xx_hal_cortex.o
                0x0000000008001750                HAL_SYSTICK_Config
 .text.DMA_CalcBaseAndBitshift
                0x0000000008001778       0x40 ./Drivers/STM32F4xx_HAL_Driver/Src/stm32f4xx_hal_dma.o
 .text.HAL_DMA_Init
                0x00000000080017b8      0x130 ./Drivers/STM32F4xx_HAL_Driver/Src/stm32f4xx_hal_dma.o
                0x00000000080017b8                HAL_DMA_Init
 .text.HAL_DMA_Start_IT
                0x00000000080018e8       0x92 ./Drivers/STM32F4xx_HAL_Driver/Src/stm32f4xx_hal_dma.o
                0x00000000080018e8                HAL_DMA_Start_IT
 *fill*         0x000000000800197a        0x2 
 .text.HAL_DMA_IRQHandler
                0x000000000800197c      0x1dc ./Drivers/STM32F4xx_HAL_Driver/Src/stm32f4xx_hal_dma.o
                0x000000000800197c                HAL_DMA_IRQHandler
 .text.HAL_GPIO_Init
                0x0000000008001b58      0x20c ./Drivers/STM32F4xx_HAL_Driver/Src/stm32f4xx_hal_gpio.o
                0x0000000008001b58                HAL_GPIO_Init
 .text.HAL_GPIO_DeInit
                0x0000000008001d64      0x158 ./Drivers/STM32F4xx_HAL_Driver/Src/stm32f4xx_hal_gpio.o
                0x0000000008001d64                HAL_GPIO_DeInit
 .text.HAL_GPIO_WritePin
                0x0000000008001ebc        0xc ./Drivers/STM32F4xx_HAL_Driver/Src/stm32f4xx_hal_gpio.o
                0x0000000008001ebc                HAL_GPIO_WritePin
 .text.HAL_HCD_HC_Init
                0x0000000008001ec8       0x6a ./Drivers/STM32F4xx_HAL_Driver/Src/stm32f4xx_hal_hcd.o
                0x0000000008001ec8                HAL_HCD_HC_Init
 .text.HAL_HCD_HC_Halt
                0x0000000008001f32       0x24 ./Drivers/STM32F4xx_HAL_Driver/Src/stm32f4xx_hal_hcd.o
                0x0000000008001f32                HAL_HCD_HC_Halt
 .text.HAL_HCD_Init
                0x0000000008001f56       0xa4 ./Drivers/STM32F4xx_HAL_Driver/Src/stm32f4xx_hal_hcd.o
                0x0000000008001f56                HAL_HCD_Init
 .text.HAL_HCD_HC_SubmitRequest
                0x0000000008001ffa      0x176 ./Drivers/STM32F4xx_HAL_Driver/Src/stm32f4xx_hal_hcd.o
                0x0000000008001ffa                HAL_HCD_HC_SubmitRequest
 .text.HAL_HCD_IRQHandler
                0x0000000008002170      0x7be ./Drivers/STM32F4xx_HAL_Driver/Src/stm32f4xx_hal_hcd.o
                0x0000000008002170                HAL_HCD_IRQHandler
 .text.HAL_HCD_Start
                0x000000000800292e       0x2a ./Drivers/STM32F4xx_HAL_Driver/Src/stm32f4xx_hal_hcd.o
                0x000000000800292e                HAL_HCD_Start
 .text.HAL_HCD_Stop
                0x0000000008002958       0x24 ./Drivers/STM32F4xx_HAL_Driver/Src/stm32f4xx_hal_hcd.o
                0x0000000008002958                HAL_HCD_Stop
 .text.HAL_HCD_ResetPort
                0x000000000800297c        0xa ./Drivers/STM32F4xx_HAL_Driver/Src/stm32f4xx_hal_hcd.o
                0x000000000800297c                HAL_HCD_ResetPort
 .text.HAL_HCD_HC_GetURBState
                0x0000000008002986        0xc ./Drivers/STM32F4xx_HAL_Driver/Src/stm32f4xx_hal_hcd.o
                0x0000000008002986                HAL_HCD_HC_GetURBState
 .text.HAL_HCD_HC_GetXferCount
                0x0000000008002992        0xa ./Drivers/STM32F4xx_HAL_Driver/Src/stm32f4xx_hal_hcd.o
                0x0000000008002992                HAL_HCD_HC_GetXferCount
 .text.HAL_HCD_GetCurrentFrame
                0x000000000800299c        0xa ./Drivers/STM32F4xx_HAL_Driver/Src/stm32f4xx_hal_hcd.o
                0x000000000800299c                HAL_HCD_GetCurrentFrame
 .text.HAL_HCD_GetCurrentSpeed
                0x00000000080029a6        0xa ./Drivers/STM32F4xx_HAL_Driver/Src/stm32f4xx_hal_hcd.o
                0x00000000080029a6                HAL_HCD_GetCurrentSpeed
 .text.I2C_IsAcknowledgeFailed
                0x00000000080029b0       0x32 ./Drivers/STM32F4xx_HAL_Driver/Src/stm32f4xx_hal_i2c.o
 .text.I2C_WaitOnFlagUntilTimeout
                0x00000000080029e2       0x6a ./Drivers/STM32F4xx_HAL_Driver/Src/stm32f4xx_hal_i2c.o
 .text.I2C_WaitOnMasterAddressFlagUntilTimeout
                0x0000000008002a4c       0xa6 ./Drivers/STM32F4xx_HAL_Driver/Src/stm32f4xx_hal_i2c.o
 .text.I2C_WaitOnTXEFlagUntilTimeout
                0x0000000008002af2       0x54 ./Drivers/STM32F4xx_HAL_Driver/Src/stm32f4xx_hal_i2c.o
 *fill*         0x0000000008002b46        0x2 
 .text.I2C_RequestMemoryWrite
                0x0000000008002b48       0xe0 ./Drivers/STM32F4xx_HAL_Driver/Src/stm32f4xx_hal_i2c.o
 .text.I2C_WaitOnBTFFlagUntilTimeout
                0x0000000008002c28       0x54 ./Drivers/STM32F4xx_HAL_Driver/Src/stm32f4xx_hal_i2c.o
 .text.HAL_I2C_Init
                0x0000000008002c7c      0x184 ./Drivers/STM32F4xx_HAL_Driver/Src/stm32f4xx_hal_i2c.o
                0x0000000008002c7c                HAL_I2C_Init
 .text.HAL_I2C_DeInit
                0x0000000008002e00       0x32 ./Drivers/STM32F4xx_HAL_Driver/Src/stm32f4xx_hal_i2c.o
                0x0000000008002e00                HAL_I2C_DeInit
 *fill*         0x0000000008002e32        0x2 
 .text.HAL_I2C_Mem_Write
                0x0000000008002e34      0x16c ./Drivers/STM32F4xx_HAL_Driver/Src/stm32f4xx_hal_i2c.o
                0x0000000008002e34                HAL_I2C_Mem_Write
 .text.HAL_I2C_GetState
                0x0000000008002fa0        0x6 ./Drivers/STM32F4xx_HAL_Driver/Src/stm32f4xx_hal_i2c.o
                0x0000000008002fa0                HAL_I2C_GetState
 *fill*         0x0000000008002fa6        0x2 
 .text.HAL_I2S_Init
                0x0000000008002fa8      0x184 ./Drivers/STM32F4xx_HAL_Driver/Src/stm32f4xx_hal_i2s.o
                0x0000000008002fa8                HAL_I2S_Init
 .text.HAL_I2S_Transmit_DMA
                0x000000000800312c       0xdc ./Drivers/STM32F4xx_HAL_Driver/Src/stm32f4xx_hal_i2s.o
                0x000000000800312c                HAL_I2S_Transmit_DMA
 .text.HAL_I2S_Receive_DMA
                0x0000000008003208       0xfc ./Drivers/STM32F4xx_HAL_Driver/Src/stm32f4xx_hal_i2s.o
                0x0000000008003208                HAL_I2S_Receive_DMA
 .text.I2S_DMATxHalfCplt
                0x0000000008003304        0xa ./Drivers/STM32F4xx_HAL_Driver/Src/stm32f4xx_hal_i2s.o
 .text.I2S_DMATxCplt
                0x000000000800330e       0x24 ./Drivers/STM32F4xx_HAL_Driver/Src/stm32f4xx_hal_i2s.o
 .text.I2S_DMARxHalfCplt
                0x0000000008003332        0xa ./Drivers/STM32F4xx_HAL_Driver/Src/stm32f4xx_hal_i2s.o
 .text.I2S_DMARxCplt
                0x000000000800333c       0x24 ./Drivers/STM32F4xx_HAL_Driver/Src/stm32f4xx_hal_i2s.o
 .text.I2S_IRQHandler
                0x0000000008003360      0x128 ./Drivers/STM32F4xx_HAL_Driver/Src/stm32f4xx_hal_i2s.o
 .text.I2S_DMAError
                0x0000000008003488       0x28 ./Drivers/STM32F4xx_HAL_Driver/Src/stm32f4xx_hal_i2s.o
 .text.HAL_I2SEx_TxRxCpltCallback
                0x00000000080034b0        0x2 ./Drivers/STM32F4xx_HAL_Driver/Src/stm32f4xx_hal_i2s_ex.o
                0x00000000080034b0                HAL_I2SEx_TxRxCpltCallback
 *fill*         0x00000000080034b2        0x2 
 .text.HAL_I2SEx_FullDuplex_IRQHandler
                0x00000000080034b4      0x2c0 ./Drivers/STM32F4xx_HAL_Driver/Src/stm32f4xx_hal_i2s_ex.o
                0x00000000080034b4                HAL_I2SEx_FullDuplex_IRQHandler
 .text.HAL_RCC_OscConfig
                0x0000000008003774      0x3f8 ./Drivers/STM32F4xx_HAL_Driver/Src/stm32f4xx_hal_rcc.o
                0x0000000008003774                HAL_RCC_OscConfig
 .text.HAL_RCC_GetSysClockFreq
                0x0000000008003b6c       0xd4 ./Drivers/STM32F4xx_HAL_Driver/Src/stm32f4xx_hal_rcc.o
                0x0000000008003b6c                HAL_RCC_GetSysClockFreq
 .text.HAL_RCC_ClockConfig
                0x0000000008003c40      0x164 ./Drivers/STM32F4xx_HAL_Driver/Src/stm32f4xx_hal_rcc.o
                0x0000000008003c40                HAL_RCC_ClockConfig
 .text.HAL_RCC_GetPCLK1Freq
                0x0000000008003da4       0x20 ./Drivers/STM32F4xx_HAL_Driver/Src/stm32f4xx_hal_rcc.o
                0x0000000008003da4                HAL_RCC_GetPCLK1Freq
 .text.HAL_RCC_GetPCLK2Freq
                0x0000000008003dc4       0x20 ./Drivers/STM32F4xx_HAL_Driver/Src/stm32f4xx_hal_rcc.o
                0x0000000008003dc4                HAL_RCC_GetPCLK2Freq
 .text.HAL_RCCEx_PeriphCLKConfig
                0x0000000008003de4      0x154 ./Drivers/STM32F4xx_HAL_Driver/Src/stm32f4xx_hal_rcc_ex.o
                0x0000000008003de4                HAL_RCCEx_PeriphCLKConfig
 .text.HAL_RCCEx_GetPeriphCLKFreq
                0x0000000008003f38       0x58 ./Drivers/STM32F4xx_HAL_Driver/Src/stm32f4xx_hal_rcc_ex.o
                0x0000000008003f38                HAL_RCCEx_GetPeriphCLKFreq
 .text.UART_EndRxTransfer
                0x0000000008003f90       0x5c ./Drivers/STM32F4xx_HAL_Driver/Src/stm32f4xx_hal_uart.o
 .text.UART_SetConfig
                0x0000000008003fec      0x104 ./Drivers/STM32F4xx_HAL_Driver/Src/stm32f4xx_hal_uart.o
 .text.UART_WaitOnFlagUntilTimeout
                0x00000000080040f0       0x88 ./Drivers/STM32F4xx_HAL_Driver/Src/stm32f4xx_hal_uart.o
 .text.HAL_UART_Init
                0x0000000008004178       0x5e ./Drivers/STM32F4xx_HAL_Driver/Src/stm32f4xx_hal_uart.o
                0x0000000008004178                HAL_UART_Init
 .text.HAL_UART_Transmit
                0x00000000080041d6       0xe4 ./Drivers/STM32F4xx_HAL_Driver/Src/stm32f4xx_hal_uart.o
                0x00000000080041d6                HAL_UART_Transmit
 .text.HAL_UART_DMAPause
                0x00000000080042ba       0xa8 ./Drivers/STM32F4xx_HAL_Driver/Src/stm32f4xx_hal_uart.o
                0x00000000080042ba                HAL_UART_DMAPause
 .text.HAL_UART_DMAResume
                0x0000000008004362       0xb4 ./Drivers/STM32F4xx_HAL_Driver/Src/stm32f4xx_hal_uart.o
                0x0000000008004362                HAL_UART_DMAResume
 .text.HAL_UART_ErrorCallback
                0x0000000008004416        0x2 ./Drivers/STM32F4xx_HAL_Driver/Src/stm32f4xx_hal_uart.o
                0x0000000008004416                HAL_UART_ErrorCallback
 .text.UART_DMAError
                0x0000000008004418       0x6c ./Drivers/STM32F4xx_HAL_Driver/Src/stm32f4xx_hal_uart.o
 .text.HAL_UARTEx_RxEventCallback
                0x0000000008004484        0x2 ./Drivers/STM32F4xx_HAL_Driver/Src/stm32f4xx_hal_uart.o
                0x0000000008004484                HAL_UARTEx_RxEventCallback
 .text.UART_DMARxHalfCplt
                0x0000000008004486       0x1a ./Drivers/STM32F4xx_HAL_Driver/Src/stm32f4xx_hal_uart.o
 .text.UART_DMAReceiveCplt
                0x00000000080044a0       0x96 ./Drivers/STM32F4xx_HAL_Driver/Src/stm32f4xx_hal_uart.o
 *fill*         0x0000000008004536        0x2 
 .text.UART_Start_Receive_DMA
                0x0000000008004538       0xa8 ./Drivers/STM32F4xx_HAL_Driver/Src/stm32f4xx_hal_uart.o
                0x0000000008004538                UART_Start_Receive_DMA
 .text.HAL_UART_Receive_DMA
                0x00000000080045e0       0x38 ./Drivers/STM32F4xx_HAL_Driver/Src/stm32f4xx_hal_uart.o
                0x00000000080045e0                HAL_UART_Receive_DMA
 .text.USB_CoreReset
                0x0000000008004618       0x50 ./Drivers/STM32F4xx_HAL_Driver/Src/stm32f4xx_ll_usb.o
 .text.USB_CoreInit
                0x0000000008004668       0x8a ./Drivers/STM32F4xx_HAL_Driver/Src/stm32f4xx_ll_usb.o
                0x0000000008004668                USB_CoreInit
 .text.USB_EnableGlobalInt
                0x00000000080046f2        0xc ./Drivers/STM32F4xx_HAL_Driver/Src/stm32f4xx_ll_usb.o
                0x00000000080046f2                USB_EnableGlobalInt
 .text.USB_DisableGlobalInt
                0x00000000080046fe        0xc ./Drivers/STM32F4xx_HAL_Driver/Src/stm32f4xx_ll_usb.o
                0x00000000080046fe                USB_DisableGlobalInt
 .text.USB_SetCurrentMode
                0x000000000800470a       0x62 ./Drivers/STM32F4xx_HAL_Driver/Src/stm32f4xx_ll_usb.o
                0x000000000800470a                USB_SetCurrentMode
 .text.USB_FlushTxFifo
                0x000000000800476c       0x50 ./Drivers/STM32F4xx_HAL_Driver/Src/stm32f4xx_ll_usb.o
                0x000000000800476c                USB_FlushTxFifo
 .text.USB_FlushRxFifo
                0x00000000080047bc       0x4c ./Drivers/STM32F4xx_HAL_Driver/Src/stm32f4xx_ll_usb.o
                0x00000000080047bc                USB_FlushRxFifo
 .text.USB_WritePacket
                0x0000000008004808       0x2e ./Drivers/STM32F4xx_HAL_Driver/Src/stm32f4xx_ll_usb.o
                0x0000000008004808                USB_WritePacket
 .text.USB_ReadPacket
                0x0000000008004836       0x4a ./Drivers/STM32F4xx_HAL_Driver/Src/stm32f4xx_ll_usb.o
                0x0000000008004836                USB_ReadPacket
 .text.USB_ReadInterrupts
                0x0000000008004880        0x8 ./Drivers/STM32F4xx_HAL_Driver/Src/stm32f4xx_ll_usb.o
                0x0000000008004880                USB_ReadInterrupts
 .text.USB_GetMode
                0x0000000008004888        0x8 ./Drivers/STM32F4xx_HAL_Driver/Src/stm32f4xx_ll_usb.o
                0x0000000008004888                USB_GetMode
 .text.USB_HostInit
                0x0000000008004890       0xec ./Drivers/STM32F4xx_HAL_Driver/Src/stm32f4xx_ll_usb.o
                0x0000000008004890                USB_HostInit
 .text.USB_InitFSLSPClkSel
                0x000000000800497c       0x3c ./Drivers/STM32F4xx_HAL_Driver/Src/stm32f4xx_ll_usb.o
                0x000000000800497c                USB_InitFSLSPClkSel
 .text.USB_ResetPort
                0x00000000080049b8       0x3e ./Drivers/STM32F4xx_HAL_Driver/Src/stm32f4xx_ll_usb.o
                0x00000000080049b8                USB_ResetPort
 .text.USB_DriveVbus
                0x00000000080049f6       0x48 ./Drivers/STM32F4xx_HAL_Driver/Src/stm32f4xx_ll_usb.o
                0x00000000080049f6                USB_DriveVbus
 .text.USB_GetHostSpeed
                0x0000000008004a3e       0x16 ./Drivers/STM32F4xx_HAL_Driver/Src/stm32f4xx_ll_usb.o
                0x0000000008004a3e                USB_GetHostSpeed
 .text.USB_GetCurrentFrame
                0x0000000008004a54        0xa ./Drivers/STM32F4xx_HAL_Driver/Src/stm32f4xx_ll_usb.o
                0x0000000008004a54                USB_GetCurrentFrame
 .text.USB_HC_Init
                0x0000000008004a5e      0x162 ./Drivers/STM32F4xx_HAL_Driver/Src/stm32f4xx_ll_usb.o
                0x0000000008004a5e                USB_HC_Init
 .text.USB_HC_ReadInterrupt
                0x0000000008004bc0        0xa ./Drivers/STM32F4xx_HAL_Driver/Src/stm32f4xx_ll_usb.o
                0x0000000008004bc0                USB_HC_ReadInterrupt
 .text.USB_HC_Halt
                0x0000000008004bca       0xdc ./Drivers/STM32F4xx_HAL_Driver/Src/stm32f4xx_ll_usb.o
                0x0000000008004bca                USB_HC_Halt
 *fill*         0x0000000008004ca6        0x2 
 .text.USB_DoPing
                0x0000000008004ca8       0x24 ./Drivers/STM32F4xx_HAL_Driver/Src/stm32f4xx_ll_usb.o
                0x0000000008004ca8                USB_DoPing
 .text.USB_HC_StartXfer
                0x0000000008004ccc      0x156 ./Drivers/STM32F4xx_HAL_Driver/Src/stm32f4xx_ll_usb.o
                0x0000000008004ccc                USB_HC_StartXfer
 .text.USB_StopHost
                0x0000000008004e22       0x8a ./Drivers/STM32F4xx_HAL_Driver/Src/stm32f4xx_ll_usb.o
                0x0000000008004e22                USB_StopHost
 .text.MX_FATFS_Init
                0x0000000008004eac       0x1c ./FATFS/App/fatfs.o
                0x0000000008004eac                MX_FATFS_Init
 .text.get_fattime
                0x0000000008004ec8        0x4 ./FATFS/App/fatfs.o
                0x0000000008004ec8                get_fattime
 .text.USBH_initialize
                0x0000000008004ecc        0x4 ./FATFS/Target/usbh_diskio.o
                0x0000000008004ecc                USBH_initialize
 .text.USBH_status
                0x0000000008004ed0       0x18 ./FATFS/Target/usbh_diskio.o
                0x0000000008004ed0                USBH_status
 .text.USBH_read
                0x0000000008004ee8       0x44 ./FATFS/Target/usbh_diskio.o
                0x0000000008004ee8                USBH_read
 .text.USBH_ioctl
                0x0000000008004f2c       0x6c ./FATFS/Target/usbh_diskio.o
                0x0000000008004f2c                USBH_ioctl
 .text.USBH_write
                0x0000000008004f98       0x50 ./FATFS/Target/usbh_diskio.o
                0x0000000008004f98                USBH_write
 .text.USBH_MSC_SOFProcess
                0x0000000008004fe8        0x4 ./Middlewares/ST/STM32_USB_Host_Library/Class/MSC/Src/usbh_msc.o
 .text.USBH_MSC_Process
                0x0000000008004fec      0x27a ./Middlewares/ST/STM32_USB_Host_Library/Class/MSC/Src/usbh_msc.o
 .text.USBH_MSC_ClassRequest
                0x0000000008005266       0x78 ./Middlewares/ST/STM32_USB_Host_Library/Class/MSC/Src/usbh_msc.o
 .text.USBH_MSC_InterfaceDeInit
                0x00000000080052de       0x56 ./Middlewares/ST/STM32_USB_Host_Library/Class/MSC/Src/usbh_msc.o
 .text.USBH_MSC_InterfaceInit
                0x0000000008005334      0x142 ./Middlewares/ST/STM32_USB_Host_Library/Class/MSC/Src/usbh_msc.o
 .text.USBH_MSC_RdWrProcess
                0x0000000008005476       0xee ./Middlewares/ST/STM32_USB_Host_Library/Class/MSC/Src/usbh_msc.o
 .text.USBH_MSC_UnitIsReady
                0x0000000008005564       0x24 ./Middlewares/ST/STM32_USB_Host_Library/Class/MSC/Src/usbh_msc.o
                0x0000000008005564                USBH_MSC_UnitIsReady
 .text.USBH_MSC_GetLUNInfo
                0x0000000008005588       0x4a ./Middlewares/ST/STM32_USB_Host_Library/Class/MSC/Src/usbh_msc.o
                0x0000000008005588                USBH_MSC_GetLUNInfo
 .text.USBH_MSC_Read
                0x00000000080055d2       0xa0 ./Middlewares/ST/STM32_USB_Host_Library/Class/MSC/Src/usbh_msc.o
                0x00000000080055d2                USBH_MSC_Read
 .text.USBH_MSC_Write
                0x0000000008005672       0xa0 ./Middlewares/ST/STM32_USB_Host_Library/Class/MSC/Src/usbh_msc.o
                0x0000000008005672                USBH_MSC_Write
 .text.USBH_MSC_BOT_REQ_Reset
                0x0000000008005712       0x1a ./Middlewares/ST/STM32_USB_Host_Library/Class/MSC/Src/usbh_msc_bot.o
                0x0000000008005712                USBH_MSC_BOT_REQ_Reset
 .text.USBH_MSC_BOT_REQ_GetMaxLUN
                0x000000000800572c       0x1a ./Middlewares/ST/STM32_USB_Host_Library/Class/MSC/Src/usbh_msc_bot.o
                0x000000000800572c                USBH_MSC_BOT_REQ_GetMaxLUN
 *fill*         0x0000000008005746        0x2 
 .text.USBH_MSC_BOT_Init
                0x0000000008005748       0x24 ./Middlewares/ST/STM32_USB_Host_Library/Class/MSC/Src/usbh_msc_bot.o
                0x0000000008005748                USBH_MSC_BOT_Init
 .text.USBH_MSC_BOT_Process
                0x000000000800576c      0x26c ./Middlewares/ST/STM32_USB_Host_Library/Class/MSC/Src/usbh_msc_bot.o
                0x000000000800576c                USBH_MSC_BOT_Process
 .text.USBH_MSC_SCSI_TestUnitReady
                0x00000000080059d8       0x4e ./Middlewares/ST/STM32_USB_Host_Library/Class/MSC/Src/usbh_msc_scsi.o
                0x00000000080059d8                USBH_MSC_SCSI_TestUnitReady
 .text.USBH_MSC_SCSI_ReadCapacity
                0x0000000008005a26       0x8e ./Middlewares/ST/STM32_USB_Host_Library/Class/MSC/Src/usbh_msc_scsi.o
                0x0000000008005a26                USBH_MSC_SCSI_ReadCapacity
 .text.USBH_MSC_SCSI_Inquiry
                0x0000000008005ab4       0xca ./Middlewares/ST/STM32_USB_Host_Library/Class/MSC/Src/usbh_msc_scsi.o
                0x0000000008005ab4                USBH_MSC_SCSI_Inquiry
 .text.USBH_MSC_SCSI_RequestSense
                0x0000000008005b7e       0x8c ./Middlewares/ST/STM32_USB_Host_Library/Class/MSC/Src/usbh_msc_scsi.o
                0x0000000008005b7e                USBH_MSC_SCSI_RequestSense
 .text.USBH_MSC_SCSI_Write
                0x0000000008005c0a       0x8c ./Middlewares/ST/STM32_USB_Host_Library/Class/MSC/Src/usbh_msc_scsi.o
                0x0000000008005c0a                USBH_MSC_SCSI_Write
 .text.USBH_MSC_SCSI_Read
                0x0000000008005c96       0x8c ./Middlewares/ST/STM32_USB_Host_Library/Class/MSC/Src/usbh_msc_scsi.o
                0x0000000008005c96                USBH_MSC_SCSI_Read
 .text.DeInitStateMachine
                0x0000000008005d22       0x5a ./Middlewares/ST/STM32_USB_Host_Library/Core/Src/usbh_core.o
 .text.USBH_Init
                0x0000000008005d7c       0x3e ./Middlewares/ST/STM32_USB_Host_Library/Core/Src/usbh_core.o
                0x0000000008005d7c                USBH_Init
 .text.USBH_RegisterClass
                0x0000000008005dba       0x1e ./Middlewares/ST/STM32_USB_Host_Library/Core/Src/usbh_core.o
                0x0000000008005dba                USBH_RegisterClass
 .text.USBH_SelectInterface
                0x0000000008005dd8       0x12 ./Middlewares/ST/STM32_USB_Host_Library/Core/Src/usbh_core.o
                0x0000000008005dd8                USBH_SelectInterface
 .text.USBH_FindInterface
                0x0000000008005dea       0x48 ./Middlewares/ST/STM32_USB_Host_Library/Core/Src/usbh_core.o
                0x0000000008005dea                USBH_FindInterface
 .text.USBH_Start
                0x0000000008005e32       0x14 ./Middlewares/ST/STM32_USB_Host_Library/Core/Src/usbh_core.o
                0x0000000008005e32                USBH_Start
 .text.USBH_Process
                0x0000000008005e46      0x4c2 ./Middlewares/ST/STM32_USB_Host_Library/Core/Src/usbh_core.o
                0x0000000008005e46                USBH_Process
 .text.USBH_LL_SetTimer
                0x0000000008006308        0x6 ./Middlewares/ST/STM32_USB_Host_Library/Core/Src/usbh_core.o
                0x0000000008006308                USBH_LL_SetTimer
 .text.USBH_LL_IncTimer
                0x000000000800630e       0x24 ./Middlewares/ST/STM32_USB_Host_Library/Core/Src/usbh_core.o
                0x000000000800630e                USBH_LL_IncTimer
 .text.USBH_LL_PortEnabled
                0x0000000008006332        0x8 ./Middlewares/ST/STM32_USB_Host_Library/Core/Src/usbh_core.o
                0x0000000008006332                USBH_LL_PortEnabled
 .text.USBH_LL_PortDisabled
                0x000000000800633a        0x8 ./Middlewares/ST/STM32_USB_Host_Library/Core/Src/usbh_core.o
                0x000000000800633a                USBH_LL_PortDisabled
 .text.USBH_LL_Connect
                0x0000000008006342       0x14 ./Middlewares/ST/STM32_USB_Host_Library/Core/Src/usbh_core.o
                0x0000000008006342                USBH_LL_Connect
 .text.USBH_LL_Disconnect
                0x0000000008006356       0x2c ./Middlewares/ST/STM32_USB_Host_Library/Core/Src/usbh_core.o
                0x0000000008006356                USBH_LL_Disconnect
 .text.USBH_CtlReq
                0x0000000008006382      0x1b6 ./Middlewares/ST/STM32_USB_Host_Library/Core/Src/usbh_ctlreq.o
                0x0000000008006382                USBH_CtlReq
 .text.USBH_GetDescriptor
                0x0000000008006538       0x3e ./Middlewares/ST/STM32_USB_Host_Library/Core/Src/usbh_ctlreq.o
                0x0000000008006538                USBH_GetDescriptor
 .text.USBH_Get_DevDesc
                0x0000000008006576       0xdc ./Middlewares/ST/STM32_USB_Host_Library/Core/Src/usbh_ctlreq.o
                0x0000000008006576                USBH_Get_DevDesc
 .text.USBH_Get_CfgDesc
                0x0000000008006652      0x238 ./Middlewares/ST/STM32_USB_Host_Library/Core/Src/usbh_ctlreq.o
                0x0000000008006652                USBH_Get_CfgDesc
 .text.USBH_Get_StringDesc
                0x000000000800688a       0x52 ./Middlewares/ST/STM32_USB_Host_Library/Core/Src/usbh_ctlreq.o
                0x000000000800688a                USBH_Get_StringDesc
 .text.USBH_SetAddress
                0x00000000080068dc       0x22 ./Middlewares/ST/STM32_USB_Host_Library/Core/Src/usbh_ctlreq.o
                0x00000000080068dc                USBH_SetAddress
 .text.USBH_SetCfg
                0x00000000080068fe       0x22 ./Middlewares/ST/STM32_USB_Host_Library/Core/Src/usbh_ctlreq.o
                0x00000000080068fe                USBH_SetCfg
 .text.USBH_SetFeature
                0x0000000008006920       0x22 ./Middlewares/ST/STM32_USB_Host_Library/Core/Src/usbh_ctlreq.o
                0x0000000008006920                USBH_SetFeature
 .text.USBH_ClrFeature
                0x0000000008006942       0x24 ./Middlewares/ST/STM32_USB_Host_Library/Core/Src/usbh_ctlreq.o
                0x0000000008006942                USBH_ClrFeature
 .text.USBH_CtlSendSetup
                0x0000000008006966       0x22 ./Middlewares/ST/STM32_USB_Host_Library/Core/Src/usbh_ioreq.o
                0x0000000008006966                USBH_CtlSendSetup
 .text.USBH_CtlSendData
                0x0000000008006988       0x30 ./Middlewares/ST/STM32_USB_Host_Library/Core/Src/usbh_ioreq.o
                0x0000000008006988                USBH_CtlSendData
 .text.USBH_CtlReceiveData
                0x00000000080069b8       0x20 ./Middlewares/ST/STM32_USB_Host_Library/Core/Src/usbh_ioreq.o
                0x00000000080069b8                USBH_CtlReceiveData
 .text.USBH_BulkSendData
                0x00000000080069d8       0x30 ./Middlewares/ST/STM32_USB_Host_Library/Core/Src/usbh_ioreq.o
                0x00000000080069d8                USBH_BulkSendData
 .text.USBH_BulkReceiveData
                0x0000000008006a08       0x20 ./Middlewares/ST/STM32_USB_Host_Library/Core/Src/usbh_ioreq.o
                0x0000000008006a08                USBH_BulkReceiveData
 .text.USBH_OpenPipe
                0x0000000008006a28       0x20 ./Middlewares/ST/STM32_USB_Host_Library/Core/Src/usbh_pipes.o
                0x0000000008006a28                USBH_OpenPipe
 .text.USBH_ClosePipe
                0x0000000008006a48        0xa ./Middlewares/ST/STM32_USB_Host_Library/Core/Src/usbh_pipes.o
                0x0000000008006a48                USBH_ClosePipe
 .text.USBH_AllocPipe
                0x0000000008006a52       0x3e ./Middlewares/ST/STM32_USB_Host_Library/Core/Src/usbh_pipes.o
                0x0000000008006a52                USBH_AllocPipe
 .text.USBH_FreePipe
                0x0000000008006a90       0x18 ./Middlewares/ST/STM32_USB_Host_Library/Core/Src/usbh_pipes.o
                0x0000000008006a90                USBH_FreePipe
 .text.disk_status
                0x0000000008006aa8       0x18 ./Middlewares/Third_Party/FatFs/src/diskio.o
                0x0000000008006aa8                disk_status
 .text.disk_initialize
                0x0000000008006ac0       0x28 ./Middlewares/Third_Party/FatFs/src/diskio.o
                0x0000000008006ac0                disk_initialize
 .text.disk_read
                0x0000000008006ae8       0x1c ./Middlewares/Third_Party/FatFs/src/diskio.o
                0x0000000008006ae8                disk_read
 .text.disk_write
                0x0000000008006b04       0x1c ./Middlewares/Third_Party/FatFs/src/diskio.o
                0x0000000008006b04                disk_write
 .text.disk_ioctl
                0x0000000008006b20       0x1c ./Middlewares/Third_Party/FatFs/src/diskio.o
                0x0000000008006b20                disk_ioctl
 .text.ld_dword
                0x0000000008006b3c       0x16 ./Middlewares/Third_Party/FatFs/src/ff.o
 .text.st_dword
                0x0000000008006b52       0x10 ./Middlewares/Third_Party/FatFs/src/ff.o
 .text.mem_cpy  0x0000000008006b62       0x14 ./Middlewares/Third_Party/FatFs/src/ff.o
 .text.mem_set  0x0000000008006b76        0xc ./Middlewares/Third_Party/FatFs/src/ff.o
 *fill*         0x0000000008006b82        0x2 
 .text.chk_lock
                0x0000000008006b84       0x90 ./Middlewares/Third_Party/FatFs/src/ff.o
 .text.inc_lock
                0x0000000008006c14       0xb8 ./Middlewares/Third_Party/FatFs/src/ff.o
 .text.dec_lock
                0x0000000008006ccc       0x44 ./Middlewares/Third_Party/FatFs/src/ff.o
 .text.clear_lock
                0x0000000008006d10       0x28 ./Middlewares/Third_Party/FatFs/src/ff.o
 .text.clust2sect
                0x0000000008006d38       0x16 ./Middlewares/Third_Party/FatFs/src/ff.o
 .text.clmt_clust
                0x0000000008006d4e       0x32 ./Middlewares/Third_Party/FatFs/src/ff.o
 .text.sum_sfn  0x0000000008006d80       0x1e ./Middlewares/Third_Party/FatFs/src/ff.o
 .text.get_ldnumber
                0x0000000008006d9e       0x54 ./Middlewares/Third_Party/FatFs/src/ff.o
 .text.validate
                0x0000000008006df2       0x46 ./Middlewares/Third_Party/FatFs/src/ff.o
 .text.sync_window
                0x0000000008006e38       0x5a ./Middlewares/Third_Party/FatFs/src/ff.o
 .text.move_window
                0x0000000008006e92       0x34 ./Middlewares/Third_Party/FatFs/src/ff.o
 *fill*         0x0000000008006ec6        0x2 
 .text.sync_fs  0x0000000008006ec8       0x88 ./Middlewares/Third_Party/FatFs/src/ff.o
 .text.put_fat  0x0000000008006f50      0x13c ./Middlewares/Third_Party/FatFs/src/ff.o
 .text.st_clust
                0x000000000800708c       0x1a ./Middlewares/Third_Party/FatFs/src/ff.o
 .text.get_fat  0x00000000080070a6       0xfe ./Middlewares/Third_Party/FatFs/src/ff.o
 .text.dir_sdi  0x00000000080071a4       0xc6 ./Middlewares/Third_Party/FatFs/src/ff.o
 .text.create_chain
                0x000000000800726a       0xc4 ./Middlewares/Third_Party/FatFs/src/ff.o
 .text.remove_chain
                0x000000000800732e       0x92 ./Middlewares/Third_Party/FatFs/src/ff.o
 .text.dir_next
                0x00000000080073c0      0x11a ./Middlewares/Third_Party/FatFs/src/ff.o
 *fill*         0x00000000080074da        0x2 
 .text.dir_find
                0x00000000080074dc      0x1cc ./Middlewares/Third_Party/FatFs/src/ff.o
 .text.dir_register
                0x00000000080076a8      0x2ec ./Middlewares/Third_Party/FatFs/src/ff.o
 .text.check_fs
                0x0000000008007994       0x80 ./Middlewares/Third_Party/FatFs/src/ff.o
 .text.find_volume
                0x0000000008007a14      0x3a0 ./Middlewares/Third_Party/FatFs/src/ff.o
 .text.ld_clust
                0x0000000008007db4       0x20 ./Middlewares/Third_Party/FatFs/src/ff.o
 .text.follow_path
                0x0000000008007dd4      0x310 ./Middlewares/Third_Party/FatFs/src/ff.o
 .text.f_mount  0x00000000080080e4       0x68 ./Middlewares/Third_Party/FatFs/src/ff.o
                0x00000000080080e4                f_mount
 .text.f_open   0x000000000800814c      0x268 ./Middlewares/Third_Party/FatFs/src/ff.o
                0x000000000800814c                f_open
 .text.f_read   0x00000000080083b4      0x1c2 ./Middlewares/Third_Party/FatFs/src/ff.o
                0x00000000080083b4                f_read
 .text.f_write  0x0000000008008576      0x1f2 ./Middlewares/Third_Party/FatFs/src/ff.o
                0x0000000008008576                f_write
 .text.f_sync   0x0000000008008768       0x94 ./Middlewares/Third_Party/FatFs/src/ff.o
                0x0000000008008768                f_sync
 .text.f_close  0x00000000080087fc       0x2a ./Middlewares/Third_Party/FatFs/src/ff.o
                0x00000000080087fc                f_close
 *fill*         0x0000000008008826        0x2 
 .text.FATFS_LinkDriverEx
                0x0000000008008828       0x54 ./Middlewares/Third_Party/FatFs/src/ff_gen_drv.o
                0x0000000008008828                FATFS_LinkDriverEx
 .text.FATFS_LinkDriver
                0x000000000800887c        0xa ./Middlewares/Third_Party/FatFs/src/ff_gen_drv.o
                0x000000000800887c                FATFS_LinkDriver
 *fill*         0x0000000008008886        0x2 
 .text.ff_convert
                0x0000000008008888       0x38 ./Middlewares/Third_Party/FatFs/src/option/ccsbcs.o
                0x0000000008008888                ff_convert
 .text.ff_wtoupper
                0x00000000080088c0       0x94 ./Middlewares/Third_Party/FatFs/src/option/ccsbcs.o
                0x00000000080088c0                ff_wtoupper
 .text.USBH_UserProcess
                0x0000000008008954       0x2c ./USB_HOST/App/usb_host.o
 .text.MX_USB_HOST_Init
                0x0000000008008980       0x40 ./USB_HOST/App/usb_host.o
                0x0000000008008980                MX_USB_HOST_Init
 .text.MX_USB_HOST_Process
                0x00000000080089c0       0x10 ./USB_HOST/App/usb_host.o
                0x00000000080089c0                MX_USB_HOST_Process
 .text.HAL_HCD_MspInit
                0x00000000080089d0       0x98 ./USB_HOST/Target/usbh_conf.o
                0x00000000080089d0                HAL_HCD_MspInit
 .text.HAL_HCD_SOF_Callback
                0x0000000008008a68        0xc ./USB_HOST/Target/usbh_conf.o
                0x0000000008008a68                HAL_HCD_SOF_Callback
 .text.HAL_HCD_Connect_Callback
                0x0000000008008a74        0xc ./USB_HOST/Target/usbh_conf.o
                0x0000000008008a74                HAL_HCD_Connect_Callback
 .text.HAL_HCD_Disconnect_Callback
                0x0000000008008a80        0xc ./USB_HOST/Target/usbh_conf.o
                0x0000000008008a80                HAL_HCD_Disconnect_Callback
 .text.HAL_HCD_HC_NotifyURBChange_Callback
                0x0000000008008a8c        0x2 ./USB_HOST/Target/usbh_conf.o
                0x0000000008008a8c                HAL_HCD_HC_NotifyURBChange_Callback
 .text.HAL_HCD_PortEnabled_Callback
                0x0000000008008a8e        0xc ./USB_HOST/Target/usbh_conf.o
                0x0000000008008a8e                HAL_HCD_PortEnabled_Callback
 .text.HAL_HCD_PortDisabled_Callback
                0x0000000008008a9a        0xc ./USB_HOST/Target/usbh_conf.o
                0x0000000008008a9a                HAL_HCD_PortDisabled_Callback
 *fill*         0x0000000008008aa6        0x2 
 .text.USBH_LL_Init
                0x0000000008008aa8       0x54 ./USB_HOST/Target/usbh_conf.o
                0x0000000008008aa8                USBH_LL_Init
 .text.USBH_LL_GetSpeed
                0x0000000008008afc       0x1a ./USB_HOST/Target/usbh_conf.o
                0x0000000008008afc                USBH_LL_GetSpeed
 .text.USBH_LL_GetLastXferSize
                0x0000000008008b16        0xc ./USB_HOST/Target/usbh_conf.o
                0x0000000008008b16                USBH_LL_GetLastXferSize
 .text.USBH_LL_GetURBState
                0x0000000008008b22        0xc ./USB_HOST/Target/usbh_conf.o
                0x0000000008008b22                USBH_LL_GetURBState
 .text.USBH_LL_DriverVBUS
                0x0000000008008b2e       0x1c ./USB_HOST/Target/usbh_conf.o
                0x0000000008008b2e                USBH_LL_DriverVBUS
 .text.USBH_LL_SetToggle
                0x0000000008008b4a       0x2a ./USB_HOST/Target/usbh_conf.o
                0x0000000008008b4a                USBH_LL_SetToggle
 .text.USBH_LL_GetToggle
                0x0000000008008b74       0x28 ./USB_HOST/Target/usbh_conf.o
                0x0000000008008b74                USBH_LL_GetToggle
 .text.USBH_Delay
                0x0000000008008b9c        0x8 ./USB_HOST/Target/usbh_conf.o
                0x0000000008008b9c                USBH_Delay
 .text.USBH_Get_USB_Status
                0x0000000008008ba4        0xe ./USB_HOST/Target/usbh_conf.o
                0x0000000008008ba4                USBH_Get_USB_Status
 .text.USBH_LL_Start
                0x0000000008008bb2       0x10 ./USB_HOST/Target/usbh_conf.o
                0x0000000008008bb2                USBH_LL_Start
 .text.USBH_LL_Stop
                0x0000000008008bc2       0x10 ./USB_HOST/Target/usbh_conf.o
                0x0000000008008bc2                USBH_LL_Stop
 .text.USBH_LL_ResetPort
                0x0000000008008bd2       0x10 ./USB_HOST/Target/usbh_conf.o
                0x0000000008008bd2                USBH_LL_ResetPort
 .text.USBH_LL_OpenPipe
                0x0000000008008be2       0x26 ./USB_HOST/Target/usbh_conf.o
                0x0000000008008be2                USBH_LL_OpenPipe
 .text.USBH_LL_ClosePipe
                0x0000000008008c08       0x10 ./USB_HOST/Target/usbh_conf.o
                0x0000000008008c08                USBH_LL_ClosePipe
 .text.USBH_LL_SubmitURB
                0x0000000008008c18       0x2a ./USB_HOST/Target/usbh_conf.o
                0x0000000008008c18                USBH_LL_SubmitURB
 *fill*         0x0000000008008c42        0x2 
 .text.MX_DriverVbusFS
                0x0000000008008c44       0x18 ./USB_HOST/Target/usbh_platform.o
                0x0000000008008c44                MX_DriverVbusFS
 .text.Commander_Init
                0x0000000008008c5c       0x18 ./gt_common/Src/commander.o
                0x0000000008008c5c                Commander_Init
 .text.Commander_Start
                0x0000000008008c74       0x12 ./gt_common/Src/commander.o
                0x0000000008008c74                Commander_Start
 .text.Commander_Pause
                0x0000000008008c86        0xa ./gt_common/Src/commander.o
                0x0000000008008c86                Commander_Pause
 .text.Commander_Resume
                0x0000000008008c90        0xa ./gt_common/Src/commander.o
                0x0000000008008c90                Commander_Resume
 .text.Commander_Send
                0x0000000008008c9a       0x1c ./gt_common/Src/commander.o
                0x0000000008008c9a                Commander_Send
 .text.Commander_ProcessIncoming
                0x0000000008008cb6       0x16 ./gt_common/Src/commander.o
                0x0000000008008cb6                Commander_ProcessIncoming
 .text.bitcrusher_rs_pedal_process
                0x0000000008008ccc       0x32 ./gt_common/Src/pedalboard.o
                0x0000000008008ccc                bitcrusher_rs_pedal_process
 .text.low_pass_filter_pedal_process
                0x0000000008008cfe       0x2a ./gt_common/Src/pedalboard.o
                0x0000000008008cfe                low_pass_filter_pedal_process
 .text.noise_gate_pedal_process
                0x0000000008008d28       0x18 ./gt_common/Src/pedalboard.o
                0x0000000008008d28                noise_gate_pedal_process
 .text.Pedalboard_Init
                0x0000000008008d40       0x1a ./gt_common/Src/pedalboard.o
                0x0000000008008d40                Pedalboard_Init
 *fill*         0x0000000008008d5a        0x2 
 .text.overdrive_pedal_init
                0x0000000008008d5c       0x64 ./gt_common/Src/pedalboard.o
                0x0000000008008d5c                overdrive_pedal_init
 .text.bitcrusher_rs_pedal_init
                0x0000000008008dc0       0x30 ./gt_common/Src/pedalboard.o
                0x0000000008008dc0                bitcrusher_rs_pedal_init
 .text.tremolo_pedal_init
                0x0000000008008df0       0x44 ./gt_common/Src/pedalboard.o
                0x0000000008008df0                tremolo_pedal_init
 .text.overdrive_sqrt_pedal_init
                0x0000000008008e34       0x48 ./gt_common/Src/pedalboard.o
                0x0000000008008e34                overdrive_sqrt_pedal_init
 .text.amplifier_pedal_init
                0x0000000008008e7c       0x48 ./gt_common/Src/pedalboard.o
                0x0000000008008e7c                amplifier_pedal_init
 .text.low_pass_filter_pedal_init
                0x0000000008008ec4       0x48 ./gt_common/Src/pedalboard.o
                0x0000000008008ec4                low_pass_filter_pedal_init
 .text.fuzz_pedal_init
                0x0000000008008f0c       0x6c ./gt_common/Src/pedalboard.o
                0x0000000008008f0c                fuzz_pedal_init
 .text.noise_gate_pedal_init
                0x0000000008008f78       0x38 ./gt_common/Src/pedalboard.o
                0x0000000008008f78                noise_gate_pedal_init
 .text.Pedalboard_SetPedal
                0x0000000008008fb0      0x148 ./gt_common/Src/pedalboard.o
                0x0000000008008fb0                Pedalboard_SetPedal
 .text.mix      0x00000000080090f8       0x22 ./gt_common/Src/pedalboard.o
                0x00000000080090f8                mix
 .text.Pedalboard_Process
                0x000000000800911a       0x3c ./gt_common/Src/pedalboard.o
                0x000000000800911a                Pedalboard_Process
 .text.hard_clip
                0x0000000008009156       0x34 ./gt_common/Src/pedalboard.o
                0x0000000008009156                hard_clip
 .text.amplifier_pedal_process
                0x000000000800918a       0x18 ./gt_common/Src/pedalboard.o
                0x000000000800918a                amplifier_pedal_process
 .text.soft_clip
                0x00000000080091a2       0x48 ./gt_common/Src/pedalboard.o
                0x00000000080091a2                soft_clip
 .text.overdrive_pedal_process
                0x00000000080091ea       0x24 ./gt_common/Src/pedalboard.o
                0x00000000080091ea                overdrive_pedal_process
 .text.square_root
                0x000000000800920e       0x4a ./gt_common/Src/pedalboard.o
                0x000000000800920e                square_root
 .text.overdrive_sqrt_pedal_process
                0x0000000008009258       0x24 ./gt_common/Src/pedalboard.o
                0x0000000008009258                overdrive_sqrt_pedal_process
 .text.wave_gen
                0x000000000800927c       0x6c ./gt_common/Src/pedalboard.o
                0x000000000800927c                wave_gen
 .text.tremolo_pedal_process
                0x00000000080092e8       0x24 ./gt_common/Src/pedalboard.o
                0x00000000080092e8                tremolo_pedal_process
 .text.fuzz_pedal_process
                0x000000000800930c       0xb8 ./gt_common/Src/pedalboard.o
                0x000000000800930c                fuzz_pedal_process
 .text.__errno  0x00000000080093c4        0xc c:/st/stm32cubeide_1.8.0/stm32cubeide/plugins/com.st.stm32cube.ide.mcu.externaltools.gnu-tools-for-stm32.10.3-2021.10.win32_1.0.0.202111181127/tools/bin/../lib/gcc/arm-none-eabi/10.3.1/../../../../arm-none-eabi/lib/thumb/v7e-m+fp/hard\libc_nano.a(lib_a-errno.o)
                0x00000000080093c4                __errno
 .text.__libc_init_array
                0x00000000080093d0       0x48 c:/st/stm32cubeide_1.8.0/stm32cubeide/plugins/com.st.stm32cube.ide.mcu.externaltools.gnu-tools-for-stm32.10.3-2021.10.win32_1.0.0.202111181127/tools/bin/../lib/gcc/arm-none-eabi/10.3.1/../../../../arm-none-eabi/lib/thumb/v7e-m+fp/hard\libc_nano.a(lib_a-init.o)
                0x00000000080093d0                __libc_init_array
 .text.malloc   0x0000000008009418       0x10 c:/st/stm32cubeide_1.8.0/stm32cubeide/plugins/com.st.stm32cube.ide.mcu.externaltools.gnu-tools-for-stm32.10.3-2021.10.win32_1.0.0.202111181127/tools/bin/../lib/gcc/arm-none-eabi/10.3.1/../../../../arm-none-eabi/lib/thumb/v7e-m+fp/hard\libc_nano.a(lib_a-malloc.o)
                0x0000000008009418                malloc
 .text.free     0x0000000008009428       0x10 c:/st/stm32cubeide_1.8.0/stm32cubeide/plugins/com.st.stm32cube.ide.mcu.externaltools.gnu-tools-for-stm32.10.3-2021.10.win32_1.0.0.202111181127/tools/bin/../lib/gcc/arm-none-eabi/10.3.1/../../../../arm-none-eabi/lib/thumb/v7e-m+fp/hard\libc_nano.a(lib_a-malloc.o)
                0x0000000008009428                free
 .text.memcpy   0x0000000008009438       0x1c c:/st/stm32cubeide_1.8.0/stm32cubeide/plugins/com.st.stm32cube.ide.mcu.externaltools.gnu-tools-for-stm32.10.3-2021.10.win32_1.0.0.202111181127/tools/bin/../lib/gcc/arm-none-eabi/10.3.1/../../../../arm-none-eabi/lib/thumb/v7e-m+fp/hard\libc_nano.a(lib_a-memcpy-stub.o)
                0x0000000008009438                memcpy
 .text.memset   0x0000000008009454       0x10 c:/st/stm32cubeide_1.8.0/stm32cubeide/plugins/com.st.stm32cube.ide.mcu.externaltools.gnu-tools-for-stm32.10.3-2021.10.win32_1.0.0.202111181127/tools/bin/../lib/gcc/arm-none-eabi/10.3.1/../../../../arm-none-eabi/lib/thumb/v7e-m+fp/hard\libc_nano.a(lib_a-memset.o)
                0x0000000008009454                memset
 .text._free_r  0x0000000008009464       0x98 c:/st/stm32cubeide_1.8.0/stm32cubeide/plugins/com.st.stm32cube.ide.mcu.externaltools.gnu-tools-for-stm32.10.3-2021.10.win32_1.0.0.202111181127/tools/bin/../lib/gcc/arm-none-eabi/10.3.1/../../../../arm-none-eabi/lib/thumb/v7e-m+fp/hard\libc_nano.a(lib_a-nano-freer.o)
                0x0000000008009464                _free_r
 .text.sbrk_aligned
                0x00000000080094fc       0x40 c:/st/stm32cubeide_1.8.0/stm32cubeide/plugins/com.st.stm32cube.ide.mcu.externaltools.gnu-tools-for-stm32.10.3-2021.10.win32_1.0.0.202111181127/tools/bin/../lib/gcc/arm-none-eabi/10.3.1/../../../../arm-none-eabi/lib/thumb/v7e-m+fp/hard\libc_nano.a(lib_a-nano-mallocr.o)
 .text._malloc_r
                0x000000000800953c       0xe8 c:/st/stm32cubeide_1.8.0/stm32cubeide/plugins/com.st.stm32cube.ide.mcu.externaltools.gnu-tools-for-stm32.10.3-2021.10.win32_1.0.0.202111181127/tools/bin/../lib/gcc/arm-none-eabi/10.3.1/../../../../arm-none-eabi/lib/thumb/v7e-m+fp/hard\libc_nano.a(lib_a-nano-mallocr.o)
                0x000000000800953c                _malloc_r
 .text._sbrk_r  0x0000000008009624       0x20 c:/st/stm32cubeide_1.8.0/stm32cubeide/plugins/com.st.stm32cube.ide.mcu.externaltools.gnu-tools-for-stm32.10.3-2021.10.win32_1.0.0.202111181127/tools/bin/../lib/gcc/arm-none-eabi/10.3.1/../../../../arm-none-eabi/lib/thumb/v7e-m+fp/hard\libc_nano.a(lib_a-sbrkr.o)
                0x0000000008009624                _sbrk_r
 .text.__malloc_lock
                0x0000000008009644        0xc c:/st/stm32cubeide_1.8.0/stm32cubeide/plugins/com.st.stm32cube.ide.mcu.externaltools.gnu-tools-for-stm32.10.3-2021.10.win32_1.0.0.202111181127/tools/bin/../lib/gcc/arm-none-eabi/10.3.1/../../../../arm-none-eabi/lib/thumb/v7e-m+fp/hard\libc_nano.a(lib_a-mlock.o)
                0x0000000008009644                __malloc_lock
 .text.__malloc_unlock
                0x0000000008009650        0xc c:/st/stm32cubeide_1.8.0/stm32cubeide/plugins/com.st.stm32cube.ide.mcu.externaltools.gnu-tools-for-stm32.10.3-2021.10.win32_1.0.0.202111181127/tools/bin/../lib/gcc/arm-none-eabi/10.3.1/../../../../arm-none-eabi/lib/thumb/v7e-m+fp/hard\libc_nano.a(lib_a-mlock.o)
                0x0000000008009650                __malloc_unlock
 .text.__retarget_lock_acquire_recursive
                0x000000000800965c        0x2 c:/st/stm32cubeide_1.8.0/stm32cubeide/plugins/com.st.stm32cube.ide.mcu.externaltools.gnu-tools-for-stm32.10.3-2021.10.win32_1.0.0.202111181127/tools/bin/../lib/gcc/arm-none-eabi/10.3.1/../../../../arm-none-eabi/lib/thumb/v7e-m+fp/hard\libc_nano.a(lib_a-lock.o)
                0x000000000800965c                __retarget_lock_acquire_recursive
 .text.__retarget_lock_release_recursive
                0x000000000800965e        0x2 c:/st/stm32cubeide_1.8.0/stm32cubeide/plugins/com.st.stm32cube.ide.mcu.externaltools.gnu-tools-for-stm32.10.3-2021.10.win32_1.0.0.202111181127/tools/bin/../lib/gcc/arm-none-eabi/10.3.1/../../../../arm-none-eabi/lib/thumb/v7e-m+fp/hard\libc_nano.a(lib_a-lock.o)
                0x000000000800965e                __retarget_lock_release_recursive
 *(.glue_7)
 .glue_7        0x0000000008009660        0x0 linker stubs
 *(.glue_7t)
 .glue_7t       0x0000000008009660        0x0 linker stubs
 *(.eh_frame)
 .eh_frame      0x0000000008009660        0x0 c:/st/stm32cubeide_1.8.0/stm32cubeide/plugins/com.st.stm32cube.ide.mcu.externaltools.gnu-tools-for-stm32.10.3-2021.10.win32_1.0.0.202111181127/tools/bin/../lib/gcc/arm-none-eabi/10.3.1/thumb/v7e-m+fp/hard/crtbegin.o
 *(.init)
 .init          0x0000000008009660        0x4 c:/st/stm32cubeide_1.8.0/stm32cubeide/plugins/com.st.stm32cube.ide.mcu.externaltools.gnu-tools-for-stm32.10.3-2021.10.win32_1.0.0.202111181127/tools/bin/../lib/gcc/arm-none-eabi/10.3.1/thumb/v7e-m+fp/hard/crti.o
                0x0000000008009660                _init
 .init          0x0000000008009664        0x8 c:/st/stm32cubeide_1.8.0/stm32cubeide/plugins/com.st.stm32cube.ide.mcu.externaltools.gnu-tools-for-stm32.10.3-2021.10.win32_1.0.0.202111181127/tools/bin/../lib/gcc/arm-none-eabi/10.3.1/thumb/v7e-m+fp/hard/crtn.o
 *(.fini)
 .fini          0x000000000800966c        0x4 c:/st/stm32cubeide_1.8.0/stm32cubeide/plugins/com.st.stm32cube.ide.mcu.externaltools.gnu-tools-for-stm32.10.3-2021.10.win32_1.0.0.202111181127/tools/bin/../lib/gcc/arm-none-eabi/10.3.1/thumb/v7e-m+fp/hard/crti.o
                0x000000000800966c                _fini
 .fini          0x0000000008009670        0x8 c:/st/stm32cubeide_1.8.0/stm32cubeide/plugins/com.st.stm32cube.ide.mcu.externaltools.gnu-tools-for-stm32.10.3-2021.10.win32_1.0.0.202111181127/tools/bin/../lib/gcc/arm-none-eabi/10.3.1/thumb/v7e-m+fp/hard/crtn.o
                0x0000000008009678                . = ALIGN (0x4)
                0x0000000008009678                _etext = .

.vfp11_veneer   0x0000000008009678        0x0
 .vfp11_veneer  0x0000000008009678        0x0 linker stubs

.v4_bx          0x0000000008009678        0x0
 .v4_bx         0x0000000008009678        0x0 linker stubs

.iplt           0x0000000008009678        0x0
 .iplt          0x0000000008009678        0x0 c:/st/stm32cubeide_1.8.0/stm32cubeide/plugins/com.st.stm32cube.ide.mcu.externaltools.gnu-tools-for-stm32.10.3-2021.10.win32_1.0.0.202111181127/tools/bin/../lib/gcc/arm-none-eabi/10.3.1/thumb/v7e-m+fp/hard/crtbegin.o

.rodata         0x0000000008009678      0x668
                0x0000000008009678                . = ALIGN (0x4)
 *(.rodata)
 .rodata        0x0000000008009678      0x1d4 ./gt_common/Src/pedalboard.o
 *(.rodata*)
 .rodata.usb_save.str1.4
                0x000000000800984c        0x5 ./Core/Src/main.o
 *fill*         0x0000000008009851        0x3 
 .rodata.AHBPrescTable
                0x0000000008009854       0x10 ./Core/Src/system_stm32f4xx.o
                0x0000000008009854                AHBPrescTable
 .rodata.APBPrescTable
                0x0000000008009864        0x8 ./Core/Src/system_stm32f4xx.o
                0x0000000008009864                APBPrescTable
 .rodata.flagBitshiftOffset.0
                0x000000000800986c        0x8 ./Drivers/STM32F4xx_HAL_Driver/Src/stm32f4xx_hal_dma.o
 .rodata.USBH_Driver
                0x0000000008009874       0x14 ./FATFS/Target/usbh_diskio.o
                0x0000000008009874                USBH_Driver
 .rodata.str1.4
                0x0000000008009888        0x4 ./Middlewares/ST/STM32_USB_Host_Library/Class/MSC/Src/usbh_msc.o
 .rodata.follow_path.str1.4
                0x000000000800988c       0x13 ./Middlewares/Third_Party/FatFs/src/ff.o
 *fill*         0x000000000800989f        0x1 
 .rodata.ExCvt  0x00000000080098a0       0x80 ./Middlewares/Third_Party/FatFs/src/ff.o
 .rodata.LfnOfs
                0x0000000008009920        0xd ./Middlewares/Third_Party/FatFs/src/ff.o
 *fill*         0x000000000800992d        0x3 
 .rodata.Tbl    0x0000000008009930      0x100 ./Middlewares/Third_Party/FatFs/src/option/ccsbcs.o
 .rodata.cvt1.1
                0x0000000008009a30      0x1f2 ./Middlewares/Third_Party/FatFs/src/option/ccsbcs.o
 *fill*         0x0000000008009c22        0x2 
 .rodata.cvt2.0
                0x0000000008009c24       0xbc ./Middlewares/Third_Party/FatFs/src/option/ccsbcs.o
                0x0000000008009ce0                . = ALIGN (0x4)

.ARM.extab      0x0000000008009ce0        0x0
                0x0000000008009ce0                . = ALIGN (0x4)
 *(.ARM.extab* .gnu.linkonce.armextab.*)
                0x0000000008009ce0                . = ALIGN (0x4)

.ARM            0x0000000008009ce0        0x8
                0x0000000008009ce0                . = ALIGN (0x4)
                0x0000000008009ce0                __exidx_start = .
 *(.ARM.exidx*)
 .ARM.exidx     0x0000000008009ce0        0x8 c:/st/stm32cubeide_1.8.0/stm32cubeide/plugins/com.st.stm32cube.ide.mcu.externaltools.gnu-tools-for-stm32.10.3-2021.10.win32_1.0.0.202111181127/tools/bin/../lib/gcc/arm-none-eabi/10.3.1/thumb/v7e-m+fp/hard\libgcc.a(_udivmoddi4.o)
                0x0000000008009ce8                __exidx_end = .
                0x0000000008009ce8                . = ALIGN (0x4)

.rel.dyn        0x0000000008009ce8        0x0
 .rel.iplt      0x0000000008009ce8        0x0 c:/st/stm32cubeide_1.8.0/stm32cubeide/plugins/com.st.stm32cube.ide.mcu.externaltools.gnu-tools-for-stm32.10.3-2021.10.win32_1.0.0.202111181127/tools/bin/../lib/gcc/arm-none-eabi/10.3.1/thumb/v7e-m+fp/hard/crtbegin.o

.preinit_array  0x0000000008009ce8        0x0
                0x0000000008009ce8                . = ALIGN (0x4)
                0x0000000008009ce8                PROVIDE (__preinit_array_start = .)
 *(.preinit_array*)
                0x0000000008009ce8                PROVIDE (__preinit_array_end = .)
                0x0000000008009ce8                . = ALIGN (0x4)

.init_array     0x0000000008009ce8        0x4
                0x0000000008009ce8                . = ALIGN (0x4)
                0x0000000008009ce8                PROVIDE (__init_array_start = .)
 *(SORT_BY_NAME(.init_array.*))
 *(.init_array*)
 .init_array    0x0000000008009ce8        0x4 c:/st/stm32cubeide_1.8.0/stm32cubeide/plugins/com.st.stm32cube.ide.mcu.externaltools.gnu-tools-for-stm32.10.3-2021.10.win32_1.0.0.202111181127/tools/bin/../lib/gcc/arm-none-eabi/10.3.1/thumb/v7e-m+fp/hard/crtbegin.o
                0x0000000008009cec                PROVIDE (__init_array_end = .)
                0x0000000008009cec                . = ALIGN (0x4)

.fini_array     0x0000000008009cec        0x4
                0x0000000008009cec                . = ALIGN (0x4)
                [!provide]                        PROVIDE (__fini_array_start = .)
 *(SORT_BY_NAME(.fini_array.*))
 *(.fini_array*)
 .fini_array    0x0000000008009cec        0x4 c:/st/stm32cubeide_1.8.0/stm32cubeide/plugins/com.st.stm32cube.ide.mcu.externaltools.gnu-tools-for-stm32.10.3-2021.10.win32_1.0.0.202111181127/tools/bin/../lib/gcc/arm-none-eabi/10.3.1/thumb/v7e-m+fp/hard/crtbegin.o
                [!provide]                        PROVIDE (__fini_array_end = .)
                0x0000000008009cf0                . = ALIGN (0x4)
                0x0000000008009cf0                _sidata = LOADADDR (.data)

.data           0x0000000020000000      0x298 load address 0x0000000008009cf0
                0x0000000020000000                . = ALIGN (0x4)
                0x0000000020000000                _sdata = .
 *(.data)
 *(.data*)
 .data.I2cxTimeout
                0x0000000020000000        0x4 ./Core/Src/AUDIO_LINK.o
                0x0000000020000000                I2cxTimeout
 .data.Is_cs43l22_Stop
                0x0000000020000004        0x1 ./Core/Src/cs43l22.o
 .data.plot_xscale
                0x0000000020000005        0x1 ./Core/Src/main.o
                0x0000000020000005                plot_xscale
 .data.plot_yscale
                0x0000000020000006        0x1 ./Core/Src/main.o
                0x0000000020000006                plot_yscale
 *fill*         0x0000000020000007        0x1 
 .data.SystemCoreClock
                0x0000000020000008        0x4 ./Core/Src/system_stm32f4xx.o
                0x0000000020000008                SystemCoreClock
 .data.uwTickFreq
                0x000000002000000c        0x1 ./Drivers/STM32F4xx_HAL_Driver/Src/stm32f4xx_hal.o
                0x000000002000000c                uwTickFreq
 *fill*         0x000000002000000d        0x3 
 .data.uwTickPrio
                0x0000000020000010        0x4 ./Drivers/STM32F4xx_HAL_Driver/Src/stm32f4xx_hal.o
                0x0000000020000010                uwTickPrio
 .data.USBH_msc
                0x0000000020000014       0x20 ./Middlewares/ST/STM32_USB_Host_Library/Class/MSC/Src/usbh_msc.o
                0x0000000020000014                USBH_msc
 .data.sin_table
                0x0000000020000034      0x200 ./gt_common/Src/pedalboard.o
                0x0000000020000034                sin_table
 .data._impure_ptr
                0x0000000020000234        0x4 c:/st/stm32cubeide_1.8.0/stm32cubeide/plugins/com.st.stm32cube.ide.mcu.externaltools.gnu-tools-for-stm32.10.3-2021.10.win32_1.0.0.202111181127/tools/bin/../lib/gcc/arm-none-eabi/10.3.1/../../../../arm-none-eabi/lib/thumb/v7e-m+fp/hard\libc_nano.a(lib_a-impure.o)
                0x0000000020000234                _impure_ptr
 .data.impure_data
                0x0000000020000238       0x60 c:/st/stm32cubeide_1.8.0/stm32cubeide/plugins/com.st.stm32cube.ide.mcu.externaltools.gnu-tools-for-stm32.10.3-2021.10.win32_1.0.0.202111181127/tools/bin/../lib/gcc/arm-none-eabi/10.3.1/../../../../arm-none-eabi/lib/thumb/v7e-m+fp/hard\libc_nano.a(lib_a-impure.o)
 *(.RamFunc)
 *(.RamFunc*)
                0x0000000020000298                . = ALIGN (0x4)
                0x0000000020000298                _edata = .
                0x0000000008009f88                _siccmram = LOADADDR (.ccmram)

.igot.plt       0x0000000020000298        0x0 load address 0x0000000008009f88
 .igot.plt      0x0000000020000298        0x0 c:/st/stm32cubeide_1.8.0/stm32cubeide/plugins/com.st.stm32cube.ide.mcu.externaltools.gnu-tools-for-stm32.10.3-2021.10.win32_1.0.0.202111181127/tools/bin/../lib/gcc/arm-none-eabi/10.3.1/thumb/v7e-m+fp/hard/crtbegin.o

.ccmram         0x0000000010000000        0x0 load address 0x0000000008009f88
                0x0000000010000000                . = ALIGN (0x4)
                0x0000000010000000                _sccmram = .
 *(.ccmram)
 *(.ccmram*)
                0x0000000010000000                . = ALIGN (0x4)
                0x0000000010000000                _eccmram = .
                0x0000000010000000                . = ALIGN (0x4)

.bss            0x0000000020000298     0x347c
                0x0000000020000298                _sbss = .
                0x0000000020000298                __bss_start__ = _sbss
 *(.bss)
 .bss           0x0000000020000298       0x1c c:/st/stm32cubeide_1.8.0/stm32cubeide/plugins/com.st.stm32cube.ide.mcu.externaltools.gnu-tools-for-stm32.10.3-2021.10.win32_1.0.0.202111181127/tools/bin/../lib/gcc/arm-none-eabi/10.3.1/thumb/v7e-m+fp/hard/crtbegin.o
 *(.bss*)
 .bss.I2cHandle
                0x00000000200002b4       0x54 ./Core/Src/AUDIO_LINK.o
 .bss.OutputDev
                0x0000000020000308        0x1 ./Core/Src/cs43l22.o
                0x0000000020000308                OutputDev
 *fill*         0x0000000020000309        0x3 
 .bss.ADC_BUFF  0x000000002000030c       0x10 ./Core/Src/main.o
                0x000000002000030c                ADC_BUFF
 .bss.DAC_BUFF  0x000000002000031c      0x100 ./Core/Src/main.o
                0x000000002000031c                DAC_BUFF
 .bss.DSP_BUFF  0x000000002000041c       0x40 ./Core/Src/main.o
                0x000000002000041c                DSP_BUFF
 .bss.bytesread
                0x000000002000045c        0x4 ./Core/Src/main.o
                0x000000002000045c                bytesread
 .bss.byteswritten
                0x0000000020000460        0x4 ./Core/Src/main.o
                0x0000000020000460                byteswritten
 .bss.dsp_index
                0x0000000020000464        0x2 ./Core/Src/main.o
                0x0000000020000464                dsp_index
 *fill*         0x0000000020000466        0x2 
 .bss.hcommander
                0x0000000020000468      0x424 ./Core/Src/main.o
                0x0000000020000468                hcommander
 .bss.hdma_spi2_rx
                0x000000002000088c       0x60 ./Core/Src/main.o
                0x000000002000088c                hdma_spi2_rx
 .bss.hdma_spi3_tx
                0x00000000200008ec       0x60 ./Core/Src/main.o
                0x00000000200008ec                hdma_spi3_tx
 .bss.hdma_usart1_rx
                0x000000002000094c       0x60 ./Core/Src/main.o
                0x000000002000094c                hdma_usart1_rx
 .bss.hi2c1     0x00000000200009ac       0x54 ./Core/Src/main.o
                0x00000000200009ac                hi2c1
 .bss.hi2s2     0x0000000020000a00       0x48 ./Core/Src/main.o
                0x0000000020000a00                hi2s2
 .bss.hi2s3     0x0000000020000a48       0x48 ./Core/Src/main.o
                0x0000000020000a48                hi2s3
 .bss.hpedalboard
                0x0000000020000a90      0x390 ./Core/Src/main.o
                0x0000000020000a90                hpedalboard
 .bss.huart1    0x0000000020000e20       0x44 ./Core/Src/main.o
                0x0000000020000e20                huart1
 .bss.mode      0x0000000020000e64        0x1 ./Core/Src/main.o
                0x0000000020000e64                mode
 *fill*         0x0000000020000e65        0x3 
 .bss.pbFile    0x0000000020000e68     0x1030 ./Core/Src/main.o
                0x0000000020000e68                pbFile
 .bss.res       0x0000000020001e98        0x1 ./Core/Src/main.o
                0x0000000020001e98                res
 *fill*         0x0000000020001e99        0x3 
 .bss.signal_in
                0x0000000020001e9c       0x80 ./Core/Src/main.o
                0x0000000020001e9c                signal_in
 .bss.signal_index
                0x0000000020001f1c        0x2 ./Core/Src/main.o
                0x0000000020001f1c                signal_index
 *fill*         0x0000000020001f1e        0x2 
 .bss.signal_out
                0x0000000020001f20       0x80 ./Core/Src/main.o
                0x0000000020001f20                signal_out
 .bss.signal_samples
                0x0000000020001fa0        0x4 ./Core/Src/main.o
                0x0000000020001fa0                signal_samples
 .bss.usbFatFS  0x0000000020001fa4     0x1038 ./Core/Src/main.o
                0x0000000020001fa4                usbFatFS
 .bss.usb_mounted
                0x0000000020002fdc        0x1 ./Core/Src/main.o
                0x0000000020002fdc                usb_mounted
 .bss.usb_ready
                0x0000000020002fdd        0x1 ./Core/Src/main.o
                0x0000000020002fdd                usb_ready
 *fill*         0x0000000020002fde        0x2 
 .bss.__sbrk_heap_end
                0x0000000020002fe0        0x4 ./Core/Src/sysmem.o
 .bss.uwTick    0x0000000020002fe4        0x4 ./Drivers/STM32F4xx_HAL_Driver/Src/stm32f4xx_hal.o
                0x0000000020002fe4                uwTick
 .bss.USBHPath  0x0000000020002fe8        0x4 ./FATFS/App/fatfs.o
                0x0000000020002fe8                USBHPath
 .bss.retUSBH   0x0000000020002fec        0x1 ./FATFS/App/fatfs.o
                0x0000000020002fec                retUSBH
 *fill*         0x0000000020002fed        0x3 
 .bss.FatFs     0x0000000020002ff0        0x4 ./Middlewares/Third_Party/FatFs/src/ff.o
 .bss.Files     0x0000000020002ff4       0x20 ./Middlewares/Third_Party/FatFs/src/ff.o
 .bss.Fsid      0x0000000020003014        0x2 ./Middlewares/Third_Party/FatFs/src/ff.o
 *fill*         0x0000000020003016        0x2 
 .bss.disk      0x0000000020003018        0xc ./Middlewares/Third_Party/FatFs/src/ff_gen_drv.o
                0x0000000020003018                disk
 .bss.Appli_state
                0x0000000020003024        0x1 ./USB_HOST/App/usb_host.o
                0x0000000020003024                Appli_state
 *fill*         0x0000000020003025        0x3 
 .bss.hUsbHostFS
                0x0000000020003028      0x3d8 ./USB_HOST/App/usb_host.o
                0x0000000020003028                hUsbHostFS
 .bss.hhcd_USB_OTG_FS
                0x0000000020003400      0x304 ./USB_HOST/Target/usbh_conf.o
                0x0000000020003400                hhcd_USB_OTG_FS
 .bss.__malloc_free_list
                0x0000000020003704        0x4 c:/st/stm32cubeide_1.8.0/stm32cubeide/plugins/com.st.stm32cube.ide.mcu.externaltools.gnu-tools-for-stm32.10.3-2021.10.win32_1.0.0.202111181127/tools/bin/../lib/gcc/arm-none-eabi/10.3.1/../../../../arm-none-eabi/lib/thumb/v7e-m+fp/hard\libc_nano.a(lib_a-nano-mallocr.o)
                0x0000000020003704                __malloc_free_list
 .bss.__malloc_sbrk_start
                0x0000000020003708        0x4 c:/st/stm32cubeide_1.8.0/stm32cubeide/plugins/com.st.stm32cube.ide.mcu.externaltools.gnu-tools-for-stm32.10.3-2021.10.win32_1.0.0.202111181127/tools/bin/../lib/gcc/arm-none-eabi/10.3.1/../../../../arm-none-eabi/lib/thumb/v7e-m+fp/hard\libc_nano.a(lib_a-nano-mallocr.o)
                0x0000000020003708                __malloc_sbrk_start
 .bss.errno     0x000000002000370c        0x4 c:/st/stm32cubeide_1.8.0/stm32cubeide/plugins/com.st.stm32cube.ide.mcu.externaltools.gnu-tools-for-stm32.10.3-2021.10.win32_1.0.0.202111181127/tools/bin/../lib/gcc/arm-none-eabi/10.3.1/../../../../arm-none-eabi/lib/thumb/v7e-m+fp/hard\libc_nano.a(lib_a-reent.o)
                0x000000002000370c                errno
 .bss.__lock___malloc_recursive_mutex
                0x0000000020003710        0x1 c:/st/stm32cubeide_1.8.0/stm32cubeide/plugins/com.st.stm32cube.ide.mcu.externaltools.gnu-tools-for-stm32.10.3-2021.10.win32_1.0.0.202111181127/tools/bin/../lib/gcc/arm-none-eabi/10.3.1/../../../../arm-none-eabi/lib/thumb/v7e-m+fp/hard\libc_nano.a(lib_a-lock.o)
                0x0000000020003710                __lock___malloc_recursive_mutex
 *(COMMON)
                0x0000000020003714                . = ALIGN (0x4)
 *fill*         0x0000000020003711        0x3 
                0x0000000020003714                _ebss = .
                0x0000000020003714                __bss_end__ = _ebss

._user_heap_stack
                0x0000000020003714      0x604
                0x0000000020003718                . = ALIGN (0x8)
 *fill*         0x0000000020003714        0x4 
                [!provide]                        PROVIDE (end = .)
                0x0000000020003718                PROVIDE (_end = .)
                0x0000000020003918                . = (. + _Min_Heap_Size)
 *fill*         0x0000000020003718      0x200 
                0x0000000020003d18                . = (. + _Min_Stack_Size)
 *fill*         0x0000000020003918      0x400 
                0x0000000020003d18                . = ALIGN (0x8)

/DISCARD/
 libc.a(*)
 libm.a(*)
 libgcc.a(*)

.ARM.attributes
                0x0000000000000000       0x30
 *(.ARM.attributes)
 .ARM.attributes
                0x0000000000000000       0x1e c:/st/stm32cubeide_1.8.0/stm32cubeide/plugins/com.st.stm32cube.ide.mcu.externaltools.gnu-tools-for-stm32.10.3-2021.10.win32_1.0.0.202111181127/tools/bin/../lib/gcc/arm-none-eabi/10.3.1/thumb/v7e-m+fp/hard/crti.o
 .ARM.attributes
                0x000000000000001e       0x34 c:/st/stm32cubeide_1.8.0/stm32cubeide/plugins/com.st.stm32cube.ide.mcu.externaltools.gnu-tools-for-stm32.10.3-2021.10.win32_1.0.0.202111181127/tools/bin/../lib/gcc/arm-none-eabi/10.3.1/thumb/v7e-m+fp/hard/crtbegin.o
 .ARM.attributes
                0x0000000000000052       0x34 ./Core/Src/AUDIO.o
 .ARM.attributes
                0x0000000000000086       0x34 ./Core/Src/AUDIO_LINK.o
 .ARM.attributes
                0x00000000000000ba       0x34 ./Core/Src/cs43l22.o
 .ARM.attributes
                0x00000000000000ee       0x34 ./Core/Src/main.o
 .ARM.attributes
                0x0000000000000122       0x34 ./Core/Src/stm32f4xx_hal_msp.o
 .ARM.attributes
                0x0000000000000156       0x34 ./Core/Src/stm32f4xx_it.o
 .ARM.attributes
                0x000000000000018a       0x34 ./Core/Src/sysmem.o
 .ARM.attributes
                0x00000000000001be       0x34 ./Core/Src/system_stm32f4xx.o
 .ARM.attributes
                0x00000000000001f2       0x21 ./Core/Startup/startup_stm32f407vgtx.o
 .ARM.attributes
                0x0000000000000213       0x34 ./Drivers/STM32F4xx_HAL_Driver/Src/stm32f4xx_hal.o
 .ARM.attributes
                0x0000000000000247       0x34 ./Drivers/STM32F4xx_HAL_Driver/Src/stm32f4xx_hal_cortex.o
 .ARM.attributes
                0x000000000000027b       0x34 ./Drivers/STM32F4xx_HAL_Driver/Src/stm32f4xx_hal_dma.o
 .ARM.attributes
                0x00000000000002af       0x34 ./Drivers/STM32F4xx_HAL_Driver/Src/stm32f4xx_hal_gpio.o
 .ARM.attributes
                0x00000000000002e3       0x34 ./Drivers/STM32F4xx_HAL_Driver/Src/stm32f4xx_hal_hcd.o
 .ARM.attributes
                0x0000000000000317       0x34 ./Drivers/STM32F4xx_HAL_Driver/Src/stm32f4xx_hal_i2c.o
 .ARM.attributes
                0x000000000000034b       0x34 ./Drivers/STM32F4xx_HAL_Driver/Src/stm32f4xx_hal_i2s.o
 .ARM.attributes
                0x000000000000037f       0x34 ./Drivers/STM32F4xx_HAL_Driver/Src/stm32f4xx_hal_i2s_ex.o
 .ARM.attributes
                0x00000000000003b3       0x34 ./Drivers/STM32F4xx_HAL_Driver/Src/stm32f4xx_hal_rcc.o
 .ARM.attributes
                0x00000000000003e7       0x34 ./Drivers/STM32F4xx_HAL_Driver/Src/stm32f4xx_hal_rcc_ex.o
 .ARM.attributes
                0x000000000000041b       0x34 ./Drivers/STM32F4xx_HAL_Driver/Src/stm32f4xx_hal_uart.o
 .ARM.attributes
                0x000000000000044f       0x34 ./Drivers/STM32F4xx_HAL_Driver/Src/stm32f4xx_ll_usb.o
 .ARM.attributes
                0x0000000000000483       0x34 ./FATFS/App/fatfs.o
 .ARM.attributes
                0x00000000000004b7       0x34 ./FATFS/Target/usbh_diskio.o
 .ARM.attributes
                0x00000000000004eb       0x34 ./Middlewares/ST/STM32_USB_Host_Library/Class/MSC/Src/usbh_msc.o
 .ARM.attributes
                0x000000000000051f       0x34 ./Middlewares/ST/STM32_USB_Host_Library/Class/MSC/Src/usbh_msc_bot.o
 .ARM.attributes
                0x0000000000000553       0x34 ./Middlewares/ST/STM32_USB_Host_Library/Class/MSC/Src/usbh_msc_scsi.o
 .ARM.attributes
                0x0000000000000587       0x34 ./Middlewares/ST/STM32_USB_Host_Library/Core/Src/usbh_core.o
 .ARM.attributes
                0x00000000000005bb       0x34 ./Middlewares/ST/STM32_USB_Host_Library/Core/Src/usbh_ctlreq.o
 .ARM.attributes
                0x00000000000005ef       0x34 ./Middlewares/ST/STM32_USB_Host_Library/Core/Src/usbh_ioreq.o
 .ARM.attributes
                0x0000000000000623       0x34 ./Middlewares/ST/STM32_USB_Host_Library/Core/Src/usbh_pipes.o
 .ARM.attributes
                0x0000000000000657       0x34 ./Middlewares/Third_Party/FatFs/src/diskio.o
 .ARM.attributes
                0x000000000000068b       0x34 ./Middlewares/Third_Party/FatFs/src/ff.o
 .ARM.attributes
                0x00000000000006bf       0x34 ./Middlewares/Third_Party/FatFs/src/ff_gen_drv.o
 .ARM.attributes
                0x00000000000006f3       0x34 ./Middlewares/Third_Party/FatFs/src/option/ccsbcs.o
 .ARM.attributes
                0x0000000000000727       0x34 ./USB_HOST/App/usb_host.o
 .ARM.attributes
                0x000000000000075b       0x34 ./USB_HOST/Target/usbh_conf.o
 .ARM.attributes
                0x000000000000078f       0x34 ./USB_HOST/Target/usbh_platform.o
 .ARM.attributes
                0x00000000000007c3       0x34 ./gt_common/Src/commander.o
 .ARM.attributes
                0x00000000000007f7       0x34 ./gt_common/Src/pedalboard.o
 .ARM.attributes
                0x000000000000082b       0x34 c:/st/stm32cubeide_1.8.0/stm32cubeide/plugins/com.st.stm32cube.ide.mcu.externaltools.gnu-tools-for-stm32.10.3-2021.10.win32_1.0.0.202111181127/tools/bin/../lib/gcc/arm-none-eabi/10.3.1/../../../../arm-none-eabi/lib/thumb/v7e-m+fp/hard\libc_nano.a(lib_a-errno.o)
 .ARM.attributes
                0x000000000000085f       0x34 c:/st/stm32cubeide_1.8.0/stm32cubeide/plugins/com.st.stm32cube.ide.mcu.externaltools.gnu-tools-for-stm32.10.3-2021.10.win32_1.0.0.202111181127/tools/bin/../lib/gcc/arm-none-eabi/10.3.1/../../../../arm-none-eabi/lib/thumb/v7e-m+fp/hard\libc_nano.a(lib_a-impure.o)
 .ARM.attributes