Archive member included to satisfy reference by file (symbol)

c:/st/stm32cubeide_1.8.0/stm32cubeide/plugins/com.st.stm32cube.ide.mcu.externaltools.gnu-tools-for-stm32.9-2020-q2-update.win32_2.0.0.202105311346/tools/bin/../lib/gcc/arm-none-eabi/9.3.1/../../../../arm-none-eabi/lib/thumb/v7e-m+fp/hard\libc_nano.a(lib_a-errno.o)
                              ./Core/Src/syscalls.o (__errno)
c:/st/stm32cubeide_1.8.0/stm32cubeide/plugins/com.st.stm32cube.ide.mcu.externaltools.gnu-tools-for-stm32.9-2020-q2-update.win32_2.0.0.202105311346/tools/bin/../lib/gcc/arm-none-eabi/9.3.1/../../../../arm-none-eabi/lib/thumb/v7e-m+fp/hard\libc_nano.a(lib_a-exit.o)
                              c:/st/stm32cubeide_1.8.0/stm32cubeide/plugins/com.st.stm32cube.ide.mcu.externaltools.gnu-tools-for-stm32.9-2020-q2-update.win32_2.0.0.202105311346/tools/bin/../lib/gcc/arm-none-eabi/9.3.1/../../../../arm-none-eabi/lib/thumb/v7e-m+fp/hard/crt0.o (exit)
c:/st/stm32cubeide_1.8.0/stm32cubeide/plugins/com.st.stm32cube.ide.mcu.externaltools.gnu-tools-for-stm32.9-2020-q2-update.win32_2.0.0.202105311346/tools/bin/../lib/gcc/arm-none-eabi/9.3.1/../../../../arm-none-eabi/lib/thumb/v7e-m+fp/hard\libc_nano.a(lib_a-impure.o)
                              c:/st/stm32cubeide_1.8.0/stm32cubeide/plugins/com.st.stm32cube.ide.mcu.externaltools.gnu-tools-for-stm32.9-2020-q2-update.win32_2.0.0.202105311346/tools/bin/../lib/gcc/arm-none-eabi/9.3.1/../../../../arm-none-eabi/lib/thumb/v7e-m+fp/hard\libc_nano.a(lib_a-exit.o) (_global_impure_ptr)
c:/st/stm32cubeide_1.8.0/stm32cubeide/plugins/com.st.stm32cube.ide.mcu.externaltools.gnu-tools-for-stm32.9-2020-q2-update.win32_2.0.0.202105311346/tools/bin/../lib/gcc/arm-none-eabi/9.3.1/../../../../arm-none-eabi/lib/thumb/v7e-m+fp/hard\libc_nano.a(lib_a-init.o)
                              c:/st/stm32cubeide_1.8.0/stm32cubeide/plugins/com.st.stm32cube.ide.mcu.externaltools.gnu-tools-for-stm32.9-2020-q2-update.win32_2.0.0.202105311346/tools/bin/../lib/gcc/arm-none-eabi/9.3.1/../../../../arm-none-eabi/lib/thumb/v7e-m+fp/hard/crt0.o (__libc_init_array)
c:/st/stm32cubeide_1.8.0/stm32cubeide/plugins/com.st.stm32cube.ide.mcu.externaltools.gnu-tools-for-stm32.9-2020-q2-update.win32_2.0.0.202105311346/tools/bin/../lib/gcc/arm-none-eabi/9.3.1/../../../../arm-none-eabi/lib/thumb/v7e-m+fp/hard\libc_nano.a(lib_a-malloc.o)
                              ./Middlewares/ST/STM32_USB_Host_Library/Class/MSC/Src/usbh_msc.o (malloc)
c:/st/stm32cubeide_1.8.0/stm32cubeide/plugins/com.st.stm32cube.ide.mcu.externaltools.gnu-tools-for-stm32.9-2020-q2-update.win32_2.0.0.202105311346/tools/bin/../lib/gcc/arm-none-eabi/9.3.1/../../../../arm-none-eabi/lib/thumb/v7e-m+fp/hard\libc_nano.a(lib_a-memcpy-stub.o)
                              ./Core/Src/cs43l22.o (memcpy)
c:/st/stm32cubeide_1.8.0/stm32cubeide/plugins/com.st.stm32cube.ide.mcu.externaltools.gnu-tools-for-stm32.9-2020-q2-update.win32_2.0.0.202105311346/tools/bin/../lib/gcc/arm-none-eabi/9.3.1/../../../../arm-none-eabi/lib/thumb/v7e-m+fp/hard\libc_nano.a(lib_a-memset.o)
                              c:/st/stm32cubeide_1.8.0/stm32cubeide/plugins/com.st.stm32cube.ide.mcu.externaltools.gnu-tools-for-stm32.9-2020-q2-update.win32_2.0.0.202105311346/tools/bin/../lib/gcc/arm-none-eabi/9.3.1/../../../../arm-none-eabi/lib/thumb/v7e-m+fp/hard/crt0.o (memset)
c:/st/stm32cubeide_1.8.0/stm32cubeide/plugins/com.st.stm32cube.ide.mcu.externaltools.gnu-tools-for-stm32.9-2020-q2-update.win32_2.0.0.202105311346/tools/bin/../lib/gcc/arm-none-eabi/9.3.1/../../../../arm-none-eabi/lib/thumb/v7e-m+fp/hard\libc_nano.a(lib_a-nano-freer.o)
                              c:/st/stm32cubeide_1.8.0/stm32cubeide/plugins/com.st.stm32cube.ide.mcu.externaltools.gnu-tools-for-stm32.9-2020-q2-update.win32_2.0.0.202105311346/tools/bin/../lib/gcc/arm-none-eabi/9.3.1/../../../../arm-none-eabi/lib/thumb/v7e-m+fp/hard\libc_nano.a(lib_a-malloc.o) (_free_r)
c:/st/stm32cubeide_1.8.0/stm32cubeide/plugins/com.st.stm32cube.ide.mcu.externaltools.gnu-tools-for-stm32.9-2020-q2-update.win32_2.0.0.202105311346/tools/bin/../lib/gcc/arm-none-eabi/9.3.1/../../../../arm-none-eabi/lib/thumb/v7e-m+fp/hard\libc_nano.a(lib_a-nano-mallocr.o)
                              c:/st/stm32cubeide_1.8.0/stm32cubeide/plugins/com.st.stm32cube.ide.mcu.externaltools.gnu-tools-for-stm32.9-2020-q2-update.win32_2.0.0.202105311346/tools/bin/../lib/gcc/arm-none-eabi/9.3.1/../../../../arm-none-eabi/lib/thumb/v7e-m+fp/hard\libc_nano.a(lib_a-malloc.o) (_malloc_r)
c:/st/stm32cubeide_1.8.0/stm32cubeide/plugins/com.st.stm32cube.ide.mcu.externaltools.gnu-tools-for-stm32.9-2020-q2-update.win32_2.0.0.202105311346/tools/bin/../lib/gcc/arm-none-eabi/9.3.1/../../../../arm-none-eabi/lib/thumb/v7e-m+fp/hard\libc_nano.a(lib_a-sbrkr.o)
[...]
Memory Configuration

Name             Origin             Length             Attributes
CCMRAM           0x0000000010000000 0x0000000000010000 xrw
RAM              0x0000000020000000 0x0000000000020000 xrw
FLASH            0x0000000008000000 0x0000000000100000 xr
*default*        0x0000000000000000 0xffffffffffffffff

Linker script and memory map

LOAD c:/st/stm32cubeide_1.8.0/stm32cubeide/plugins/com.st.stm32cube.ide.mcu.externaltools.gnu-tools-for-stm32.9-2020-q2-update.win32_2.0.0.202105311346/tools/bin/../lib/gcc/arm-none-eabi/9.3.1/thumb/v7e-m+fp/hard/crti.o
LOAD c:/st/stm32cubeide_1.8.0/stm32cubeide/plugins/com.st.stm32cube.ide.mcu.externaltools.gnu-tools-for-stm32.9-2020-q2-update.win32_2.0.0.202105311346/tools/bin/../lib/gcc/arm-none-eabi/9.3.1/thumb/v7e-m+fp/hard/crtbegin.o
LOAD c:/st/stm32cubeide_1.8.0/stm32cubeide/plugins/com.st.stm32cube.ide.mcu.externaltools.gnu-tools-for-stm32.9-2020-q2-update.win32_2.0.0.202105311346/tools/bin/../lib/gcc/arm-none-eabi/9.3.1/../../../../arm-none-eabi/lib/thumb/v7e-m+fp/hard/crt0.o
LOAD ./Core/Src/cs43l22.o
LOAD ./Core/Src/main.o
LOAD ./Core/Src/pedalboard_min.o
LOAD ./Core/Src/stm32f4xx_hal_msp.o
LOAD ./Core/Src/stm32f4xx_it.o
LOAD ./Core/Src/syscalls.o
LOAD ./Core/Src/sysmem.o
LOAD ./Core/Src/system_stm32f4xx.o
LOAD ./Core/Startup/startup_stm32f407vgtx.o
LOAD ./Drivers/STM32F4xx_HAL_Driver/Src/stm32f4xx_hal.o
LOAD ./Drivers/STM32F4xx_HAL_Driver/Src/stm32f4xx_hal_cortex.o
LOAD ./Drivers/STM32F4xx_HAL_Driver/Src/stm32f4xx_hal_dma.o
LOAD ./Drivers/STM32F4xx_HAL_Driver/Src/stm32f4xx_hal_dma_ex.o
LOAD ./Drivers/STM32F4xx_HAL_Driver/Src/stm32f4xx_hal_exti.o
LOAD ./Drivers/STM32F4xx_HAL_Driver/Src/stm32f4xx_hal_flash.o
LOAD ./Drivers/STM32F4xx_HAL_Driver/Src/stm32f4xx_hal_flash_ex.o
LOAD ./Drivers/STM32F4xx_HAL_Driver/Src/stm32f4xx_hal_flash_ramfunc.o
LOAD ./Drivers/STM32F4xx_HAL_Driver/Src/stm32f4xx_hal_gpio.o
LOAD ./Drivers/STM32F4xx_HAL_Driver/Src/stm32f4xx_hal_hcd.o
LOAD ./Drivers/STM32F4xx_HAL_Driver/Src/stm32f4xx_hal_i2c.o
LOAD ./Drivers/STM32F4xx_HAL_Driver/Src/stm32f4xx_hal_i2c_ex.o
LOAD ./Drivers/STM32F4xx_HAL_Driver/Src/stm32f4xx_hal_i2s.o
LOAD ./Drivers/STM32F4xx_HAL_Driver/Src/stm32f4xx_hal_i2s_ex.o
LOAD ./Drivers/STM32F4xx_HAL_Driver/Src/stm32f4xx_hal_pwr.o
LOAD ./Drivers/STM32F4xx_HAL_Driver/Src/stm32f4xx_hal_pwr_ex.o
LOAD ./Drivers/STM32F4xx_HAL_Driver/Src/stm32f4xx_hal_rcc.o
LOAD ./Drivers/STM32F4xx_HAL_Driver/Src/stm32f4xx_hal_rcc_ex.o
LOAD ./Drivers/STM32F4xx_HAL_Driver/Src/stm32f4xx_hal_tim.o
LOAD ./Drivers/STM32F4xx_HAL_Driver/Src/stm32f4xx_hal_tim_ex.o
LOAD ./Drivers/STM32F4xx_HAL_Driver/Src/stm32f4xx_ll_usb.o
LOAD ./FATFS/App/fatfs.o
LOAD ./FATFS/Target/usbh_diskio.o
LOAD ./Middlewares/ST/STM32_USB_Host_Library/Class/MSC/Src/usbh_msc.o
LOAD ./Middlewares/ST/STM32_USB_Host_Library/Class/MSC/Src/usbh_msc_bot.o
LOAD ./Middlewares/ST/STM32_USB_Host_Library/Class/MSC/Src/usbh_msc_scsi.o
LOAD ./Middlewares/ST/STM32_USB_Host_Library/Core/Src/usbh_core.o
LOAD ./Middlewares/ST/STM32_USB_Host_Library/Core/Src/usbh_ctlreq.o
LOAD ./Middlewares/ST/STM32_USB_Host_Library/Core/Src/usbh_ioreq.o
LOAD ./Middlewares/ST/STM32_USB_Host_Library/Core/Src/usbh_pipes.o
LOAD ./Middlewares/Third_Party/FatFs/src/diskio.o
LOAD ./Middlewares/Third_Party/FatFs/src/ff.o
LOAD ./Middlewares/Third_Party/FatFs/src/ff_gen_drv.o
LOAD ./Middlewares/Third_Party/FatFs/src/option/syscall.o
LOAD ./USB_HOST/App/usb_host.o
LOAD ./USB_HOST/Target/usbh_conf.o
LOAD ./USB_HOST/Target/usbh_platform.o
START GROUP
LOAD c:/st/stm32cubeide_1.8.0/stm32cubeide/plugins/com.st.stm32cube.ide.mcu.externaltools.gnu-tools-for-stm32.9-2020-q2-update.win32_2.0.0.202105311346/tools/bin/../lib/gcc/arm-none-eabi/9.3.1/../../../../arm-none-eabi/lib/thumb/v7e-m+fp/hard\libc_nano.a
LOAD c:/st/stm32cubeide_1.8.0/stm32cubeide/plugins/com.st.stm32cube.ide.mcu.externaltools.gnu-tools-for-stm32.9-2020-q2-update.win32_2.0.0.202105311346/tools/bin/../lib/gcc/arm-none-eabi/9.3.1/../../../../arm-none-eabi/lib/thumb/v7e-m+fp/hard\libm.a
END GROUP
START GROUP
LOAD c:/st/stm32cubeide_1.8.0/stm32cubeide/plugins/com.st.stm32cube.ide.mcu.externaltools.gnu-tools-for-stm32.9-2020-q2-update.win32_2.0.0.202105311346/tools/bin/../lib/gcc/arm-none-eabi/9.3.1/thumb/v7e-m+fp/hard\libgcc.a
LOAD c:/st/stm32cubeide_1.8.0/stm32cubeide/plugins/com.st.stm32cube.ide.mcu.externaltools.gnu-tools-for-stm32.9-2020-q2-update.win32_2.0.0.202105311346/tools/bin/../lib/gcc/arm-none-eabi/9.3.1/../../../../arm-none-eabi/lib/thumb/v7e-m+fp/hard\libc_nano.a
END GROUP
START GROUP
LOAD c:/st/stm32cubeide_1.8.0/stm32cubeide/plugins/com.st.stm32cube.ide.mcu.externaltools.gnu-tools-for-stm32.9-2020-q2-update.win32_2.0.0.202105311346/tools/bin/../lib/gcc/arm-none-eabi/9.3.1/thumb/v7e-m+fp/hard\libgcc.a
LOAD c:/st/stm32cubeide_1.8.0/stm32cubeide/plugins/com.st.stm32cube.ide.mcu.externaltools.gnu-tools-for-stm32.9-2020-q2-update.win32_2.0.0.202105311346/tools/bin/../lib/gcc/arm-none-eabi/9.3.1/../../../../arm-none-eabi/lib/thumb/v7e-m+fp/hard\libc_nano.a
LOAD c:/st/stm32cubeide_1.8.0/stm32cubeide/plugins/com.st.stm32cube.ide.mcu.externaltools.gnu-tools-for-stm32.9-2020-q2-update.win32_2.0.0.202105311346/tools/bin/../lib/gcc/arm-none-eabi/9.3.1/../../../../arm-none-eabi/lib/thumb/v7e-m+fp/hard\libnosys.a
END GROUP
START GROUP
LOAD c:/st/stm32cubeide_1.8.0/stm32cubeide/plugins/com.st.stm32cube.ide.mcu.externaltools.gnu-tools-for-stm32.9-2020-q2-update.win32_2.0.0.202105311346/tools/bin/../lib/gcc/arm-none-eabi/9.3.1/thumb/v7e-m+fp/hard\libgcc.a
LOAD c:/st/stm32cubeide_1.8.0/stm32cubeide/plugins/com.st.stm32cube.ide.mcu.externaltools.gnu-tools-for-stm32.9-2020-q2-update.win32_2.0.0.202105311346/tools/bin/../lib/gcc/arm-none-eabi/9.3.1/../../../../arm-none-eabi/lib/thumb/v7e-m+fp/hard\libc_nano.a
LOAD c:/st/stm32cubeide_1.8.0/stm32cubeide/plugins/com.st.stm32cube.ide.mcu.externaltools.gnu-tools-for-stm32.9-2020-q2-update.win32_2.0.0.202105311346/tools/bin/../lib/gcc/arm-none-eabi/9.3.1/../../../../arm-none-eabi/lib/thumb/v7e-m+fp/hard\libnosys.a
END GROUP
LOAD c:/st/stm32cubeide_1.8.0/stm32cubeide/plugins/com.st.stm32cube.ide.mcu.externaltools.gnu-tools-for-stm32.9-2020-q2-update.win32_2.0.0.202105311346/tools/bin/../lib/gcc/arm-none-eabi/9.3.1/thumb/v7e-m+fp/hard/crtend.o
LOAD c:/st/stm32cubeide_1.8.0/stm32cubeide/plugins/com.st.stm32cube.ide.mcu.externaltools.gnu-tools-for-stm32.9-2020-q2-update.win32_2.0.0.202105311346/tools/bin/../lib/gcc/arm-none-eabi/9.3.1/thumb/v7e-m+fp/hard/crtn.o
                0x0000000020020000                _estack = (ORIGIN (RAM) + LENGTH (RAM))
                0x0000000000000200                _Min_Heap_Size = 0x200
                0x0000000000000400                _Min_Stack_Size = 0x400

.isr_vector     0x0000000008000000      0x188
                0x0000000008000000                . = ALIGN (0x4)
 *(.isr_vector)
 .isr_vector    0x0000000008000000      0x188 ./Core/Startup/startup_stm32f407vgtx.o
                0x0000000008000000                g_pfnVectors
                0x0000000008000188                . = ALIGN (0x4)

.text           0x0000000008000188     0xb804
                0x0000000008000188                . = ALIGN (0x4)
 *(.text)
 .text          0x0000000008000188       0x40 c:/st/stm32cubeide_1.8.0/stm32cubeide/plugins/com.st.stm32cube.ide.mcu.externaltools.gnu-tools-for-stm32.9-2020-q2-update.win32_2.0.0.202105311346/tools/bin/../lib/gcc/arm-none-eabi/9.3.1/thumb/v7e-m+fp/hard/crtbegin.o
 .text          0x00000000080001c8       0x30 c:/st/stm32cubeide_1.8.0/stm32cubeide/plugins/com.st.stm32cube.ide.mcu.externaltools.gnu-tools-for-stm32.9-2020-q2-update.win32_2.0.0.202105311346/tools/bin/../lib/gcc/arm-none-eabi/9.3.1/thumb/v7e-m+fp/hard\libgcc.a(_aeabi_uldivmod.o)
                0x00000000080001c8                __aeabi_uldivmod
 .text          0x00000000080001f8      0x2c4 c:/st/stm32cubeide_1.8.0/stm32cubeide/plugins/com.st.stm32cube.ide.mcu.externaltools.gnu-tools-for-stm32.9-2020-q2-update.win32_2.0.0.202105311346/tools/bin/../lib/gcc/arm-none-eabi/9.3.1/thumb/v7e-m+fp/hard\libgcc.a(_udivmoddi4.o)
                0x00000000080001f8                __udivmoddi4
 .text          0x00000000080004bc        0x4 c:/st/stm32cubeide_1.8.0/stm32cubeide/plugins/com.st.stm32cube.ide.mcu.externaltools.gnu-tools-for-stm32.9-2020-q2-update.win32_2.0.0.202105311346/tools/bin/../lib/gcc/arm-none-eabi/9.3.1/thumb/v7e-m+fp/hard\libgcc.a(_dvmd_tls.o)
                0x00000000080004bc                __aeabi_idiv0
                0x00000000080004bc                __aeabi_ldiv0
 *(.text*)
 .text.write_register
                0x00000000080004c0       0x3c ./Core/Src/cs43l22.o
 .text.read_register
                0x00000000080004fc       0x44 ./Core/Src/cs43l22.o
 .text.CS43_Init
                0x0000000008000540      0x228 ./Core/Src/cs43l22.o
                0x0000000008000540                CS43_Init
 .text.CS43_Enable_RightLeft
                0x0000000008000768       0xb8 ./Core/Src/cs43l22.o
                0x0000000008000768                CS43_Enable_RightLeft
 .text.CS43_SetVolume
                0x0000000008000820       0x84 ./Core/Src/cs43l22.o
                0x0000000008000820                CS43_SetVolume
 .text.CS43_Start
                0x00000000080008a4       0x84 ./Core/Src/cs43l22.o
                0x00000000080008a4                CS43_Start
 .text.HAL_I2S_RxHalfCpltCallback
                0x0000000008000928       0x54 ./Core/Src/main.o
                0x0000000008000928                HAL_I2S_RxHalfCpltCallback
 .text.HAL_I2S_RxCpltCallback
                0x000000000800097c       0x54 ./Core/Src/main.o
                0x000000000800097c                HAL_I2S_RxCpltCallback
 .text.HAL_I2S_TxHalfCpltCallback
                0x00000000080009d0       0x40 ./Core/Src/main.o
                0x00000000080009d0                HAL_I2S_TxHalfCpltCallback
 .text.HAL_I2S_TxCpltCallback
                0x0000000008000a10       0x40 ./Core/Src/main.o
                0x0000000008000a10                HAL_I2S_TxCpltCallback
 .text.main     0x0000000008000a50      0x178 ./Core/Src/main.o
                0x0000000008000a50                main
 .text.SystemClock_Config
                0x0000000008000bc8       0xd4 ./Core/Src/main.o
                0x0000000008000bc8                SystemClock_Config
 .text.PeriphCommonClock_Config
                0x0000000008000c9c       0x38 ./Core/Src/main.o
                0x0000000008000c9c                PeriphCommonClock_Config
 .text.MX_I2C1_Init
                0x0000000008000cd4       0x5c ./Core/Src/main.o
 .text.MX_I2S2_Init
                0x0000000008000d30       0x5c ./Core/Src/main.o
 .text.MX_I2S3_Init
                0x0000000008000d8c       0x5c ./Core/Src/main.o
 .text.MX_DMA_Init
                0x0000000008000de8       0x50 ./Core/Src/main.o
 .text.MX_GPIO_Init
                0x0000000008000e38      0x164 ./Core/Src/main.o
 .text.Error_Handler
                0x0000000008000f9c        0xa ./Core/Src/main.o
                0x0000000008000f9c                Error_Handler
 *fill*         0x0000000008000fa6        0x2 
 .text.overdrive_pedal_init
                0x0000000008000fa8       0x88 ./Core/Src/pedalboard_min.o
                0x0000000008000fa8                overdrive_pedal_init
 .text.overdrive_process
                0x0000000008001030       0x88 ./Core/Src/pedalboard_min.o
                0x0000000008001030                overdrive_process
 .text.bitcrusher_rs_pedal_init
                0x00000000080010b8       0x4c ./Core/Src/pedalboard_min.o
                0x00000000080010b8                bitcrusher_rs_pedal_init
 .text.bitcrusher_rs_process
                0x0000000008001104       0x96 ./Core/Src/pedalboard_min.o
                0x0000000008001104                bitcrusher_rs_process
 *fill*         0x000000000800119a        0x2 
 .text.tremolo_pedal_init
                0x000000000800119c       0x68 ./Core/Src/pedalboard_min.o
                0x000000000800119c                tremolo_pedal_init
 .text.tremolo_process
                0x0000000008001204       0x84 ./Core/Src/pedalboard_min.o
                0x0000000008001204                tremolo_process
 .text.overdrive_sqrt_pedal_init
                0x0000000008001288       0x64 ./Core/Src/pedalboard_min.o
                0x0000000008001288                overdrive_sqrt_pedal_init
 .text.overdrive_sqrt_process
                0x00000000080012ec       0xa0 ./Core/Src/pedalboard_min.o
                0x00000000080012ec                overdrive_sqrt_process
 .text.amplifier_pedal_init
                0x000000000800138c       0x3c ./Core/Src/pedalboard_min.o
                0x000000000800138c                amplifier_pedal_init
 .text.amplifier_process
                0x00000000080013c8       0x44 ./Core/Src/pedalboard_min.o
                0x00000000080013c8                amplifier_process
 .text.dyn_amplifier_pedal_init
                0x000000000800140c       0x14 ./Core/Src/pedalboard_min.o
                0x000000000800140c                dyn_amplifier_pedal_init
 .text.dyn_amplifier_process
                0x0000000008001420       0x20 ./Core/Src/pedalboard_min.o
                0x0000000008001420                dyn_amplifier_process
 .text.low_pass_filter_pedal_init
                0x0000000008001440       0x5c ./Core/Src/pedalboard_min.o
                0x0000000008001440                low_pass_filter_pedal_init
 .text.low_pass_filter_process
                0x000000000800149c       0x78 ./Core/Src/pedalboard_min.o
                0x000000000800149c                low_pass_filter_process
 .text.fuzz_pedal_init
                0x0000000008001514       0xa4 ./Core/Src/pedalboard_min.o
                0x0000000008001514                fuzz_pedal_init
 .text.fuzz_process
                0x00000000080015b8      0x134 ./Core/Src/pedalboard_min.o
                0x00000000080015b8                fuzz_process
 .text.bypass_pedal_init
                0x00000000080016ec       0x14 ./Core/Src/pedalboard_min.o
                0x00000000080016ec                bypass_pedal_init
 .text.bypass_process
                0x0000000008001700       0x20 ./Core/Src/pedalboard_min.o
                0x0000000008001700                bypass_process
 .text.mix      0x0000000008001720       0x40 ./Core/Src/pedalboard_min.o
                0x0000000008001720                mix
 .text.hard_clip
                0x0000000008001760       0x60 ./Core/Src/pedalboard_min.o
                0x0000000008001760                hard_clip
 .text.soft_clip
                0x00000000080017c0       0x96 ./Core/Src/pedalboard_min.o
                0x00000000080017c0                soft_clip
 .text.square_root
                0x0000000008001856       0x60 ./Core/Src/pedalboard_min.o
                0x0000000008001856                square_root
 *fill*         0x00000000080018b6        0x2 
 .text.wave_gen
                0x00000000080018b8       0xe0 ./Core/Src/pedalboard_min.o
                0x00000000080018b8                wave_gen
 .text.pedalboard_append
                0x0000000008001998      0x204 ./Core/Src/pedalboard_min.o
                0x0000000008001998                pedalboard_append
 .text.HAL_MspInit
                0x0000000008001b9c       0x50 ./Core/Src/stm32f4xx_hal_msp.o
                0x0000000008001b9c                HAL_MspInit
 .text.HAL_I2C_MspInit
                0x0000000008001bec       0x90 ./Core/Src/stm32f4xx_hal_msp.o
                0x0000000008001bec                HAL_I2C_MspInit
 .text.HAL_I2S_MspInit
                0x0000000008001c7c      0x270 ./Core/Src/stm32f4xx_hal_msp.o
                0x0000000008001c7c                HAL_I2S_MspInit
 .text.NMI_Handler
                0x0000000008001eec        0x6 ./Core/Src/stm32f4xx_it.o
                0x0000000008001eec                NMI_Handler
 .text.HardFault_Handler
                0x0000000008001ef2        0x6 ./Core/Src/stm32f4xx_it.o
                0x0000000008001ef2                HardFault_Handler
 .text.MemManage_Handler
                0x0000000008001ef8        0x6 ./Core/Src/stm32f4xx_it.o
                0x0000000008001ef8                MemManage_Handler
 .text.BusFault_Handler
                0x0000000008001efe        0x6 ./Core/Src/stm32f4xx_it.o
                0x0000000008001efe                BusFault_Handler
 .text.UsageFault_Handler
                0x0000000008001f04        0x6 ./Core/Src/stm32f4xx_it.o
                0x0000000008001f04                UsageFault_Handler
 .text.SVC_Handler
                0x0000000008001f0a        0xe ./Core/Src/stm32f4xx_it.o
                0x0000000008001f0a                SVC_Handler
 .text.DebugMon_Handler
                0x0000000008001f18        0xe ./Core/Src/stm32f4xx_it.o
                0x0000000008001f18                DebugMon_Handler
 .text.PendSV_Handler
                0x0000000008001f26        0xe ./Core/Src/stm32f4xx_it.o
                0x0000000008001f26                PendSV_Handler
 .text.SysTick_Handler
                0x0000000008001f34        0xc ./Core/Src/stm32f4xx_it.o
                0x0000000008001f34                SysTick_Handler
 .text.DMA1_Stream3_IRQHandler
                0x0000000008001f40       0x14 ./Core/Src/stm32f4xx_it.o
                0x0000000008001f40                DMA1_Stream3_IRQHandler
 .text.DMA1_Stream5_IRQHandler
                0x0000000008001f54       0x14 ./Core/Src/stm32f4xx_it.o
                0x0000000008001f54                DMA1_Stream5_IRQHandler
 .text.SPI2_IRQHandler
                0x0000000008001f68       0x14 ./Core/Src/stm32f4xx_it.o
                0x0000000008001f68                SPI2_IRQHandler
 .text.SPI3_IRQHandler
                0x0000000008001f7c       0x14 ./Core/Src/stm32f4xx_it.o
                0x0000000008001f7c                SPI3_IRQHandler
 .text.OTG_FS_IRQHandler
                0x0000000008001f90       0x14 ./Core/Src/stm32f4xx_it.o
                0x0000000008001f90                OTG_FS_IRQHandler
 .text._sbrk    0x0000000008001fa4       0x6c ./Core/Src/sysmem.o
                0x0000000008001fa4                _sbrk
 .text.SystemInit
                0x0000000008002010       0x24 ./Core/Src/system_stm32f4xx.o
                0x0000000008002010                SystemInit
 .text.Reset_Handler
                0x0000000008002034       0x50 ./Core/Startup/startup_stm32f407vgtx.o
                0x0000000008002034                Reset_Handler
 .text.Default_Handler
                0x0000000008002084        0x2 ./Core/Startup/startup_stm32f407vgtx.o
                0x0000000008002084                RTC_Alarm_IRQHandler
                0x0000000008002084                HASH_RNG_IRQHandler
                0x0000000008002084                EXTI2_IRQHandler
                0x0000000008002084                TIM8_CC_IRQHandler
                0x0000000008002084                TIM1_CC_IRQHandler
                0x0000000008002084                DMA2_Stream5_IRQHandler
                0x0000000008002084                PVD_IRQHandler
                0x0000000008002084                SDIO_IRQHandler
                0x0000000008002084                TAMP_STAMP_IRQHandler
                0x0000000008002084                CAN2_RX1_IRQHandler
                0x0000000008002084                EXTI3_IRQHandler
                0x0000000008002084                TIM8_TRG_COM_TIM14_IRQHandler
                0x0000000008002084                TIM1_UP_TIM10_IRQHandler
                0x0000000008002084                TIM8_UP_TIM13_IRQHandler
                0x0000000008002084                I2C3_ER_IRQHandler
                0x0000000008002084                EXTI0_IRQHandler
                0x0000000008002084                I2C2_EV_IRQHandler
                0x0000000008002084                DMA1_Stream2_IRQHandler
                0x0000000008002084                CAN1_RX0_IRQHandler
                0x0000000008002084                FPU_IRQHandler
                0x0000000008002084                OTG_HS_WKUP_IRQHandler
                0x0000000008002084                CAN2_SCE_IRQHandler
                0x0000000008002084                DMA2_Stream2_IRQHandler
                0x0000000008002084                SPI1_IRQHandler
                0x0000000008002084                TIM6_DAC_IRQHandler
                0x0000000008002084                TIM1_BRK_TIM9_IRQHandler
                0x0000000008002084                DCMI_IRQHandler
                0x0000000008002084                CAN2_RX0_IRQHandler
                0x0000000008002084                DMA2_Stream3_IRQHandler
                0x0000000008002084                USART6_IRQHandler
                0x0000000008002084                USART3_IRQHandler
                0x0000000008002084                CAN1_RX1_IRQHandler
                0x0000000008002084                UART5_IRQHandler
                0x0000000008002084                DMA2_Stream0_IRQHandler
                0x0000000008002084                TIM4_IRQHandler
                0x0000000008002084                I2C1_EV_IRQHandler
                0x0000000008002084                DMA1_Stream6_IRQHandler
                0x0000000008002084                DMA1_Stream1_IRQHandler
                0x0000000008002084                UART4_IRQHandler
                0x0000000008002084                TIM3_IRQHandler
                0x0000000008002084                RCC_IRQHandler
                0x0000000008002084                TIM8_BRK_TIM12_IRQHandler
                0x0000000008002084                Default_Handler
                0x0000000008002084                EXTI15_10_IRQHandler
                0x0000000008002084                ADC_IRQHandler
                0x0000000008002084                DMA1_Stream7_IRQHandler
                0x0000000008002084                TIM7_IRQHandler
                0x0000000008002084                CAN2_TX_IRQHandler
                0x0000000008002084                TIM5_IRQHandler
                0x0000000008002084                DMA2_Stream7_IRQHandler
                0x0000000008002084                I2C3_EV_IRQHandler
                0x0000000008002084                EXTI9_5_IRQHandler
                0x0000000008002084                RTC_WKUP_IRQHandler
                0x0000000008002084                ETH_WKUP_IRQHandler
                0x0000000008002084                OTG_HS_EP1_IN_IRQHandler
                0x0000000008002084                DMA1_Stream0_IRQHandler
                0x0000000008002084                CAN1_TX_IRQHandler
                0x0000000008002084                EXTI4_IRQHandler
                0x0000000008002084                FSMC_IRQHandler
                0x0000000008002084                ETH_IRQHandler
                0x0000000008002084                OTG_HS_EP1_OUT_IRQHandler
                0x0000000008002084                WWDG_IRQHandler
                0x0000000008002084                TIM2_IRQHandler
                0x0000000008002084                OTG_FS_WKUP_IRQHandler
                0x0000000008002084                TIM1_TRG_COM_TIM11_IRQHandler
                0x0000000008002084                OTG_HS_IRQHandler
                0x0000000008002084                EXTI1_IRQHandler
                0x0000000008002084                USART2_IRQHandler
                0x0000000008002084                I2C2_ER_IRQHandler
                0x0000000008002084                DMA2_Stream1_IRQHandler
                0x0000000008002084                CAN1_SCE_IRQHandler
                0x0000000008002084                FLASH_IRQHandler
                0x0000000008002084                DMA2_Stream4_IRQHandler
                0x0000000008002084                USART1_IRQHandler
                0x0000000008002084                DMA1_Stream4_IRQHandler
                0x0000000008002084                I2C1_ER_IRQHandler
                0x0000000008002084                DMA2_Stream6_IRQHandler
 *fill*         0x0000000008002086        0x2 
 .text.HAL_Init
                0x0000000008002088       0x44 ./Drivers/STM32F4xx_HAL_Driver/Src/stm32f4xx_hal.o
                0x0000000008002088                HAL_Init
 .text.HAL_InitTick
                0x00000000080020cc       0x60 ./Drivers/STM32F4xx_HAL_Driver/Src/stm32f4xx_hal.o
                0x00000000080020cc                HAL_InitTick
 .text.HAL_IncTick
                0x000000000800212c       0x28 ./Drivers/STM32F4xx_HAL_Driver/Src/stm32f4xx_hal.o
                0x000000000800212c                HAL_IncTick
 .text.HAL_GetTick
                0x0000000008002154       0x18 ./Drivers/STM32F4xx_HAL_Driver/Src/stm32f4xx_hal.o
                0x0000000008002154                HAL_GetTick
 .text.HAL_Delay
                0x000000000800216c       0x48 ./Drivers/STM32F4xx_HAL_Driver/Src/stm32f4xx_hal.o
                0x000000000800216c                HAL_Delay
 .text.__NVIC_SetPriorityGrouping
                0x00000000080021b4       0x48 ./Drivers/STM32F4xx_HAL_Driver/Src/stm32f4xx_hal_cortex.o
 .text.__NVIC_GetPriorityGrouping
                0x00000000080021fc       0x1c ./Drivers/STM32F4xx_HAL_Driver/Src/stm32f4xx_hal_cortex.o
 .text.__NVIC_EnableIRQ
                0x0000000008002218       0x3c ./Drivers/STM32F4xx_HAL_Driver/Src/stm32f4xx_hal_cortex.o
 .text.__NVIC_SetPriority
                0x0000000008002254       0x54 ./Drivers/STM32F4xx_HAL_Driver/Src/stm32f4xx_hal_cortex.o
 .text.NVIC_EncodePriority
                0x00000000080022a8       0x66 ./Drivers/STM32F4xx_HAL_Driver/Src/stm32f4xx_hal_cortex.o
 *fill*         0x000000000800230e        0x2 
 .text.SysTick_Config
                0x0000000008002310       0x44 ./Drivers/STM32F4xx_HAL_Driver/Src/stm32f4xx_hal_cortex.o
 .text.HAL_NVIC_SetPriorityGrouping
                0x0000000008002354       0x16 ./Drivers/STM32F4xx_HAL_Driver/Src/stm32f4xx_hal_cortex.o
                0x0000000008002354                HAL_NVIC_SetPriorityGrouping
 .text.HAL_NVIC_SetPriority
                0x000000000800236a       0x38 ./Drivers/STM32F4xx_HAL_Driver/Src/stm32f4xx_hal_cortex.o
                0x000000000800236a                HAL_NVIC_SetPriority
 .text.HAL_NVIC_EnableIRQ
                0x00000000080023a2       0x1c ./Drivers/STM32F4xx_HAL_Driver/Src/stm32f4xx_hal_cortex.o
                0x00000000080023a2                HAL_NVIC_EnableIRQ
 .text.HAL_SYSTICK_Config
                0x00000000080023be       0x18 ./Drivers/STM32F4xx_HAL_Driver/Src/stm32f4xx_hal_cortex.o
                0x00000000080023be                HAL_SYSTICK_Config
 *fill*         0x00000000080023d6        0x2 
 .text.HAL_DMA_Init
                0x00000000080023d8      0x15c ./Drivers/STM32F4xx_HAL_Driver/Src/stm32f4xx_hal_dma.o
                0x00000000080023d8                HAL_DMA_Init
 .text.HAL_DMA_Start_IT
                0x0000000008002534       0xb0 ./Drivers/STM32F4xx_HAL_Driver/Src/stm32f4xx_hal_dma.o
                0x0000000008002534                HAL_DMA_Start_IT
 .text.HAL_DMA_IRQHandler
                0x00000000080025e4      0x314 ./Drivers/STM32F4xx_HAL_Driver/Src/stm32f4xx_hal_dma.o
                0x00000000080025e4                HAL_DMA_IRQHandler
 .text.DMA_SetConfig
                0x00000000080028f8       0x5c ./Drivers/STM32F4xx_HAL_Driver/Src/stm32f4xx_hal_dma.o
 .text.DMA_CalcBaseAndBitshift
                0x0000000008002954       0x6c ./Drivers/STM32F4xx_HAL_Driver/Src/stm32f4xx_hal_dma.o
 .text.DMA_CheckFifoParam
                0x00000000080029c0       0xf8 ./Drivers/STM32F4xx_HAL_Driver/Src/stm32f4xx_hal_dma.o
 .text.HAL_GPIO_Init
                0x0000000008002ab8      0x338 ./Drivers/STM32F4xx_HAL_Driver/Src/stm32f4xx_hal_gpio.o
                0x0000000008002ab8                HAL_GPIO_Init
 .text.HAL_GPIO_ReadPin
                0x0000000008002df0       0x30 ./Drivers/STM32F4xx_HAL_Driver/Src/stm32f4xx_hal_gpio.o
                0x0000000008002df0                HAL_GPIO_ReadPin
 .text.HAL_GPIO_WritePin
                0x0000000008002e20       0x32 ./Drivers/STM32F4xx_HAL_Driver/Src/stm32f4xx_hal_gpio.o
                0x0000000008002e20                HAL_GPIO_WritePin
 .text.HAL_HCD_Init
                0x0000000008002e52       0xc4 ./Drivers/STM32F4xx_HAL_Driver/Src/stm32f4xx_hal_hcd.o
                0x0000000008002e52                HAL_HCD_Init
 .text.HAL_HCD_HC_Init
                0x0000000008002f16      0x11e ./Drivers/STM32F4xx_HAL_Driver/Src/stm32f4xx_hal_hcd.o
                0x0000000008002f16                HAL_HCD_HC_Init
 .text.HAL_HCD_HC_Halt
                0x0000000008003034       0x46 ./Drivers/STM32F4xx_HAL_Driver/Src/stm32f4xx_hal_hcd.o
                0x0000000008003034                HAL_HCD_HC_Halt
 *fill*         0x000000000800307a        0x2 
 .text.HAL_HCD_HC_SubmitRequest
                0x000000000800307c      0x2ac ./Drivers/STM32F4xx_HAL_Driver/Src/stm32f4xx_hal_hcd.o
                0x000000000800307c                HAL_HCD_HC_SubmitRequest
 .text.HAL_HCD_IRQHandler
                0x0000000008003328      0x216 ./Drivers/STM32F4xx_HAL_Driver/Src/stm32f4xx_hal_hcd.o
                0x0000000008003328                HAL_HCD_IRQHandler
 .text.HAL_HCD_Start
                0x000000000800353e       0x46 ./Drivers/STM32F4xx_HAL_Driver/Src/stm32f4xx_hal_hcd.o
                0x000000000800353e                HAL_HCD_Start
 .text.HAL_HCD_Stop
                0x0000000008003584       0x3a ./Drivers/STM32F4xx_HAL_Driver/Src/stm32f4xx_hal_hcd.o
                0x0000000008003584                HAL_HCD_Stop
 .text.HAL_HCD_ResetPort
                0x00000000080035be       0x1c ./Drivers/STM32F4xx_HAL_Driver/Src/stm32f4xx_hal_hcd.o
                0x00000000080035be                HAL_HCD_ResetPort
 .text.HAL_HCD_HC_GetURBState
                0x00000000080035da       0x28 ./Drivers/STM32F4xx_HAL_Driver/Src/stm32f4xx_hal_hcd.o
                0x00000000080035da                HAL_HCD_HC_GetURBState
 .text.HAL_HCD_HC_GetXferCount
                0x0000000008003602       0x28 ./Drivers/STM32F4xx_HAL_Driver/Src/stm32f4xx_hal_hcd.o
                0x0000000008003602                HAL_HCD_HC_GetXferCount
 .text.HAL_HCD_GetCurrentFrame
                0x000000000800362a       0x1c ./Drivers/STM32F4xx_HAL_Driver/Src/stm32f4xx_hal_hcd.o
                0x000000000800362a                HAL_HCD_GetCurrentFrame
 .text.HAL_HCD_GetCurrentSpeed
                0x0000000008003646       0x1c ./Drivers/STM32F4xx_HAL_Driver/Src/stm32f4xx_hal_hcd.o
                0x0000000008003646                HAL_HCD_GetCurrentSpeed
 .text.HCD_HC_IN_IRQHandler
                0x0000000008003662      0x844 ./Drivers/STM32F4xx_HAL_Driver/Src/stm32f4xx_hal_hcd.o
 .text.HCD_HC_OUT_IRQHandler
                0x0000000008003ea6      0x802 ./Drivers/STM32F4xx_HAL_Driver/Src/stm32f4xx_hal_hcd.o
 .text.HCD_RXQLVL_IRQHandler
                0x00000000080046a8      0x1a4 ./Drivers/STM32F4xx_HAL_Driver/Src/stm32f4xx_hal_hcd.o
 .text.HCD_Port_IRQHandler
                0x000000000800484c       0xe6 ./Drivers/STM32F4xx_HAL_Driver/Src/stm32f4xx_hal_hcd.o
 *fill*         0x0000000008004932        0x2 
 .text.HAL_I2C_Init
                0x0000000008004934      0x288 ./Drivers/STM32F4xx_HAL_Driver/Src/stm32f4xx_hal_i2c.o
                0x0000000008004934                HAL_I2C_Init
 .text.HAL_I2C_Master_Transmit
                0x0000000008004bbc      0x1fc ./Drivers/STM32F4xx_HAL_Driver/Src/stm32f4xx_hal_i2c.o
                0x0000000008004bbc                HAL_I2C_Master_Transmit
 .text.HAL_I2C_Master_Receive
                0x0000000008004db8      0x44c ./Drivers/STM32F4xx_HAL_Driver/Src/stm32f4xx_hal_i2c.o
                0x0000000008004db8                HAL_I2C_Master_Receive
 .text.I2C_MasterRequestWrite
                0x0000000008005204      0x104 ./Drivers/STM32F4xx_HAL_Driver/Src/stm32f4xx_hal_i2c.o
 .text.I2C_MasterRequestRead
                0x0000000008005308      0x19c ./Drivers/STM32F4xx_HAL_Driver/Src/stm32f4xx_hal_i2c.o
 .text.I2C_WaitOnFlagUntilTimeout
                0x00000000080054a4       0xae ./Drivers/STM32F4xx_HAL_Driver/Src/stm32f4xx_hal_i2c.o
 .text.I2C_WaitOnMasterAddressFlagUntilTimeout
                0x0000000008005552       0xfe ./Drivers/STM32F4xx_HAL_Driver/Src/stm32f4xx_hal_i2c.o
 .text.I2C_WaitOnTXEFlagUntilTimeout
                0x0000000008005650       0x82 ./Drivers/STM32F4xx_HAL_Driver/Src/stm32f4xx_hal_i2c.o
 .text.I2C_WaitOnBTFFlagUntilTimeout
                0x00000000080056d2       0x82 ./Drivers/STM32F4xx_HAL_Driver/Src/stm32f4xx_hal_i2c.o
 .text.I2C_WaitOnRXNEFlagUntilTimeout
                0x0000000008005754       0xac ./Drivers/STM32F4xx_HAL_Driver/Src/stm32f4xx_hal_i2c.o
 .text.I2C_IsAcknowledgeFailed
                0x0000000008005800       0x5e ./Drivers/STM32F4xx_HAL_Driver/Src/stm32f4xx_hal_i2c.o
 *fill*         0x000000000800585e        0x2 
 .text.HAL_I2S_Init
                0x0000000008005860      0x280 ./Drivers/STM32F4xx_HAL_Driver/Src/stm32f4xx_hal_i2s.o
                0x0000000008005860                HAL_I2S_Init
 .text.HAL_I2S_Transmit_DMA
                0x0000000008005ae0      0x150 ./Drivers/STM32F4xx_HAL_Driver/Src/stm32f4xx_hal_i2s.o
                0x0000000008005ae0                HAL_I2S_Transmit_DMA
 .text.HAL_I2S_Receive_DMA
                0x0000000008005c30      0x178 ./Drivers/STM32F4xx_HAL_Driver/Src/stm32f4xx_hal_i2s.o
                0x0000000008005c30                HAL_I2S_Receive_DMA
 .text.HAL_I2S_IRQHandler
                0x0000000008005da8       0x18 ./Drivers/STM32F4xx_HAL_Driver/Src/stm32f4xx_hal_i2s.o
                0x0000000008005da8                HAL_I2S_IRQHandler
 .text.HAL_I2S_ErrorCallback
                0x0000000008005dc0       0x14 ./Drivers/STM32F4xx_HAL_Driver/Src/stm32f4xx_hal_i2s.o
                0x0000000008005dc0                HAL_I2S_ErrorCallback
 .text.I2S_DMATxCplt
                0x0000000008005dd4       0x42 ./Drivers/STM32F4xx_HAL_Driver/Src/stm32f4xx_hal_i2s.o
 .text.I2S_DMATxHalfCplt
                0x0000000008005e16       0x1c ./Drivers/STM32F4xx_HAL_Driver/Src/stm32f4xx_hal_i2s.o
 .text.I2S_DMARxCplt
                0x0000000008005e32       0x42 ./Drivers/STM32F4xx_HAL_Driver/Src/stm32f4xx_hal_i2s.o
 .text.I2S_DMARxHalfCplt
                0x0000000008005e74       0x1c ./Drivers/STM32F4xx_HAL_Driver/Src/stm32f4xx_hal_i2s.o
 .text.I2S_DMAError
                0x0000000008005e90       0x4c ./Drivers/STM32F4xx_HAL_Driver/Src/stm32f4xx_hal_i2s.o
 .text.I2S_Transmit_IT
                0x0000000008005edc       0x5c ./Drivers/STM32F4xx_HAL_Driver/Src/stm32f4xx_hal_i2s.o
 .text.I2S_Receive_IT
                0x0000000008005f38       0x5e ./Drivers/STM32F4xx_HAL_Driver/Src/stm32f4xx_hal_i2s.o
 .text.I2S_IRQHandler
                0x0000000008005f96      0x114 ./Drivers/STM32F4xx_HAL_Driver/Src/stm32f4xx_hal_i2s.o
 *fill*         0x00000000080060aa        0x2 
 .text.HAL_I2SEx_FullDuplex_IRQHandler
                0x00000000080060ac      0x2a8 ./Drivers/STM32F4xx_HAL_Driver/Src/stm32f4xx_hal_i2s_ex.o
                0x00000000080060ac                HAL_I2SEx_FullDuplex_IRQHandler
 .text.HAL_I2SEx_TxRxCpltCallback
                0x0000000008006354       0x14 ./Drivers/STM32F4xx_HAL_Driver/Src/stm32f4xx_hal_i2s_ex.o
                0x0000000008006354                HAL_I2SEx_TxRxCpltCallback
 .text.I2SEx_TxISR_I2S
                0x0000000008006368       0x62 ./Drivers/STM32F4xx_HAL_Driver/Src/stm32f4xx_hal_i2s_ex.o
 *fill*         0x00000000080063ca        0x2 
 .text.I2SEx_TxISR_I2SExt
                0x00000000080063cc       0x98 ./Drivers/STM32F4xx_HAL_Driver/Src/stm32f4xx_hal_i2s_ex.o
 .text.I2SEx_RxISR_I2S
                0x0000000008006464       0x64 ./Drivers/STM32F4xx_HAL_Driver/Src/stm32f4xx_hal_i2s_ex.o
 .text.I2SEx_RxISR_I2SExt
                0x00000000080064c8       0x98 ./Drivers/STM32F4xx_HAL_Driver/Src/stm32f4xx_hal_i2s_ex.o
 .text.HAL_RCC_OscConfig
                0x0000000008006560      0x4f0 ./Drivers/STM32F4xx_HAL_Driver/Src/stm32f4xx_hal_rcc.o
                0x0000000008006560                HAL_RCC_OscConfig
 .text.HAL_RCC_ClockConfig
                0x0000000008006a50      0x1cc ./Drivers/STM32F4xx_HAL_Driver/Src/stm32f4xx_hal_rcc.o
                0x0000000008006a50                HAL_RCC_ClockConfig
 .text.HAL_RCC_GetSysClockFreq
                0x0000000008006c1c      0x1c4 ./Drivers/STM32F4xx_HAL_Driver/Src/stm32f4xx_hal_rcc.o
                0x0000000008006c1c                HAL_RCC_GetSysClockFreq
 .text.HAL_RCC_GetHCLKFreq
                0x0000000008006de0       0x18 ./Drivers/STM32F4xx_HAL_Driver/Src/stm32f4xx_hal_rcc.o
                0x0000000008006de0                HAL_RCC_GetHCLKFreq
 .text.HAL_RCC_GetPCLK1Freq
                0x0000000008006df8       0x28 ./Drivers/STM32F4xx_HAL_Driver/Src/stm32f4xx_hal_rcc.o
                0x0000000008006df8                HAL_RCC_GetPCLK1Freq
 .text.HAL_RCCEx_PeriphCLKConfig
                0x0000000008006e20      0x1c4 ./Drivers/STM32F4xx_HAL_Driver/Src/stm32f4xx_hal_rcc_ex.o
                0x0000000008006e20                HAL_RCCEx_PeriphCLKConfig
 .text.HAL_RCCEx_GetPeriphCLKFreq
                0x0000000008006fe4       0xbc ./Drivers/STM32F4xx_HAL_Driver/Src/stm32f4xx_hal_rcc_ex.o
                0x0000000008006fe4                HAL_RCCEx_GetPeriphCLKFreq
 .text.USB_CoreInit
                0x00000000080070a0       0xc2 ./Drivers/STM32F4xx_HAL_Driver/Src/stm32f4xx_ll_usb.o
                0x00000000080070a0                USB_CoreInit
 .text.USB_EnableGlobalInt
                0x0000000008007162       0x22 ./Drivers/STM32F4xx_HAL_Driver/Src/stm32f4xx_ll_usb.o
                0x0000000008007162                USB_EnableGlobalInt
 .text.USB_DisableGlobalInt
                0x0000000008007184       0x22 ./Drivers/STM32F4xx_HAL_Driver/Src/stm32f4xx_ll_usb.o
                0x0000000008007184                USB_DisableGlobalInt
 .text.USB_SetCurrentMode
                0x00000000080071a6       0x98 ./Drivers/STM32F4xx_HAL_Driver/Src/stm32f4xx_ll_usb.o
                0x00000000080071a6                USB_SetCurrentMode
 *fill*         0x000000000800723e        0x2 
 .text.USB_FlushTxFifo
                0x0000000008007240       0x48 ./Drivers/STM32F4xx_HAL_Driver/Src/stm32f4xx_ll_usb.o
                0x0000000008007240                USB_FlushTxFifo
 .text.USB_FlushRxFifo
                0x0000000008007288       0x40 ./Drivers/STM32F4xx_HAL_Driver/Src/stm32f4xx_ll_usb.o
                0x0000000008007288                USB_FlushRxFifo
 .text.USB_WritePacket
                0x00000000080072c8       0x7c ./Drivers/STM32F4xx_HAL_Driver/Src/stm32f4xx_ll_usb.o
                0x00000000080072c8                USB_WritePacket
 .text.USB_ReadPacket
                0x0000000008007344       0xb0 ./Drivers/STM32F4xx_HAL_Driver/Src/stm32f4xx_ll_usb.o
                0x0000000008007344                USB_ReadPacket
 .text.USB_ReadInterrupts
                0x00000000080073f4       0x26 ./Drivers/STM32F4xx_HAL_Driver/Src/stm32f4xx_ll_usb.o
                0x00000000080073f4                USB_ReadInterrupts
 .text.USB_GetMode
                0x000000000800741a       0x1c ./Drivers/STM32F4xx_HAL_Driver/Src/stm32f4xx_ll_usb.o
                0x000000000800741a                USB_GetMode
 *fill*         0x0000000008007436        0x2 
 .text.USB_CoreReset
                0x0000000008007438       0x64 ./Drivers/STM32F4xx_HAL_Driver/Src/stm32f4xx_ll_usb.o
 .text.USB_HostInit
                0x000000000800749c      0x168 ./Drivers/STM32F4xx_HAL_Driver/Src/stm32f4xx_ll_usb.o
                0x000000000800749c                USB_HostInit
 .text.USB_InitFSLSPClkSel
                0x0000000008007604       0x74 ./Drivers/STM32F4xx_HAL_Driver/Src/stm32f4xx_ll_usb.o
                0x0000000008007604                USB_InitFSLSPClkSel
 .text.USB_ResetPort
                0x0000000008007678       0x54 ./Drivers/STM32F4xx_HAL_Driver/Src/stm32f4xx_ll_usb.o
                0x0000000008007678                USB_ResetPort
 .text.USB_DriveVbus
                0x00000000080076cc       0x72 ./Drivers/STM32F4xx_HAL_Driver/Src/stm32f4xx_ll_usb.o
                0x00000000080076cc                USB_DriveVbus
 .text.USB_GetHostSpeed
                0x000000000800773e       0x2e ./Drivers/STM32F4xx_HAL_Driver/Src/stm32f4xx_ll_usb.o
                0x000000000800773e                USB_GetHostSpeed
 .text.USB_GetCurrentFrame
                0x000000000800776c       0x22 ./Drivers/STM32F4xx_HAL_Driver/Src/stm32f4xx_ll_usb.o
                0x000000000800776c                USB_GetCurrentFrame
 *fill*         0x000000000800778e        0x2 
 .text.USB_HC_Init
                0x0000000008007790      0x21c ./Drivers/STM32F4xx_HAL_Driver/Src/stm32f4xx_ll_usb.o
                0x0000000008007790                USB_HC_Init
 .text.USB_HC_StartXfer
                0x00000000080079ac      0x284 ./Drivers/STM32F4xx_HAL_Driver/Src/stm32f4xx_ll_usb.o
                0x00000000080079ac                USB_HC_StartXfer
 .text.USB_HC_ReadInterrupt
                0x0000000008007c30       0x22 ./Drivers/STM32F4xx_HAL_Driver/Src/stm32f4xx_ll_usb.o
                0x0000000008007c30                USB_HC_ReadInterrupt
 .text.USB_HC_Halt
                0x0000000008007c52      0x238 ./Drivers/STM32F4xx_HAL_Driver/Src/stm32f4xx_ll_usb.o
                0x0000000008007c52                USB_HC_Halt
 *fill*         0x0000000008007e8a        0x2 
 .text.USB_DoPing
                0x0000000008007e8c       0x78 ./Drivers/STM32F4xx_HAL_Driver/Src/stm32f4xx_ll_usb.o
                0x0000000008007e8c                USB_DoPing
 .text.USB_StopHost
                0x0000000008007f04      0x10c ./Drivers/STM32F4xx_HAL_Driver/Src/stm32f4xx_ll_usb.o
                0x0000000008007f04                USB_StopHost
 .text.MX_FATFS_Init
                0x0000000008008010       0x24 ./FATFS/App/fatfs.o
                0x0000000008008010                MX_FATFS_Init
 .text.USBH_initialize
                0x0000000008008034       0x18 ./FATFS/Target/usbh_diskio.o
                0x0000000008008034                USBH_initialize
 .text.USBH_status
                0x000000000800804c       0x38 ./FATFS/Target/usbh_diskio.o
                0x000000000800804c                USBH_status
 .text.USBH_read
                0x0000000008008084       0x74 ./FATFS/Target/usbh_diskio.o
                0x0000000008008084                USBH_read
 .text.USBH_write
                0x00000000080080f8       0x84 ./FATFS/Target/usbh_diskio.o
                0x00000000080080f8                USBH_write
 .text.USBH_ioctl
                0x000000000800817c       0xd8 ./FATFS/Target/usbh_diskio.o
                0x000000000800817c                USBH_ioctl
 .text.USBH_MSC_InterfaceInit
                0x0000000008008254      0x216 ./Middlewares/ST/STM32_USB_Host_Library/Class/MSC/Src/usbh_msc.o
 .text.USBH_MSC_InterfaceDeInit
                0x000000000800846a       0x8c ./Middlewares/ST/STM32_USB_Host_Library/Class/MSC/Src/usbh_msc.o
 .text.USBH_MSC_ClassRequest
                0x00000000080084f6       0xce ./Middlewares/ST/STM32_USB_Host_Library/Class/MSC/Src/usbh_msc.o
 .text.USBH_MSC_Process
                0x00000000080085c4      0x520 ./Middlewares/ST/STM32_USB_Host_Library/Class/MSC/Src/usbh_msc.o
 .text.USBH_MSC_SOFProcess
                0x0000000008008ae4       0x16 ./Middlewares/ST/STM32_USB_Host_Library/Class/MSC/Src/usbh_msc.o
 .text.USBH_MSC_RdWrProcess
                0x0000000008008afa      0x19e ./Middlewares/ST/STM32_USB_Host_Library/Class/MSC/Src/usbh_msc.o
 .text.USBH_MSC_UnitIsReady
                0x0000000008008c98       0x4c ./Middlewares/ST/STM32_USB_Host_Library/Class/MSC/Src/usbh_msc.o
                0x0000000008008c98                USBH_MSC_UnitIsReady
 .text.USBH_MSC_GetLUNInfo
                0x0000000008008ce4       0x48 ./Middlewares/ST/STM32_USB_Host_Library/Class/MSC/Src/usbh_msc.o
                0x0000000008008ce4                USBH_MSC_GetLUNInfo
 .text.USBH_MSC_Read
                0x0000000008008d2c       0xd2 ./Middlewares/ST/STM32_USB_Host_Library/Class/MSC/Src/usbh_msc.o
                0x0000000008008d2c                USBH_MSC_Read
 .text.USBH_MSC_Write
                0x0000000008008dfe       0xd2 ./Middlewares/ST/STM32_USB_Host_Library/Class/MSC/Src/usbh_msc.o
                0x0000000008008dfe                USBH_MSC_Write
 .text.USBH_MSC_BOT_REQ_Reset
                0x0000000008008ed0       0x3a ./Middlewares/ST/STM32_USB_Host_Library/Class/MSC/Src/usbh_msc_bot.o
                0x0000000008008ed0                USBH_MSC_BOT_REQ_Reset
 .text.USBH_MSC_BOT_REQ_GetMaxLUN
                0x0000000008008f0a       0x3c ./Middlewares/ST/STM32_USB_Host_Library/Class/MSC/Src/usbh_msc_bot.o
                0x0000000008008f0a                USBH_MSC_BOT_REQ_GetMaxLUN
 *fill*         0x0000000008008f46        0x2 
 .text.USBH_MSC_BOT_Init
                0x0000000008008f48       0x44 ./Middlewares/ST/STM32_USB_Host_Library/Class/MSC/Src/usbh_msc_bot.o
                0x0000000008008f48                USBH_MSC_BOT_Init
 .text.USBH_MSC_BOT_Process
                0x0000000008008f8c      0x39c ./Middlewares/ST/STM32_USB_Host_Library/Class/MSC/Src/usbh_msc_bot.o
                0x0000000008008f8c                USBH_MSC_BOT_Process
 .text.USBH_MSC_BOT_Abort
                0x0000000008009328       0x58 ./Middlewares/ST/STM32_USB_Host_Library/Class/MSC/Src/usbh_msc_bot.o
 .text.USBH_MSC_DecodeCSW
                0x0000000008009380       0x88 ./Middlewares/ST/STM32_USB_Host_Library/Class/MSC/Src/usbh_msc_bot.o
 .text.USBH_MSC_SCSI_TestUnitReady
                0x0000000008009408       0x86 ./Middlewares/ST/STM32_USB_Host_Library/Class/MSC/Src/usbh_msc_scsi.o
                0x0000000008009408                USBH_MSC_SCSI_TestUnitReady
 .text.USBH_MSC_SCSI_ReadCapacity
                0x000000000800948e       0xf6 ./Middlewares/ST/STM32_USB_Host_Library/Class/MSC/Src/usbh_msc_scsi.o
                0x000000000800948e                USBH_MSC_SCSI_ReadCapacity
 .text.USBH_MSC_SCSI_Inquiry
                0x0000000008009584      0x14a ./Middlewares/ST/STM32_USB_Host_Library/Class/MSC/Src/usbh_msc_scsi.o
                0x0000000008009584                USBH_MSC_SCSI_Inquiry
 .text.USBH_MSC_SCSI_RequestSense
                0x00000000080096ce       0xf2 ./Middlewares/ST/STM32_USB_Host_Library/Class/MSC/Src/usbh_msc_scsi.o
                0x00000000080096ce                USBH_MSC_SCSI_RequestSense
 .text.USBH_MSC_SCSI_Write
                0x00000000080097c0       0xd6 ./Middlewares/ST/STM32_USB_Host_Library/Class/MSC/Src/usbh_msc_scsi.o
                0x00000000080097c0                USBH_MSC_SCSI_Write
 .text.USBH_MSC_SCSI_Read
                0x0000000008009896       0xd6 ./Middlewares/ST/STM32_USB_Host_Library/Class/MSC/Src/usbh_msc_scsi.o
                0x0000000008009896                USBH_MSC_SCSI_Read
 .text.USBH_Init
                0x000000000800996c       0x74 ./Middlewares/ST/STM32_USB_Host_Library/Core/Src/usbh_core.o
                0x000000000800996c                USBH_Init
 .text.DeInitStateMachine
                0x00000000080099e0       0xa8 ./Middlewares/ST/STM32_USB_Host_Library/Core/Src/usbh_core.o
 .text.USBH_RegisterClass
                0x0000000008009a88       0x54 ./Middlewares/ST/STM32_USB_Host_Library/Core/Src/usbh_core.o
                0x0000000008009a88                USBH_RegisterClass
 .text.USBH_SelectInterface
                0x0000000008009adc       0x38 ./Middlewares/ST/STM32_USB_Host_Library/Core/Src/usbh_core.o
                0x0000000008009adc                USBH_SelectInterface
 .text.USBH_FindInterface
                0x0000000008009b14       0x8c ./Middlewares/ST/STM32_USB_Host_Library/Core/Src/usbh_core.o
                0x0000000008009b14                USBH_FindInterface
 .text.USBH_Start
                0x0000000008009ba0       0x20 ./Middlewares/ST/STM32_USB_Host_Library/Core/Src/usbh_core.o
                0x0000000008009ba0                USBH_Start
 .text.USBH_Process
                0x0000000008009bc0      0x3c0 ./Middlewares/ST/STM32_USB_Host_Library/Core/Src/usbh_core.o
                0x0000000008009bc0                USBH_Process
 .text.USBH_HandleEnum
                0x0000000008009f80      0x3c8 ./Middlewares/ST/STM32_USB_Host_Library/Core/Src/usbh_core.o
 .text.USBH_LL_SetTimer
                0x000000000800a348       0x1e ./Middlewares/ST/STM32_USB_Host_Library/Core/Src/usbh_core.o
                0x000000000800a348                USBH_LL_SetTimer
 .text.USBH_LL_IncTimer
                0x000000000800a366       0x24 ./Middlewares/ST/STM32_USB_Host_Library/Core/Src/usbh_core.o
                0x000000000800a366                USBH_LL_IncTimer
 .text.USBH_HandleSof
                0x000000000800a38a       0x30 ./Middlewares/ST/STM32_USB_Host_Library/Core/Src/usbh_core.o
 .text.USBH_LL_PortEnabled
                0x000000000800a3ba       0x1c ./Middlewares/ST/STM32_USB_Host_Library/Core/Src/usbh_core.o
                0x000000000800a3ba                USBH_LL_PortEnabled
 .text.USBH_LL_PortDisabled
                0x000000000800a3d6       0x1c ./Middlewares/ST/STM32_USB_Host_Library/Core/Src/usbh_core.o
                0x000000000800a3d6                USBH_LL_PortDisabled
 .text.USBH_LL_Connect
                0x000000000800a3f2       0x2e ./Middlewares/ST/STM32_USB_Host_Library/Core/Src/usbh_core.o
                0x000000000800a3f2                USBH_LL_Connect
 .text.USBH_LL_Disconnect
                0x000000000800a420       0x48 ./Middlewares/ST/STM32_USB_Host_Library/Core/Src/usbh_core.o
                0x000000000800a420                USBH_LL_Disconnect
 .text.USBH_Get_DevDesc
                0x000000000800a468       0x50 ./Middlewares/ST/STM32_USB_Host_Library/Core/Src/usbh_ctlreq.o
                0x000000000800a468                USBH_Get_DevDesc
 .text.USBH_Get_CfgDesc
                0x000000000800a4b8       0x48 ./Middlewares/ST/STM32_USB_Host_Library/Core/Src/usbh_ctlreq.o
                0x000000000800a4b8                USBH_Get_CfgDesc
 .text.USBH_Get_StringDesc
                0x000000000800a500       0x56 ./Middlewares/ST/STM32_USB_Host_Library/Core/Src/usbh_ctlreq.o
                0x000000000800a500                USBH_Get_StringDesc
 .text.USBH_GetDescriptor
                0x000000000800a556       0x6a ./Middlewares/ST/STM32_USB_Host_Library/Core/Src/usbh_ctlreq.o
                0x000000000800a556                USBH_GetDescriptor
 .text.USBH_SetAddress
                0x000000000800a5c0       0x48 ./Middlewares/ST/STM32_USB_Host_Library/Core/Src/usbh_ctlreq.o
                0x000000000800a5c0                USBH_SetAddress
 .text.USBH_SetCfg
                0x000000000800a608       0x46 ./Middlewares/ST/STM32_USB_Host_Library/Core/Src/usbh_ctlreq.o
                0x000000000800a608                USBH_SetCfg
 .text.USBH_SetFeature
                0x000000000800a64e       0x48 ./Middlewares/ST/STM32_USB_Host_Library/Core/Src/usbh_ctlreq.o
                0x000000000800a64e                USBH_SetFeature
 .text.USBH_ClrFeature
                0x000000000800a696       0x48 ./Middlewares/ST/STM32_USB_Host_Library/Core/Src/usbh_ctlreq.o
                0x000000000800a696                USBH_ClrFeature
 .text.USBH_ParseDevDesc
                0x000000000800a6de       0xe0 ./Middlewares/ST/STM32_USB_Host_Library/Core/Src/usbh_ctlreq.o
 .text.USBH_ParseCfgDesc
                0x000000000800a7be      0x144 ./Middlewares/ST/STM32_USB_Host_Library/Core/Src/usbh_ctlreq.o
 .text.USBH_ParseInterfaceDesc
                0x000000000800a902       0x5e ./Middlewares/ST/STM32_USB_Host_Library/Core/Src/usbh_ctlreq.o
 .text.USBH_ParseEPDesc
                0x000000000800a960       0x5a ./Middlewares/ST/STM32_USB_Host_Library/Core/Src/usbh_ctlreq.o
 .text.USBH_ParseStringDesc
                0x000000000800a9ba       0x66 ./Middlewares/ST/STM32_USB_Host_Library/Core/Src/usbh_ctlreq.o
 .text.USBH_GetNextDesc
                0x000000000800aa20       0x36 ./Middlewares/ST/STM32_USB_Host_Library/Core/Src/usbh_ctlreq.o
                0x000000000800aa20                USBH_GetNextDesc
 .text.USBH_CtlReq
                0x000000000800aa56       0x7a ./Middlewares/ST/STM32_USB_Host_Library/Core/Src/usbh_ctlreq.o
                0x000000000800aa56                USBH_CtlReq
 .text.USBH_HandleControl
                0x000000000800aad0      0x2e8 ./Middlewares/ST/STM32_USB_Host_Library/Core/Src/usbh_ctlreq.o
 .text.USBH_CtlSendSetup
                0x000000000800adb8       0x34 ./Middlewares/ST/STM32_USB_Host_Library/Core/Src/usbh_ioreq.o
                0x000000000800adb8                USBH_CtlSendSetup
 .text.USBH_CtlSendData
                0x000000000800adec       0x4a ./Middlewares/ST/STM32_USB_Host_Library/Core/Src/usbh_ioreq.o
                0x000000000800adec                USBH_CtlSendData
 .text.USBH_CtlReceiveData
                0x000000000800ae36       0x3c ./Middlewares/ST/STM32_USB_Host_Library/Core/Src/usbh_ioreq.o
                0x000000000800ae36                USBH_CtlReceiveData
 .text.USBH_BulkSendData
                0x000000000800ae72       0x4a ./Middlewares/ST/STM32_USB_Host_Library/Core/Src/usbh_ioreq.o
                0x000000000800ae72                USBH_BulkSendData
 .text.USBH_BulkReceiveData
                0x000000000800aebc       0x3c ./Middlewares/ST/STM32_USB_Host_Library/Core/Src/usbh_ioreq.o
                0x000000000800aebc                USBH_BulkReceiveData
 .text.USBH_OpenPipe
                0x000000000800aef8       0x3e ./Middlewares/ST/STM32_USB_Host_Library/Core/Src/usbh_pipes.o
                0x000000000800aef8                USBH_OpenPipe
 .text.USBH_ClosePipe
                0x000000000800af36       0x20 ./Middlewares/ST/STM32_USB_Host_Library/Core/Src/usbh_pipes.o
                0x000000000800af36                USBH_ClosePipe
 .text.USBH_AllocPipe
                0x000000000800af56       0x42 ./Middlewares/ST/STM32_USB_Host_Library/Core/Src/usbh_pipes.o
                0x000000000800af56                USBH_AllocPipe
 .text.USBH_FreePipe
                0x000000000800af98       0x3c ./Middlewares/ST/STM32_USB_Host_Library/Core/Src/usbh_pipes.o
                0x000000000800af98                USBH_FreePipe
 .text.USBH_GetFreePipe
                0x000000000800afd4       0x48 ./Middlewares/ST/STM32_USB_Host_Library/Core/Src/usbh_pipes.o
 .text.FATFS_LinkDriverEx
                0x000000000800b01c       0x98 ./Middlewares/Third_Party/FatFs/src/ff_gen_drv.o
                0x000000000800b01c                FATFS_LinkDriverEx
 .text.FATFS_LinkDriver
                0x000000000800b0b4       0x1e ./Middlewares/Third_Party/FatFs/src/ff_gen_drv.o
                0x000000000800b0b4                FATFS_LinkDriver
 *fill*         0x000000000800b0d2        0x2 
 .text.MX_USB_HOST_Init
                0x000000000800b0d4       0x4c ./USB_HOST/App/usb_host.o
                0x000000000800b0d4                MX_USB_HOST_Init
 .text.MX_USB_HOST_Process
                0x000000000800b120       0x14 ./USB_HOST/App/usb_host.o
                0x000000000800b120                MX_USB_HOST_Process
 .text.USBH_UserProcess
                0x000000000800b134       0x5c ./USB_HOST/App/usb_host.o
 .text.HAL_HCD_MspInit
                0x000000000800b190       0xc4 ./USB_HOST/Target/usbh_conf.o
                0x000000000800b190                HAL_HCD_MspInit
 .text.HAL_HCD_SOF_Callback
                0x000000000800b254       0x1c ./USB_HOST/Target/usbh_conf.o
                0x000000000800b254                HAL_HCD_SOF_Callback
 .text.HAL_HCD_Connect_Callback
                0x000000000800b270       0x1c ./USB_HOST/Target/usbh_conf.o
                0x000000000800b270                HAL_HCD_Connect_Callback
 .text.HAL_HCD_Disconnect_Callback
                0x000000000800b28c       0x1c ./USB_HOST/Target/usbh_conf.o
                0x000000000800b28c                HAL_HCD_Disconnect_Callback
 .text.HAL_HCD_HC_NotifyURBChange_Callback
                0x000000000800b2a8       0x1c ./USB_HOST/Target/usbh_conf.o
                0x000000000800b2a8                HAL_HCD_HC_NotifyURBChange_Callback
 .text.HAL_HCD_PortEnabled_Callback
                0x000000000800b2c4       0x1c ./USB_HOST/Target/usbh_conf.o
                0x000000000800b2c4                HAL_HCD_PortEnabled_Callback
 .text.HAL_HCD_PortDisabled_Callback
                0x000000000800b2e0       0x1c ./USB_HOST/Target/usbh_conf.o
                0x000000000800b2e0                HAL_HCD_PortDisabled_Callback
 .text.USBH_LL_Init
                0x000000000800b2fc       0x78 ./USB_HOST/Target/usbh_conf.o
                0x000000000800b2fc                USBH_LL_Init
 .text.USBH_LL_Start
                0x000000000800b374       0x36 ./USB_HOST/Target/usbh_conf.o
                0x000000000800b374                USBH_LL_Start
 .text.USBH_LL_Stop
                0x000000000800b3aa       0x36 ./USB_HOST/Target/usbh_conf.o
                0x000000000800b3aa                USBH_LL_Stop
 .text.USBH_LL_GetSpeed
                0x000000000800b3e0       0x4e ./USB_HOST/Target/usbh_conf.o
                0x000000000800b3e0                USBH_LL_GetSpeed
 .text.USBH_LL_ResetPort
                0x000000000800b42e       0x36 ./USB_HOST/Target/usbh_conf.o
                0x000000000800b42e                USBH_LL_ResetPort
 .text.USBH_LL_GetLastXferSize
                0x000000000800b464       0x26 ./USB_HOST/Target/usbh_conf.o
                0x000000000800b464                USBH_LL_GetLastXferSize
 .text.USBH_LL_OpenPipe
                0x000000000800b48a       0x5e ./USB_HOST/Target/usbh_conf.o
                0x000000000800b48a                USBH_LL_OpenPipe
 .text.USBH_LL_ClosePipe
                0x000000000800b4e8       0x3e ./USB_HOST/Target/usbh_conf.o
                0x000000000800b4e8                USBH_LL_ClosePipe
 .text.USBH_LL_SubmitURB
                0x000000000800b526       0x62 ./USB_HOST/Target/usbh_conf.o
                0x000000000800b526                USBH_LL_SubmitURB
 .text.USBH_LL_GetURBState
                0x000000000800b588       0x26 ./USB_HOST/Target/usbh_conf.o
                0x000000000800b588                USBH_LL_GetURBState
 .text.USBH_LL_DriverVBUS
                0x000000000800b5ae       0x2e ./USB_HOST/Target/usbh_conf.o
                0x000000000800b5ae                USBH_LL_DriverVBUS
 .text.USBH_LL_SetToggle
                0x000000000800b5dc       0x60 ./USB_HOST/Target/usbh_conf.o
                0x000000000800b5dc                USBH_LL_SetToggle
 .text.USBH_LL_GetToggle
                0x000000000800b63c       0x60 ./USB_HOST/Target/usbh_conf.o
                0x000000000800b63c                USBH_LL_GetToggle
 .text.USBH_Delay
                0x000000000800b69c       0x16 ./USB_HOST/Target/usbh_conf.o
                0x000000000800b69c                USBH_Delay
 *fill*         0x000000000800b6b2        0x2 
 .text.USBH_Get_USB_Status
                0x000000000800b6b4       0x58 ./USB_HOST/Target/usbh_conf.o
                0x000000000800b6b4                USBH_Get_USB_Status
 .text.MX_DriverVbusFS
                0x000000000800b70c       0x38 ./USB_HOST/Target/usbh_platform.o
                0x000000000800b70c                MX_DriverVbusFS
 .text.__errno  0x000000000800b744        0xc c:/st/stm32cubeide_1.8.0/stm32cubeide/plugins/com.st.stm32cube.ide.mcu.externaltools.gnu-tools-for-stm32.9-2020-q2-update.win32_2.0.0.202105311346/tools/bin/../lib/gcc/arm-none-eabi/9.3.1/../../../../arm-none-eabi/lib/thumb/v7e-m+fp/hard\libc_nano.a(lib_a-errno.o)
                0x000000000800b744                __errno
 .text.__libc_init_array
                0x000000000800b750       0x48 c:/st/stm32cubeide_1.8.0/stm32cubeide/plugins/com.st.stm32cube.ide.mcu.externaltools.gnu-tools-for-stm32.9-2020-q2-update.win32_2.0.0.202105311346/tools/bin/../lib/gcc/arm-none-eabi/9.3.1/../../../../arm-none-eabi/lib/thumb/v7e-m+fp/hard\libc_nano.a(lib_a-init.o)
                0x000000000800b750                __libc_init_array
 .text.malloc   0x000000000800b798       0x10 c:/st/stm32cubeide_1.8.0/stm32cubeide/plugins/com.st.stm32cube.ide.mcu.externaltools.gnu-tools-for-stm32.9-2020-q2-update.win32_2.0.0.202105311346/tools/bin/../lib/gcc/arm-none-eabi/9.3.1/../../../../arm-none-eabi/lib/thumb/v7e-m+fp/hard\libc_nano.a(lib_a-malloc.o)
                0x000000000800b798                malloc
 .text.free     0x000000000800b7a8       0x10 c:/st/stm32cubeide_1.8.0/stm32cubeide/plugins/com.st.stm32cube.ide.mcu.externaltools.gnu-tools-for-stm32.9-2020-q2-update.win32_2.0.0.202105311346/tools/bin/../lib/gcc/arm-none-eabi/9.3.1/../../../../arm-none-eabi/lib/thumb/v7e-m+fp/hard\libc_nano.a(lib_a-malloc.o)
                0x000000000800b7a8                free
 .text.memcpy   0x000000000800b7b8       0x1c c:/st/stm32cubeide_1.8.0/stm32cubeide/plugins/com.st.stm32cube.ide.mcu.externaltools.gnu-tools-for-stm32.9-2020-q2-update.win32_2.0.0.202105311346/tools/bin/../lib/gcc/arm-none-eabi/9.3.1/../../../../arm-none-eabi/lib/thumb/v7e-m+fp/hard\libc_nano.a(lib_a-memcpy-stub.o)
                0x000000000800b7b8                memcpy
 .text.memset   0x000000000800b7d4       0x10 c:/st/stm32cubeide_1.8.0/stm32cubeide/plugins/com.st.stm32cube.ide.mcu.externaltools.gnu-tools-for-stm32.9-2020-q2-update.win32_2.0.0.202105311346/tools/bin/../lib/gcc/arm-none-eabi/9.3.1/../../../../arm-none-eabi/lib/thumb/v7e-m+fp/hard\libc_nano.a(lib_a-memset.o)
                0x000000000800b7d4                memset
 .text._free_r  0x000000000800b7e4       0xa0 c:/st/stm32cubeide_1.8.0/stm32cubeide/plugins/com.st.stm32cube.ide.mcu.externaltools.gnu-tools-for-stm32.9-2020-q2-update.win32_2.0.0.202105311346/tools/bin/../lib/gcc/arm-none-eabi/9.3.1/../../../../arm-none-eabi/lib/thumb/v7e-m+fp/hard\libc_nano.a(lib_a-nano-freer.o)
                0x000000000800b7e4                _free_r
 .text._malloc_r
                0x000000000800b884       0xb4 c:/st/stm32cubeide_1.8.0/stm32cubeide/plugins/com.st.stm32cube.ide.mcu.externaltools.gnu-tools-for-stm32.9-2020-q2-update.win32_2.0.0.202105311346/tools/bin/../lib/gcc/arm-none-eabi/9.3.1/../../../../arm-none-eabi/lib/thumb/v7e-m+fp/hard\libc_nano.a(lib_a-nano-mallocr.o)
                0x000000000800b884                _malloc_r
 .text._sbrk_r  0x000000000800b938       0x20 c:/st/stm32cubeide_1.8.0/stm32cubeide/plugins/com.st.stm32cube.ide.mcu.externaltools.gnu-tools-for-stm32.9-2020-q2-update.win32_2.0.0.202105311346/tools/bin/../lib/gcc/arm-none-eabi/9.3.1/../../../../arm-none-eabi/lib/thumb/v7e-m+fp/hard\libc_nano.a(lib_a-sbrkr.o)
                0x000000000800b938                _sbrk_r
 .text.__malloc_lock
                0x000000000800b958        0xc c:/st/stm32cubeide_1.8.0/stm32cubeide/plugins/com.st.stm32cube.ide.mcu.externaltools.gnu-tools-for-stm32.9-2020-q2-update.win32_2.0.0.202105311346/tools/bin/../lib/gcc/arm-none-eabi/9.3.1/../../../../arm-none-eabi/lib/thumb/v7e-m+fp/hard\libc_nano.a(lib_a-mlock.o)
                0x000000000800b958                __malloc_lock
 .text.__malloc_unlock
                0x000000000800b964        0xc c:/st/stm32cubeide_1.8.0/stm32cubeide/plugins/com.st.stm32cube.ide.mcu.externaltools.gnu-tools-for-stm32.9-2020-q2-update.win32_2.0.0.202105311346/tools/bin/../lib/gcc/arm-none-eabi/9.3.1/../../../../arm-none-eabi/lib/thumb/v7e-m+fp/hard\libc_nano.a(lib_a-mlock.o)
                0x000000000800b964                __malloc_unlock
 .text.__retarget_lock_acquire_recursive
                0x000000000800b970        0x2 c:/st/stm32cubeide_1.8.0/stm32cubeide/plugins/com.st.stm32cube.ide.mcu.externaltools.gnu-tools-for-stm32.9-2020-q2-update.win32_2.0.0.202105311346/tools/bin/../lib/gcc/arm-none-eabi/9.3.1/../../../../arm-none-eabi/lib/thumb/v7e-m+fp/hard\libc_nano.a(lib_a-lock.o)
                0x000000000800b970                __retarget_lock_acquire_recursive
 .text.__retarget_lock_release_recursive
                0x000000000800b972        0x2 c:/st/stm32cubeide_1.8.0/stm32cubeide/plugins/com.st.stm32cube.ide.mcu.externaltools.gnu-tools-for-stm32.9-2020-q2-update.win32_2.0.0.202105311346/tools/bin/../lib/gcc/arm-none-eabi/9.3.1/../../../../arm-none-eabi/lib/thumb/v7e-m+fp/hard\libc_nano.a(lib_a-lock.o)
                0x000000000800b972                __retarget_lock_release_recursive
 *(.glue_7)
 .glue_7        0x000000000800b974        0x0 linker stubs
 *(.glue_7t)
 .glue_7t       0x000000000800b974        0x0 linker stubs
 *(.eh_frame)
 .eh_frame      0x000000000800b974        0x0 c:/st/stm32cubeide_1.8.0/stm32cubeide/plugins/com.st.stm32cube.ide.mcu.externaltools.gnu-tools-for-stm32.9-2020-q2-update.win32_2.0.0.202105311346/tools/bin/../lib/gcc/arm-none-eabi/9.3.1/thumb/v7e-m+fp/hard/crtbegin.o
 *(.init)
 .init          0x000000000800b974        0x4 c:/st/stm32cubeide_1.8.0/stm32cubeide/plugins/com.st.stm32cube.ide.mcu.externaltools.gnu-tools-for-stm32.9-2020-q2-update.win32_2.0.0.202105311346/tools/bin/../lib/gcc/arm-none-eabi/9.3.1/thumb/v7e-m+fp/hard/crti.o
                0x000000000800b974                _init
 .init          0x000000000800b978        0x8 c:/st/stm32cubeide_1.8.0/stm32cubeide/plugins/com.st.stm32cube.ide.mcu.externaltools.gnu-tools-for-stm32.9-2020-q2-update.win32_2.0.0.202105311346/tools/bin/../lib/gcc/arm-none-eabi/9.3.1/thumb/v7e-m+fp/hard/crtn.o
 *(.fini)
 .fini          0x000000000800b980        0x4 c:/st/stm32cubeide_1.8.0/stm32cubeide/plugins/com.st.stm32cube.ide.mcu.externaltools.gnu-tools-for-stm32.9-2020-q2-update.win32_2.0.0.202105311346/tools/bin/../lib/gcc/arm-none-eabi/9.3.1/thumb/v7e-m+fp/hard/crti.o
                0x000000000800b980                _fini
 .fini          0x000000000800b984        0x8 c:/st/stm32cubeide_1.8.0/stm32cubeide/plugins/com.st.stm32cube.ide.mcu.externaltools.gnu-tools-for-stm32.9-2020-q2-update.win32_2.0.0.202105311346/tools/bin/../lib/gcc/arm-none-eabi/9.3.1/thumb/v7e-m+fp/hard/crtn.o
                0x000000000800b98c                . = ALIGN (0x4)
                0x000000000800b98c                _etext = .

.vfp11_veneer   0x000000000800b98c        0x0
 .vfp11_veneer  0x000000000800b98c        0x0 linker stubs

.v4_bx          0x000000000800b98c        0x0
 .v4_bx         0x000000000800b98c        0x0 linker stubs

.iplt           0x000000000800b98c        0x0
 .iplt          0x000000000800b98c        0x0 c:/st/stm32cubeide_1.8.0/stm32cubeide/plugins/com.st.stm32cube.ide.mcu.externaltools.gnu-tools-for-stm32.9-2020-q2-update.win32_2.0.0.202105311346/tools/bin/../lib/gcc/arm-none-eabi/9.3.1/thumb/v7e-m+fp/hard/crtbegin.o

.rodata         0x000000000800b98c      0x348
                0x000000000800b98c                . = ALIGN (0x4)
 *(.rodata)
 .rodata        0x000000000800b98c      0x310 ./Core/Src/pedalboard_min.o
 .rodata        0x000000000800bc9c        0x4 ./Middlewares/ST/STM32_USB_Host_Library/Class/MSC/Src/usbh_msc.o
 *(.rodata*)
 .rodata.AHBPrescTable
                0x000000000800bca0       0x10 ./Core/Src/system_stm32f4xx.o
                0x000000000800bca0                AHBPrescTable
 .rodata.APBPrescTable
                0x000000000800bcb0        0x8 ./Core/Src/system_stm32f4xx.o
                0x000000000800bcb0                APBPrescTable
 .rodata.flagBitshiftOffset.8288
                0x000000000800bcb8        0x8 ./Drivers/STM32F4xx_HAL_Driver/Src/stm32f4xx_hal_dma.o
 .rodata.USBH_Driver
                0x000000000800bcc0       0x14 ./FATFS/Target/usbh_diskio.o
                0x000000000800bcc0                USBH_Driver
                0x000000000800bcd4                . = ALIGN (0x4)

.ARM.extab      0x000000000800bcd4        0x0
                0x000000000800bcd4                . = ALIGN (0x4)
 *(.ARM.extab* .gnu.linkonce.armextab.*)
                0x000000000800bcd4                . = ALIGN (0x4)

.ARM            0x000000000800bcd4        0x8
                0x000000000800bcd4                . = ALIGN (0x4)
                0x000000000800bcd4                __exidx_start = .
 *(.ARM.exidx*)
 .ARM.exidx     0x000000000800bcd4        0x8 c:/st/stm32cubeide_1.8.0/stm32cubeide/plugins/com.st.stm32cube.ide.mcu.externaltools.gnu-tools-for-stm32.9-2020-q2-update.win32_2.0.0.202105311346/tools/bin/../lib/gcc/arm-none-eabi/9.3.1/thumb/v7e-m+fp/hard\libgcc.a(_udivmoddi4.o)
                0x000000000800bcdc                __exidx_end = .
                0x000000000800bcdc                . = ALIGN (0x4)

.rel.dyn        0x000000000800bcdc        0x0
 .rel.iplt      0x000000000800bcdc        0x0 c:/st/stm32cubeide_1.8.0/stm32cubeide/plugins/com.st.stm32cube.ide.mcu.externaltools.gnu-tools-for-stm32.9-2020-q2-update.win32_2.0.0.202105311346/tools/bin/../lib/gcc/arm-none-eabi/9.3.1/thumb/v7e-m+fp/hard/crtbegin.o

.preinit_array  0x000000000800bcdc        0x0
                0x000000000800bcdc                . = ALIGN (0x4)
                0x000000000800bcdc                PROVIDE (__preinit_array_start = .)
 *(.preinit_array*)
                0x000000000800bcdc                PROVIDE (__preinit_array_end = .)
                0x000000000800bcdc                . = ALIGN (0x4)

.init_array     0x000000000800bcdc        0x4
                0x000000000800bcdc                . = ALIGN (0x4)
                0x000000000800bcdc                PROVIDE (__init_array_start = .)
 *(SORT_BY_NAME(.init_array.*))
 *(.init_array*)
 .init_array    0x000000000800bcdc        0x4 c:/st/stm32cubeide_1.8.0/stm32cubeide/plugins/com.st.stm32cube.ide.mcu.externaltools.gnu-tools-for-stm32.9-2020-q2-update.win32_2.0.0.202105311346/tools/bin/../lib/gcc/arm-none-eabi/9.3.1/thumb/v7e-m+fp/hard/crtbegin.o
                0x000000000800bce0                PROVIDE (__init_array_end = .)
                0x000000000800bce0                . = ALIGN (0x4)

.fini_array     0x000000000800bce0        0x4
                0x000000000800bce0                . = ALIGN (0x4)
                [!provide]                        PROVIDE (__fini_array_start = .)
 *(SORT_BY_NAME(.fini_array.*))
 *(.fini_array*)
 .fini_array    0x000000000800bce0        0x4 c:/st/stm32cubeide_1.8.0/stm32cubeide/plugins/com.st.stm32cube.ide.mcu.externaltools.gnu-tools-for-stm32.9-2020-q2-update.win32_2.0.0.202105311346/tools/bin/../lib/gcc/arm-none-eabi/9.3.1/thumb/v7e-m+fp/hard/crtbegin.o
                [!provide]                        PROVIDE (__fini_array_end = .)
                0x000000000800bce4                . = ALIGN (0x4)
                0x000000000800bce4                _sidata = LOADADDR (.data)

.data           0x0000000020000000       0x90 load address 0x000000000800bce4
                0x0000000020000000                . = ALIGN (0x4)
                0x0000000020000000                _sdata = .
 *(.data)
 *(.data*)
 .data.SystemCoreClock
                0x0000000020000000        0x4 ./Core/Src/system_stm32f4xx.o
                0x0000000020000000                SystemCoreClock
 .data.uwTickPrio
                0x0000000020000004        0x4 ./Drivers/STM32F4xx_HAL_Driver/Src/stm32f4xx_hal.o
                0x0000000020000004                uwTickPrio
 .data.uwTickFreq
                0x0000000020000008        0x1 ./Drivers/STM32F4xx_HAL_Driver/Src/stm32f4xx_hal.o
                0x0000000020000008                uwTickFreq
 *fill*         0x0000000020000009        0x3 
 .data.USBH_msc
                0x000000002000000c       0x20 ./Middlewares/ST/STM32_USB_Host_Library/Class/MSC/Src/usbh_msc.o
                0x000000002000000c                USBH_msc
 .data._impure_ptr
                0x000000002000002c        0x4 c:/st/stm32cubeide_1.8.0/stm32cubeide/plugins/com.st.stm32cube.ide.mcu.externaltools.gnu-tools-for-stm32.9-2020-q2-update.win32_2.0.0.202105311346/tools/bin/../lib/gcc/arm-none-eabi/9.3.1/../../../../arm-none-eabi/lib/thumb/v7e-m+fp/hard\libc_nano.a(lib_a-impure.o)
                0x000000002000002c                _impure_ptr
 .data.impure_data
                0x0000000020000030       0x60 c:/st/stm32cubeide_1.8.0/stm32cubeide/plugins/com.st.stm32cube.ide.mcu.externaltools.gnu-tools-for-stm32.9-2020-q2-update.win32_2.0.0.202105311346/tools/bin/../lib/gcc/arm-none-eabi/9.3.1/../../../../arm-none-eabi/lib/thumb/v7e-m+fp/hard\libc_nano.a(lib_a-impure.o)
 *(.RamFunc)
 *(.RamFunc*)
                0x0000000020000090                . = ALIGN (0x4)
                0x0000000020000090                _edata = .
                0x000000000800bd74                _siccmram = LOADADDR (.ccmram)

.igot.plt       0x0000000020000090        0x0 load address 0x000000000800bd74
 .igot.plt      0x0000000020000090        0x0 c:/st/stm32cubeide_1.8.0/stm32cubeide/plugins/com.st.stm32cube.ide.mcu.externaltools.gnu-tools-for-stm32.9-2020-q2-update.win32_2.0.0.202105311346/tools/bin/../lib/gcc/arm-none-eabi/9.3.1/thumb/v7e-m+fp/hard/crtbegin.o

.ccmram         0x0000000010000000        0x0 load address 0x000000000800bd74
                0x0000000010000000                . = ALIGN (0x4)
                0x0000000010000000                _sccmram = .
 *(.ccmram)
 *(.ccmram*)
                0x0000000010000000                . = ALIGN (0x4)
                0x0000000010000000                _eccmram = .
                0x0000000010000000                . = ALIGN (0x4)

.bss            0x0000000020000090     0x3a28
                0x0000000020000090                _sbss = .
                0x0000000020000090                __bss_start__ = _sbss
 *(.bss)
 .bss           0x0000000020000090       0x1c c:/st/stm32cubeide_1.8.0/stm32cubeide/plugins/com.st.stm32cube.ide.mcu.externaltools.gnu-tools-for-stm32.9-2020-q2-update.win32_2.0.0.202105311346/tools/bin/../lib/gcc/arm-none-eabi/9.3.1/thumb/v7e-m+fp/hard/crtbegin.o
 *(.bss*)
 .bss.iData     0x00000000200000ac        0x2 ./Core/Src/cs43l22.o
 *fill*         0x00000000200000ae        0x2 
 .bss.i2cx      0x00000000200000b0       0x54 ./Core/Src/cs43l22.o
 .bss.__sbrk_heap_end
                0x0000000020000104        0x4 ./Core/Src/sysmem.o
 .bss.disk      0x0000000020000108        0xc ./Middlewares/Third_Party/FatFs/src/ff_gen_drv.o
                0x0000000020000108                disk
 .bss.Appli_state
                0x0000000020000114        0x1 ./USB_HOST/App/usb_host.o
                0x0000000020000114                Appli_state
 *fill*         0x0000000020000115        0x3 
 .bss.__malloc_free_list
                0x0000000020000118        0x4 c:/st/stm32cubeide_1.8.0/stm32cubeide/plugins/com.st.stm32cube.ide.mcu.externaltools.gnu-tools-for-stm32.9-2020-q2-update.win32_2.0.0.202105311346/tools/bin/../lib/gcc/arm-none-eabi/9.3.1/../../../../arm-none-eabi/lib/thumb/v7e-m+fp/hard\libc_nano.a(lib_a-nano-mallocr.o)
                0x0000000020000118                __malloc_free_list
 .bss.__malloc_sbrk_start
                0x000000002000011c        0x4 c:/st/stm32cubeide_1.8.0/stm32cubeide/plugins/com.st.stm32cube.ide.mcu.externaltools.gnu-tools-for-stm32.9-2020-q2-update.win32_2.0.0.202105311346/tools/bin/../lib/gcc/arm-none-eabi/9.3.1/../../../../arm-none-eabi/lib/thumb/v7e-m+fp/hard\libc_nano.a(lib_a-nano-mallocr.o)
                0x000000002000011c                __malloc_sbrk_start
 *(COMMON)
 COMMON         0x0000000020000120     0x123c ./Core/Src/main.o
                0x0000000020000120                IN_SAMPLES
                0x0000000020000124                hi2c1
                0x0000000020000178                hdma_spi2_rx
                0x00000000200001d8                hdma_spi3_tx
                0x0000000020000238                myUsbFatFS
                0x000000002000126c                DAC_BUFF
                0x000000002000128c                ADC_BUFF
                0x00000000200012cc                hi2s2
                0x0000000020001314                hi2s3
 COMMON         0x000000002000135c        0x4 ./Drivers/STM32F4xx_HAL_Driver/Src/stm32f4xx_hal.o
                0x000000002000135c                uwTick
 COMMON         0x0000000020001360     0x2069 ./FATFS/App/fatfs.o
                0x0000000020001360                USBHPath
                0x0000000020001364                USBHFile
                0x0000000020002394                USBHFatFS
                0x00000000200033c8                retUSBH
 *fill*         0x00000000200033c9        0x3 
 COMMON         0x00000000200033cc      0x3d8 ./USB_HOST/App/usb_host.o
                0x00000000200033cc                hUsbHostFS
 COMMON         0x00000000200037a4      0x304 ./USB_HOST/Target/usbh_conf.o
                0x00000000200037a4                hhcd_USB_OTG_FS
 COMMON         0x0000000020003aa8        0x4 c:/st/stm32cubeide_1.8.0/stm32cubeide/plugins/com.st.stm32cube.ide.mcu.externaltools.gnu-tools-for-stm32.9-2020-q2-update.win32_2.0.0.202105311346/tools/bin/../lib/gcc/arm-none-eabi/9.3.1/../../../../arm-none-eabi/lib/thumb/v7e-m+fp/hard\libc_nano.a(lib_a-reent.o)
                0x0000000020003aa8                errno
 COMMON         0x0000000020003aac        0x9 c:/st/stm32cubeide_1.8.0/stm32cubeide/plugins/com.st.stm32cube.ide.mcu.externaltools.gnu-tools-for-stm32.9-2020-q2-update.win32_2.0.0.202105311346/tools/bin/../lib/gcc/arm-none-eabi/9.3.1/../../../../arm-none-eabi/lib/thumb/v7e-m+fp/hard\libc_nano.a(lib_a-lock.o)
                0x0000000020003aac                __lock___atexit_recursive_mutex
                0x0000000020003aad                __lock___arc4random_mutex
                0x0000000020003aae                __lock___env_recursive_mutex
                0x0000000020003aaf                __lock___sinit_recursive_mutex
                0x0000000020003ab0                __lock___malloc_recursive_mutex
                0x0000000020003ab1                __lock___at_quick_exit_mutex
                0x0000000020003ab2                __lock___dd_hash_mutex
                0x0000000020003ab3                __lock___tz_mutex
                0x0000000020003ab4                __lock___sfp_recursive_mutex
                0x0000000020003ab8                . = ALIGN (0x4)
 *fill*         0x0000000020003ab5        0x3 
                0x0000000020003ab8                _ebss = .
                0x0000000020003ab8                __bss_end__ = _ebss

._user_heap_stack
                0x0000000020003ab8      0x600
                0x0000000020003ab8                . = ALIGN (0x8)
                [!provide]                        PROVIDE (end = .)
                0x0000000020003ab8                PROVIDE (_end = .)
                0x0000000020003cb8                . = (. + _Min_Heap_Size)
 *fill*         0x0000000020003ab8      0x200 
                0x00000000200040b8                . = (. + _Min_Stack_Size)
 *fill*         0x0000000020003cb8      0x400 
                0x00000000200040b8                . = ALIGN (0x8)

/DISCARD/
 libc.a(*)
 libm.a(*)
 libgcc.a(*)

.ARM.attributes
                0x0000000000000000       0x30
 *(.ARM.attributes)
 .ARM.attributes
                0x0000000000000000       0x1e c:/st/stm32cubeide_1.8.0/stm32cubeide/plugins/com.st.stm32cube.ide.mcu.externaltools.gnu-tools-for-stm32.9-2020-q2-update.win32_2.0.0.202105311346/tools/bin/../lib/gcc/arm-none-eabi/9.3.1/thumb/v7e-m+fp/hard/crti.o
 .ARM.attributes
                0x000000000000001e       0x34 c:/st/stm32cubeide_1.8.0/stm32cubeide/plugins/com.st.stm32cube.ide.mcu.externaltools.gnu-tools-for-stm32.9-2020-q2-update.win32_2.0.0.202105311346/tools/bin/../lib/gcc/arm-none-eabi/9.3.1/thumb/v7e-m+fp/hard/crtbegin.o
 .ARM.attributes
                0x0000000000000052       0x34 ./Core/Src/cs43l22.o
 .ARM.attributes
                0x0000000000000086       0x34 ./Core/Src/main.o
 .ARM.attributes
                0x00000000000000ba       0x34 ./Core/Src/pedalboard_min.o
 .ARM.attributes
                0x00000000000000ee       0x34 ./Core/Src/stm32f4xx_hal_msp.o
 .ARM.attributes
                0x0000000000000122       0x34 ./Core/Src/stm32f4xx_it.o
 .ARM.attributes
                0x0000000000000156       0x34 ./Core/Src/sysmem.o
 .ARM.attributes
                0x000000000000018a       0x34 ./Core/Src/system_stm32f4xx.o
 .ARM.attributes
                0x00000000000001be       0x21 ./Core/Startup/startup_stm32f407vgtx.o
 .ARM.attributes
                0x00000000000001df       0x34 ./Drivers/STM32F4xx_HAL_Driver/Src/stm32f4xx_hal.o
 .ARM.attributes
                0x0000000000000213       0x34 ./Drivers/STM32F4xx_HAL_Driver/Src/stm32f4xx_hal_cortex.o
 .ARM.attributes
                0x0000000000000247       0x34 ./Drivers/STM32F4xx_HAL_Driver/Src/stm32f4xx_hal_dma.o
 .ARM.attributes
                0x000000000000027b       0x34 ./Drivers/STM32F4xx_HAL_Driver/Src/stm32f4xx_hal_gpio.o
 .ARM.attributes
                0x00000000000002af       0x34 ./Drivers/STM32F4xx_HAL_Driver/Src/stm32f4xx_hal_hcd.o
 .ARM.attributes
                0x00000000000002e3       0x34 ./Drivers/STM32F4xx_HAL_Driver/Src/stm32f4xx_hal_i2c.o
 .ARM.attributes
                0x0000000000000317       0x34 ./Drivers/STM32F4xx_HAL_Driver/Src/stm32f4xx_hal_i2s.o
 .ARM.attributes
                0x000000000000034b       0x34 ./Drivers/STM32F4xx_HAL_Driver/Src/stm32f4xx_hal_i2s_ex.o
 .ARM.attributes
                0x000000000000037f       0x34 ./Drivers/STM32F4xx_HAL_Driver/Src/stm32f4xx_hal_rcc.o
 .ARM.attributes
                0x00000000000003b3       0x34 ./Drivers/STM32F4xx_HAL_Driver/Src/stm32f4xx_hal_rcc_ex.o
 .ARM.attributes
                0x00000000000003e7       0x34 ./Drivers/STM32F4xx_HAL_Driver/Src/stm32f4xx_ll_usb.o
 .ARM.attributes
                0x000000000000041b       0x34 ./FATFS/App/fatfs.o
 .ARM.attributes
                0x000000000000044f       0x34 ./FATFS/Target/usbh_diskio.o
 .ARM.attributes
                0x0000000000000483       0x34 ./Middlewares/ST/STM32_USB_Host_Library/Class/MSC/Src/usbh_msc.o
 .ARM.attributes
                0x00000000000004b7       0x34 ./Middlewares/ST/STM32_USB_Host_Library/Class/MSC/Src/usbh_msc_bot.o
 .ARM.attributes
                0x00000000000004eb       0x34 ./Middlewares/ST/STM32_USB_Host_Library/Class/MSC/Src/usbh_msc_scsi.o
 .ARM.attributes
                0x000000000000051f       0x34 ./Middlewares/ST/STM32_USB_Host_Library/Core/Src/usbh_core.o
 .ARM.attributes
                0x0000000000000553       0x34 ./Middlewares/ST/STM32_USB_Host_Library/Core/Src/usbh_ctlreq.o
 .ARM.attributes
                0x0000000000000587       0x34 ./Middlewares/ST/STM32_USB_Host_Library/Core/Src/usbh_ioreq.o
 .ARM.attributes
                0x00000000000005bb       0x34 ./Middlewares/ST/STM32_USB_Host_Library/Core/Src/usbh_pipes.o
 .ARM.attributes
                0x00000000000005ef       0x34 ./Middlewares/Third_Party/FatFs/src/ff_gen_drv.o
 .ARM.attributes
                0x0000000000000623       0x34 ./USB_HOST/App/usb_host.o
 .ARM.attributes
                0x0000000000000657       0x34 ./USB_HOST/Target/usbh_conf.o
 .ARM.attributes
                0x000000000000068b       0x34 ./USB_HOST/Target/usbh_platform.o
 .ARM.attributes
                0x00000000000006bf       0x34 c:/st/stm32cubeide_1.8.0/stm32cubeide/plugins/com.st.stm32cube.ide.mcu.externaltools.gnu-tools-for-stm32.9-2020-q2-update.win32_2.0.0.202105311346/tools/bin/../lib/gcc/arm-none-eabi/9.3.1/../../../../arm-none-eabi/lib/thumb/v7e-m+fp/hard\libc_nano.a(lib_a-errno.o)
 .ARM.attributes
                0x00000000000006f3       0x32 c:/st/stm32cubeide_1.8.0/stm32cubeide/plugins/com.st.stm32cube.ide.mcu.externaltools.gnu-tools-for-stm32.9-2020-q2-update.win32_2.0.0.202105311346/tools/bin/../lib/gcc/arm-none-eabi/9.3.1/../../../../arm-none-eabi/lib/thumb/v7e-m+fp/hard\libc_nano.a(lib_a-impure.o)
 .ARM.attributes
                0x0000000000000725       0x34 c:/st/stm32cubeide_1.8.0/stm32cubeide/plugins/com.st.stm32cube.ide.mcu.externaltools.gnu-tools-for-stm32.9-2020-q2-update.win32_2.0.0.202105311346/tools/bin/../lib/gcc/arm-none-eabi/9.3.1/../../../../arm-none-eabi/lib/thumb/v7e-m+fp/hard\libc_nano.a(lib_a-init.o)
 .ARM.attributes
                0x0000000000000759       0x34 c:/st/stm32cubeide_1.8.0/stm32cubeide/plugins/com.st.stm32cube.ide.mcu.externaltools.gnu-tools-for-stm32.9-2020-q2-update.win32_2.0.0.202105311346/tools/bin/../lib/gcc/arm-none-eabi/9.3.1/../../../../arm-none-eabi/lib/thumb/v7e-m+fp/hard\libc_nano.a(lib_a-malloc.o)
 .ARM.attributes
                0x000000000000078d       0x34 c:/st/stm32cubeide_1.8.0/stm32cubeide/plugins/com.st.stm32cube.ide.mcu.externaltools.gnu-tools-for-stm32.9-2020-q2-update.win32_2.0.0.202105311346/tools/bin/../lib/gcc/arm-none-eabi/9.3.1/../../../../arm-none-eabi/lib/thumb/v7e-m+fp/hard\libc_nano.a(lib_a-memcpy-stub.o)
 .ARM.attributes
                0x00000000000007c1       0x34 c:/st/stm32cubeide_1.8.0/stm32cubeide/plugins/com.st.stm32cube.ide.mcu.externaltools.gnu-tools-for-stm32.9-2020-q2-update.win32_2.0.0.202105311346/tools/bin/../lib/gcc/arm-none-eabi/9.3.1/../../../../arm-none-eabi/lib/thumb/v7e-m+fp/hard\libc_nano.a(lib_a-memset.o)
 .ARM.attributes
                0x00000000000007f5       0x34 c:/st/stm32cubeide_1.8.0/stm32cubeide/plugins/com.st.stm32cube.ide.mcu.externaltools.gnu-tools-for-stm32.9-2020-q2-update.win32_2.0.0.202105311346/tools/bin/../lib/gcc/arm-none-eabi/9.3.1/../../../../arm-none-eabi/lib/thumb/v7e-m+fp/hard\libc_nano.a(lib_a-nano-freer.o)
 .ARM.attributes
                0x0000000000000829       0x34 c:/st/stm32cubeide_1.8.0/stm32cubeide/plugins/com.st.stm32cube.ide.mcu.externaltools.gnu-tools-for-stm32.9-2020-q2-update.win32_2.0.0.202105311346/tools/bin/../lib/gcc/arm-none-eabi/9.3.1/../../../../arm-none-eabi/lib/thumb/v7e-m+fp/hard\libc_nano.a(lib_a-nano-mallocr.o)
 .ARM.attributes
                0x000000000000085d       0x34 c:/st/stm32cubeide_1.8.0/stm32cubeide/plugins/com.st.stm32cube.ide.mcu.externaltools.gnu-tools-for-stm32.9-2020-q2-update.win32_2.0.0.202105311346/tools/bin/../lib/gcc/arm-none-eabi/9.3.1/../../../../arm-none-eabi/lib/thumb/v7e-m+fp/hard\libc_nano.a(lib_a-sbrkr.o)
 .ARM.attributes
                0x0000000000000891       0x34 c:/st/stm32cubeide_1.8.0/stm32cubeide/plugins/com.st.stm32cube.ide.mcu.externaltools.gnu-tools-for-stm32.9-2020-q2-update.win32_2.0.0.202105311346/tools/bin/../lib/gcc/arm-none-eabi/9.3.1/../../../../arm-none-eabi/lib/thumb/v7e-m+fp/hard\libc_nano.a(lib_a-mlock.o)
 .ARM.attributes
                0x00000000000008c5       0x34 c:/st/stm32cubeide_1.8.0/stm32cubeide/plugins/com.st.stm32cube.ide.mcu.externaltools.gnu-tools-for-stm32.9-2020-q2-update.win32_2.0.0.202105311346/tools/bin/../lib/gcc/arm-none-eabi/9.3.1/../../../../arm-none-eabi/lib/thumb/v7e-m+fp/hard\libc_nano.a(lib_a-reent.o)
 .ARM.attributes
                0x00000000000008f9       0x34 c:/st/stm32cubeide_1.8.0/stm32cubeide/plugins/com.st.stm32cube.ide.mcu.externaltools.gnu-tools-for-stm32.9-2020-q2-update.win32_2.0.0.202105311346/tools/bin/../lib/gcc/arm-none-eabi/9.3.1/../../../../arm-none-eabi/lib/thumb/v7e-m+fp/hard\libc_nano.a(lib_a-lock.o)
 .ARM.attributes
                0x000000000000092d       0x1e c:/st/stm32cubeide_1.8.0/stm32cubeide/plugins/com.st.stm32cube.ide.mcu.externaltools.gnu-tools-for-stm32.9-2020-q2-update.win32_2.0.0.202105311346/tools/bin/../lib/gcc/arm-none-eabi/9.3.1/thumb/v7e-m+fp/hard\libgcc.a(_aeabi_uldivmod.o)
 .ARM.attributes
                0x000000000000094b       0x34 c:/st/stm32cubeide_1.8.0/stm32cubeide/plugins/com.st.stm32cube.ide.mcu.externaltools.gnu-tools-for-stm32.9-2020-q2-update.win32_2.0.0.202105311346/tools/bin/../lib/gcc/arm-none-eabi/9.3.1/thumb/v7e-m+fp/hard\libgcc.a(_udivmoddi4.o)
 .ARM.attributes
                0x000000000000097f       0x1e c:/st/stm32cubeide_1.8.0/stm32cubeide/plugins/com.st.stm32cube.ide.mcu.externaltools.gnu-tools-for-stm32.9-2020-q2-update.win32_2.0.0.202105311346/tools/bin/../lib/gcc/arm-none-eabi/9.3.1/thumb/v7e-m+fp/hard\libgcc.a(_dvmd_tls.o)
 .ARM.attributes
                0x000000000000099d       0x1e c:/st/stm32cubeide_1.8.0/stm32cubeide/plugins/com.st.stm32cube.ide.mcu.externaltools.gnu-tools-for-stm32.9-2020-q2-update.win32_2.0.0.202105311346/tools/bin/../lib/gcc/arm-none-eabi/9.3.1/thumb/v7e-m+fp/hard/crtn.o
OUTPUT(mcu-test1.elf elf32-littlearm)
LOAD linker stubs
LOAD c:/st/stm32cubeide_1.8.0/stm32cubeide/plugins/com.st.stm32cube.ide.mcu.externaltools.gnu-tools-for-stm32.9-2020-q2-update.win32_2.0.0.202105311346/tools/bin/../lib/gcc/arm-none-eabi/9.3.1/../../../../arm-none-eabi/lib/thumb/v7e-m+fp/hard\libc.a
LOAD c:/st/stm32cubeide_1.8.0/stm32cubeide/plugins/com.st.stm32cube.ide.mcu.externaltools.gnu-tools-for-stm32.9-2020-q2-update.win32_2.0.0.202105311346/tools/bin/../lib/gcc/arm-none-eabi/9.3.1/../../../../arm-none-eabi/lib/thumb/v7e-m+fp/hard\libm.a
LOAD c:/st/stm32cubeide_1.8.0/stm32cubeide/plugins/com.st.stm32cube.ide.mcu.externaltools.gnu-tools-for-stm32.9-2020-q2-update.win32_2.0.0.202105311346/tools/bin/../lib/gcc/arm-none-eabi/9.3.1/thumb/v7e-m+fp/hard\libgcc.a

.debug_info     0x0000000000000000    0x24a9e
 .debug_info    0x0000000000000000      0xb8f ./Core/Src/cs43l22.o
 .debug_info    0x0000000000000b8f     0x2bf6 ./Core/Src/main.o
 .debug_info    0x0000000000003785     0x12c7 ./Core/Src/pedalboard_min.o
 .debug_info    0x0000000000004a4c     0x103e ./Core/Src/stm32f4xx_hal_msp.o
 .debug_info    0x0000000000005a8a      0xc55 ./Core/Src/stm32f4xx_it.o
 .debug_info    0x00000000000066df      0xa25 ./Core/Src/sysmem.o
 .debug_info    0x0000000000007104      0x5a4 ./Core/Src/system_stm32f4xx.o
 .debug_info    0x00000000000076a8       0x22 ./Core/Startup/startup_stm32f407vgtx.o
 .debug_info    0x00000000000076ca      0x9b2 ./Drivers/STM32F4xx_HAL_Driver/Src/stm32f4xx_hal.o
 .debug_info    0x000000000000807c      0xed7 ./Drivers/STM32F4xx_HAL_Driver/Src/stm32f4xx_hal_cortex.o
 .debug_info    0x0000000000008f53      0x9f1 ./Drivers/STM32F4xx_HAL_Driver/Src/stm32f4xx_hal_dma.o
 .debug_info    0x0000000000009944      0x83e ./Drivers/STM32F4xx_HAL_Driver/Src/stm32f4xx_hal_gpio.o
 .debug_info    0x000000000000a182      0xf67 ./Drivers/STM32F4xx_HAL_Driver/Src/stm32f4xx_hal_hcd.o
 .debug_info    0x000000000000b0e9     0x264d ./Drivers/STM32F4xx_HAL_Driver/Src/stm32f4xx_hal_i2c.o
 .debug_info    0x000000000000d736      0xf30 ./Drivers/STM32F4xx_HAL_Driver/Src/stm32f4xx_hal_i2s.o
 .debug_info    0x000000000000e666      0xc22 ./Drivers/STM32F4xx_HAL_Driver/Src/stm32f4xx_hal_i2s_ex.o
 .debug_info    0x000000000000f288      0x996 ./Drivers/STM32F4xx_HAL_Driver/Src/stm32f4xx_hal_rcc.o
 .debug_info    0x000000000000fc1e      0x603 ./Drivers/STM32F4xx_HAL_Driver/Src/stm32f4xx_hal_rcc_ex.o
 .debug_info    0x0000000000010221     0x1ab4 ./Drivers/STM32F4xx_HAL_Driver/Src/stm32f4xx_ll_usb.o
 .debug_info    0x0000000000011cd5     0x1725 ./FATFS/App/fatfs.o
 .debug_info    0x00000000000133fa     0x1812 ./FATFS/Target/usbh_diskio.o
 .debug_info    0x0000000000014c0c     0x1cd8 ./Middlewares/ST/STM32_USB_Host_Library/Class/MSC/Src/usbh_msc.o
 .debug_info    0x00000000000168e4     0x1ad3 ./Middlewares/ST/STM32_USB_Host_Library/Class/MSC/Src/usbh_msc_bot.o
 .debug_info    0x00000000000183b7     0x1b37 ./Middlewares/ST/STM32_USB_Host_Library/Class/MSC/Src/usbh_msc_scsi.o
 .debug_info    0x0000000000019eee     0x1815 ./Middlewares/ST/STM32_USB_Host_Library/Core/Src/usbh_core.o
 .debug_info    0x000000000001b703     0x18e6 ./Middlewares/ST/STM32_USB_Host_Library/Core/Src/usbh_ctlreq.o
 .debug_info    0x000000000001cfe9     0x162f ./Middlewares/ST/STM32_USB_Host_Library/Core/Src/usbh_ioreq.o
 .debug_info    0x000000000001e618     0x1457 ./Middlewares/ST/STM32_USB_Host_Library/Core/Src/usbh_pipes.o
 .debug_info    0x000000000001fa6f     0x15e3 ./Middlewares/Third_Party/FatFs/src/ff_gen_drv.o
 .debug_info    0x0000000000021052     0x139f ./USB_HOST/App/usb_host.o
 .debug_info    0x00000000000223f1     0x2412 ./USB_HOST/Target/usbh_conf.o
 .debug_info    0x0000000000024803      0x29b ./USB_HOST/Target/usbh_platform.o

.debug_abbrev   0x0000000000000000     0x4f62
 .debug_abbrev  0x0000000000000000      0x1ca ./Core/Src/cs43l22.o
 .debug_abbrev  0x00000000000001ca      0x3f5 ./Core/Src/main.o
 .debug_abbrev  0x00000000000005bf      0x309 ./Core/Src/pedalboard_min.o
 .debug_abbrev  0x00000000000008c8      0x1e2 ./Core/Src/stm32f4xx_hal_msp.o
 .debug_abbrev  0x0000000000000aaa      0x1ce ./Core/Src/stm32f4xx_it.o
 .debug_abbrev  0x0000000000000c78      0x1bf ./Core/Src/sysmem.o
 .debug_abbrev  0x0000000000000e37      0x145 ./Core/Src/system_stm32f4xx.o
 .debug_abbrev  0x0000000000000f7c       0x12 ./Core/Startup/startup_stm32f407vgtx.o
 .debug_abbrev  0x0000000000000f8e      0x1ed ./Drivers/STM32F4xx_HAL_Driver/Src/stm32f4xx_hal.o
 .debug_abbrev  0x000000000000117b      0x33c ./Drivers/STM32F4xx_HAL_Driver/Src/stm32f4xx_hal_cortex.o
 .debug_abbrev  0x00000000000014b7      0x259 ./Drivers/STM32F4xx_HAL_Driver/Src/stm32f4xx_hal_dma.o
 .debug_abbrev  0x0000000000001710      0x1f1 ./Drivers/STM32F4xx_HAL_Driver/Src/stm32f4xx_hal_gpio.o
 .debug_abbrev  0x0000000000001901      0x28d ./Drivers/STM32F4xx_HAL_Driver/Src/stm32f4xx_hal_hcd.o
 .debug_abbrev  0x0000000000001b8e      0x282 ./Drivers/STM32F4xx_HAL_Driver/Src/stm32f4xx_hal_i2c.o
 .debug_abbrev  0x0000000000001e10      0x245 ./Drivers/STM32F4xx_HAL_Driver/Src/stm32f4xx_hal_i2s.o
 .debug_abbrev  0x0000000000002055      0x276 ./Drivers/STM32F4xx_HAL_Driver/Src/stm32f4xx_hal_i2s_ex.o
 .debug_abbrev  0x00000000000022cb      0x275 ./Drivers/STM32F4xx_HAL_Driver/Src/stm32f4xx_hal_rcc.o
 .debug_abbrev  0x0000000000002540      0x18f ./Drivers/STM32F4xx_HAL_Driver/Src/stm32f4xx_hal_rcc_ex.o
 .debug_abbrev  0x00000000000026cf      0x2a7 ./Drivers/STM32F4xx_HAL_Driver/Src/stm32f4xx_ll_usb.o
 .debug_abbrev  0x0000000000002976      0x29e ./FATFS/App/fatfs.o
 .debug_abbrev  0x0000000000002c14      0x2c8 ./FATFS/Target/usbh_diskio.o
 .debug_abbrev  0x0000000000002edc      0x35a ./Middlewares/ST/STM32_USB_Host_Library/Class/MSC/Src/usbh_msc.o
 .debug_abbrev  0x0000000000003236      0x315 ./Middlewares/ST/STM32_USB_Host_Library/Class/MSC/Src/usbh_msc_bot.o
 .debug_abbrev  0x000000000000354b      0x2f9 ./Middlewares/ST/STM32_USB_Host_Library/Class/MSC/Src/usbh_msc_scsi.o
 .debug_abbrev  0x0000000000003844      0x3b4 ./Middlewares/ST/STM32_USB_Host_Library/Core/Src/usbh_core.o
 .debug_abbrev  0x0000000000003bf8      0x367 ./Middlewares/ST/STM32_USB_Host_Library/Core/Src/usbh_ctlreq.o
 .debug_abbrev  0x0000000000003f5f      0x2b5 ./Middlewares/ST/STM32_USB_Host_Library/Core/Src/usbh_ioreq.o
 .debug_abbrev  0x0000000000004214      0x2f3 ./Middlewares/ST/STM32_USB_Host_Library/Core/Src/usbh_pipes.o
 .debug_abbrev  0x0000000000004507      0x306 ./Middlewares/Third_Party/FatFs/src/ff_gen_drv.o
 .debug_abbrev  0x000000000000480d      0x2a4 ./USB_HOST/App/usb_host.o
 .debug_abbrev  0x0000000000004ab1      0x397 ./USB_HOST/Target/usbh_conf.o
 .debug_abbrev  0x0000000000004e48      0x11a ./USB_HOST/Target/usbh_platform.o

.debug_aranges  0x0000000000000000     0x1240
 .debug_aranges
                0x0000000000000000       0x50 ./Core/Src/cs43l22.o
 .debug_aranges
                0x0000000000000050       0x80 ./Core/Src/main.o
 .debug_aranges
                0x00000000000000d0       0xe0 ./Core/Src/pedalboard_min.o
 .debug_aranges
                0x00000000000001b0       0x40 ./Core/Src/stm32f4xx_hal_msp.o
 .debug_aranges