Archive member included to satisfy reference by file (symbol)

c:/st/stm32cubeide_1.8.0/stm32cubeide/plugins/com.st.stm32cube.ide.mcu.externaltools.gnu-tools-for-stm32.10.3-2021.10.win32_1.0.0.202111181127/tools/bin/../lib/gcc/arm-none-eabi/10.3.1/../../../../arm-none-eabi/lib/thumb/v7e-m+fp/hard\libc_nano.a(lib_a-errno.o)
                              ./Core/Src/syscalls.o (__errno)
c:/st/stm32cubeide_1.8.0/stm32cubeide/plugins/com.st.stm32cube.ide.mcu.externaltools.gnu-tools-for-stm32.10.3-2021.10.win32_1.0.0.202111181127/tools/bin/../lib/gcc/arm-none-eabi/10.3.1/../../../../arm-none-eabi/lib/thumb/v7e-m+fp/hard\libc_nano.a(lib_a-exit.o)
                              c:/st/stm32cubeide_1.8.0/stm32cubeide/plugins/com.st.stm32cube.ide.mcu.externaltools.gnu-tools-for-stm32.10.3-2021.10.win32_1.0.0.202111181127/tools/bin/../lib/gcc/arm-none-eabi/10.3.1/../../../../arm-none-eabi/lib/thumb/v7e-m+fp/hard/crt0.o (exit)
c:/st/stm32cubeide_1.8.0/stm32cubeide/plugins/com.st.stm32cube.ide.mcu.externaltools.gnu-tools-for-stm32.10.3-2021.10.win32_1.0.0.202111181127/tools/bin/../lib/gcc/arm-none-eabi/10.3.1/../../../../arm-none-eabi/lib/thumb/v7e-m+fp/hard\libc_nano.a(lib_a-impure.o)
                              c:/st/stm32cubeide_1.8.0/stm32cubeide/plugins/com.st.stm32cube.ide.mcu.externaltools.gnu-tools-for-stm32.10.3-2021.10.win32_1.0.0.202111181127/tools/bin/../lib/gcc/arm-none-eabi/10.3.1/../../../../arm-none-eabi/lib/thumb/v7e-m+fp/hard\libc_nano.a(lib_a-exit.o) (_global_impure_ptr)
c:/st/stm32cubeide_1.8.0/stm32cubeide/plugins/com.st.stm32cube.ide.mcu.externaltools.gnu-tools-for-stm32.10.3-2021.10.win32_1.0.0.202111181127/tools/bin/../lib/gcc/arm-none-eabi/10.3.1/../../../../arm-none-eabi/lib/thumb/v7e-m+fp/hard\libc_nano.a(lib_a-init.o)
                              c:/st/stm32cubeide_1.8.0/stm32cubeide/plugins/com.st.stm32cube.ide.mcu.externaltools.gnu-tools-for-stm32.10.3-2021.10.win32_1.0.0.202111181127/tools/bin/../lib/gcc/arm-none-eabi/10.3.1/../../../../arm-none-eabi/lib/thumb/v7e-m+fp/hard/crt0.o (__libc_init_array)
c:/st/stm32cubeide_1.8.0/stm32cubeide/plugins/com.st.stm32cube.ide.mcu.externaltools.gnu-tools-for-stm32.10.3-2021.10.win32_1.0.0.202111181127/tools/bin/../lib/gcc/arm-none-eabi/10.3.1/../../../../arm-none-eabi/lib/thumb/v7e-m+fp/hard\libc_nano.a(lib_a-malloc.o)
                              ./Middlewares/ST/STM32_USB_Host_Library/Class/MSC/Src/usbh_msc.o (malloc)
c:/st/stm32cubeide_1.8.0/stm32cubeide/plugins/com.st.stm32cube.ide.mcu.externaltools.gnu-tools-for-stm32.10.3-2021.10.win32_1.0.0.202111181127/tools/bin/../lib/gcc/arm-none-eabi/10.3.1/../../../../arm-none-eabi/lib/thumb/v7e-m+fp/hard\libc_nano.a(lib_a-memcpy-stub.o)
                              ./Core/Src/cs43l22.o (memcpy)
c:/st/stm32cubeide_1.8.0/stm32cubeide/plugins/com.st.stm32cube.ide.mcu.externaltools.gnu-tools-for-stm32.10.3-2021.10.win32_1.0.0.202111181127/tools/bin/../lib/gcc/arm-none-eabi/10.3.1/../../../../arm-none-eabi/lib/thumb/v7e-m+fp/hard\libc_nano.a(lib_a-memset.o)
                              c:/st/stm32cubeide_1.8.0/stm32cubeide/plugins/com.st.stm32cube.ide.mcu.externaltools.gnu-tools-for-stm32.10.3-2021.10.win32_1.0.0.202111181127/tools/bin/../lib/gcc/arm-none-eabi/10.3.1/../../../../arm-none-eabi/lib/thumb/v7e-m+fp/hard/crt0.o (memset)
c:/st/stm32cubeide_1.8.0/stm32cubeide/plugins/com.st.stm32cube.ide.mcu.externaltools.gnu-tools-for-stm32.10.3-2021.10.win32_1.0.0.202111181127/tools/bin/../lib/gcc/arm-none-eabi/10.3.1/../../../../arm-none-eabi/lib/thumb/v7e-m+fp/hard\libc_nano.a(lib_a-nano-freer.o)
                              c:/st/stm32cubeide_1.8.0/stm32cubeide/plugins/com.st.stm32cube.ide.mcu.externaltools.gnu-tools-for-stm32.10.3-2021.10.win32_1.0.0.202111181127/tools/bin/../lib/gcc/arm-none-eabi/10.3.1/../../../../arm-none-eabi/lib/thumb/v7e-m+fp/hard\libc_nano.a(lib_a-malloc.o) (_free_r)
c:/st/stm32cubeide_1.8.0/stm32cubeide/plugins/com.st.stm32cube.ide.mcu.externaltools.gnu-tools-for-stm32.10.3-2021.10.win32_1.0.0.202111181127/tools/bin/../lib/gcc/arm-none-eabi/10.3.1/../../../../arm-none-eabi/lib/thumb/v7e-m+fp/hard\libc_nano.a(lib_a-nano-mallocr.o)
                              c:/st/stm32cubeide_1.8.0/stm32cubeide/plugins/com.st.stm32cube.ide.mcu.externaltools.gnu-tools-for-stm32.10.3-2021.10.win32_1.0.0.202111181127/tools/bin/../lib/gcc/arm-none-eabi/10.3.1/../../../../arm-none-eabi/lib/thumb/v7e-m+fp/hard\libc_nano.a(lib_a-malloc.o) (_malloc_r)
c:/st/stm32cubeide_1.8.0/stm32cubeide/plugins/com.st.stm32cube.ide.mcu.externaltools.gnu-tools-for-stm32.10.3-2021.10.win32_1.0.0.202111181127/tools/bin/../lib/gcc/arm-none-eabi/10.3.1/../../../../arm-none-eabi/lib/thumb/v7e-m+fp/hard\libc_nano.a(lib_a-sbrkr.o)
[...]
Memory Configuration

Name             Origin             Length             Attributes
CCMRAM           0x0000000010000000 0x0000000000010000 xrw
RAM              0x0000000020000000 0x0000000000020000 xrw
FLASH            0x0000000008000000 0x0000000000100000 xr
*default*        0x0000000000000000 0xffffffffffffffff

Linker script and memory map

LOAD c:/st/stm32cubeide_1.8.0/stm32cubeide/plugins/com.st.stm32cube.ide.mcu.externaltools.gnu-tools-for-stm32.10.3-2021.10.win32_1.0.0.202111181127/tools/bin/../lib/gcc/arm-none-eabi/10.3.1/thumb/v7e-m+fp/hard/crti.o
LOAD c:/st/stm32cubeide_1.8.0/stm32cubeide/plugins/com.st.stm32cube.ide.mcu.externaltools.gnu-tools-for-stm32.10.3-2021.10.win32_1.0.0.202111181127/tools/bin/../lib/gcc/arm-none-eabi/10.3.1/thumb/v7e-m+fp/hard/crtbegin.o
LOAD c:/st/stm32cubeide_1.8.0/stm32cubeide/plugins/com.st.stm32cube.ide.mcu.externaltools.gnu-tools-for-stm32.10.3-2021.10.win32_1.0.0.202111181127/tools/bin/../lib/gcc/arm-none-eabi/10.3.1/../../../../arm-none-eabi/lib/thumb/v7e-m+fp/hard/crt0.o
LOAD ./Core/Src/cs43l22.o
LOAD ./Core/Src/epd_driver.o
LOAD ./Core/Src/main.o
LOAD ./Core/Src/painter.o
LOAD ./Core/Src/pedalboard_min.o
LOAD ./Core/Src/stm32f4xx_hal_msp.o
LOAD ./Core/Src/stm32f4xx_it.o
LOAD ./Core/Src/syscalls.o
LOAD ./Core/Src/sysmem.o
LOAD ./Core/Src/system_stm32f4xx.o
LOAD ./Core/Startup/startup_stm32f407vgtx.o
LOAD ./Drivers/STM32F4xx_HAL_Driver/Src/stm32f4xx_hal.o
LOAD ./Drivers/STM32F4xx_HAL_Driver/Src/stm32f4xx_hal_cortex.o
LOAD ./Drivers/STM32F4xx_HAL_Driver/Src/stm32f4xx_hal_dma.o
LOAD ./Drivers/STM32F4xx_HAL_Driver/Src/stm32f4xx_hal_dma_ex.o
LOAD ./Drivers/STM32F4xx_HAL_Driver/Src/stm32f4xx_hal_exti.o
LOAD ./Drivers/STM32F4xx_HAL_Driver/Src/stm32f4xx_hal_flash.o
LOAD ./Drivers/STM32F4xx_HAL_Driver/Src/stm32f4xx_hal_flash_ex.o
LOAD ./Drivers/STM32F4xx_HAL_Driver/Src/stm32f4xx_hal_flash_ramfunc.o
LOAD ./Drivers/STM32F4xx_HAL_Driver/Src/stm32f4xx_hal_gpio.o
LOAD ./Drivers/STM32F4xx_HAL_Driver/Src/stm32f4xx_hal_hcd.o
LOAD ./Drivers/STM32F4xx_HAL_Driver/Src/stm32f4xx_hal_i2c.o
LOAD ./Drivers/STM32F4xx_HAL_Driver/Src/stm32f4xx_hal_i2c_ex.o
LOAD ./Drivers/STM32F4xx_HAL_Driver/Src/stm32f4xx_hal_i2s.o
LOAD ./Drivers/STM32F4xx_HAL_Driver/Src/stm32f4xx_hal_i2s_ex.o
LOAD ./Drivers/STM32F4xx_HAL_Driver/Src/stm32f4xx_hal_pwr.o
LOAD ./Drivers/STM32F4xx_HAL_Driver/Src/stm32f4xx_hal_pwr_ex.o
LOAD ./Drivers/STM32F4xx_HAL_Driver/Src/stm32f4xx_hal_rcc.o
LOAD ./Drivers/STM32F4xx_HAL_Driver/Src/stm32f4xx_hal_rcc_ex.o
LOAD ./Drivers/STM32F4xx_HAL_Driver/Src/stm32f4xx_hal_spi.o
LOAD ./Drivers/STM32F4xx_HAL_Driver/Src/stm32f4xx_hal_tim.o
LOAD ./Drivers/STM32F4xx_HAL_Driver/Src/stm32f4xx_hal_tim_ex.o
LOAD ./Drivers/STM32F4xx_HAL_Driver/Src/stm32f4xx_ll_usb.o
LOAD ./FATFS/App/fatfs.o
LOAD ./FATFS/Target/usbh_diskio.o
LOAD ./Middlewares/ST/STM32_USB_Host_Library/Class/MSC/Src/usbh_msc.o
LOAD ./Middlewares/ST/STM32_USB_Host_Library/Class/MSC/Src/usbh_msc_bot.o
LOAD ./Middlewares/ST/STM32_USB_Host_Library/Class/MSC/Src/usbh_msc_scsi.o
LOAD ./Middlewares/ST/STM32_USB_Host_Library/Core/Src/usbh_core.o
LOAD ./Middlewares/ST/STM32_USB_Host_Library/Core/Src/usbh_ctlreq.o
LOAD ./Middlewares/ST/STM32_USB_Host_Library/Core/Src/usbh_ioreq.o
LOAD ./Middlewares/ST/STM32_USB_Host_Library/Core/Src/usbh_pipes.o
LOAD ./Middlewares/Third_Party/FatFs/src/diskio.o
LOAD ./Middlewares/Third_Party/FatFs/src/ff.o
LOAD ./Middlewares/Third_Party/FatFs/src/ff_gen_drv.o
LOAD ./Middlewares/Third_Party/FatFs/src/option/syscall.o
LOAD ./USB_HOST/App/usb_host.o
LOAD ./USB_HOST/Target/usbh_conf.o
LOAD ./USB_HOST/Target/usbh_platform.o
START GROUP
LOAD c:/st/stm32cubeide_1.8.0/stm32cubeide/plugins/com.st.stm32cube.ide.mcu.externaltools.gnu-tools-for-stm32.10.3-2021.10.win32_1.0.0.202111181127/tools/bin/../lib/gcc/arm-none-eabi/10.3.1/../../../../arm-none-eabi/lib/thumb/v7e-m+fp/hard\libc_nano.a
LOAD c:/st/stm32cubeide_1.8.0/stm32cubeide/plugins/com.st.stm32cube.ide.mcu.externaltools.gnu-tools-for-stm32.10.3-2021.10.win32_1.0.0.202111181127/tools/bin/../lib/gcc/arm-none-eabi/10.3.1/../../../../arm-none-eabi/lib/thumb/v7e-m+fp/hard\libm.a
END GROUP
START GROUP
LOAD c:/st/stm32cubeide_1.8.0/stm32cubeide/plugins/com.st.stm32cube.ide.mcu.externaltools.gnu-tools-for-stm32.10.3-2021.10.win32_1.0.0.202111181127/tools/bin/../lib/gcc/arm-none-eabi/10.3.1/thumb/v7e-m+fp/hard\libgcc.a
LOAD c:/st/stm32cubeide_1.8.0/stm32cubeide/plugins/com.st.stm32cube.ide.mcu.externaltools.gnu-tools-for-stm32.10.3-2021.10.win32_1.0.0.202111181127/tools/bin/../lib/gcc/arm-none-eabi/10.3.1/../../../../arm-none-eabi/lib/thumb/v7e-m+fp/hard\libc_nano.a
END GROUP
START GROUP
LOAD c:/st/stm32cubeide_1.8.0/stm32cubeide/plugins/com.st.stm32cube.ide.mcu.externaltools.gnu-tools-for-stm32.10.3-2021.10.win32_1.0.0.202111181127/tools/bin/../lib/gcc/arm-none-eabi/10.3.1/thumb/v7e-m+fp/hard\libgcc.a
LOAD c:/st/stm32cubeide_1.8.0/stm32cubeide/plugins/com.st.stm32cube.ide.mcu.externaltools.gnu-tools-for-stm32.10.3-2021.10.win32_1.0.0.202111181127/tools/bin/../lib/gcc/arm-none-eabi/10.3.1/../../../../arm-none-eabi/lib/thumb/v7e-m+fp/hard\libc_nano.a
LOAD c:/st/stm32cubeide_1.8.0/stm32cubeide/plugins/com.st.stm32cube.ide.mcu.externaltools.gnu-tools-for-stm32.10.3-2021.10.win32_1.0.0.202111181127/tools/bin/../lib/gcc/arm-none-eabi/10.3.1/../../../../arm-none-eabi/lib/thumb/v7e-m+fp/hard\libnosys.a
END GROUP
START GROUP
LOAD c:/st/stm32cubeide_1.8.0/stm32cubeide/plugins/com.st.stm32cube.ide.mcu.externaltools.gnu-tools-for-stm32.10.3-2021.10.win32_1.0.0.202111181127/tools/bin/../lib/gcc/arm-none-eabi/10.3.1/thumb/v7e-m+fp/hard\libgcc.a
LOAD c:/st/stm32cubeide_1.8.0/stm32cubeide/plugins/com.st.stm32cube.ide.mcu.externaltools.gnu-tools-for-stm32.10.3-2021.10.win32_1.0.0.202111181127/tools/bin/../lib/gcc/arm-none-eabi/10.3.1/../../../../arm-none-eabi/lib/thumb/v7e-m+fp/hard\libc_nano.a
LOAD c:/st/stm32cubeide_1.8.0/stm32cubeide/plugins/com.st.stm32cube.ide.mcu.externaltools.gnu-tools-for-stm32.10.3-2021.10.win32_1.0.0.202111181127/tools/bin/../lib/gcc/arm-none-eabi/10.3.1/../../../../arm-none-eabi/lib/thumb/v7e-m+fp/hard\libnosys.a
END GROUP
LOAD c:/st/stm32cubeide_1.8.0/stm32cubeide/plugins/com.st.stm32cube.ide.mcu.externaltools.gnu-tools-for-stm32.10.3-2021.10.win32_1.0.0.202111181127/tools/bin/../lib/gcc/arm-none-eabi/10.3.1/thumb/v7e-m+fp/hard/crtend.o
LOAD c:/st/stm32cubeide_1.8.0/stm32cubeide/plugins/com.st.stm32cube.ide.mcu.externaltools.gnu-tools-for-stm32.10.3-2021.10.win32_1.0.0.202111181127/tools/bin/../lib/gcc/arm-none-eabi/10.3.1/thumb/v7e-m+fp/hard/crtn.o
                0x0000000020020000                _estack = (ORIGIN (RAM) + LENGTH (RAM))
                0x0000000000000200                _Min_Heap_Size = 0x200
                0x0000000000000400                _Min_Stack_Size = 0x400

.isr_vector     0x0000000008000000      0x188
                0x0000000008000000                . = ALIGN (0x4)
 *(.isr_vector)
 .isr_vector    0x0000000008000000      0x188 ./Core/Startup/startup_stm32f407vgtx.o
                0x0000000008000000                g_pfnVectors
                0x0000000008000188                . = ALIGN (0x4)

.text           0x0000000008000188     0xbc5c
                0x0000000008000188                . = ALIGN (0x4)
 *(.text)
 .text          0x0000000008000188       0x40 c:/st/stm32cubeide_1.8.0/stm32cubeide/plugins/com.st.stm32cube.ide.mcu.externaltools.gnu-tools-for-stm32.10.3-2021.10.win32_1.0.0.202111181127/tools/bin/../lib/gcc/arm-none-eabi/10.3.1/thumb/v7e-m+fp/hard/crtbegin.o
 .text          0x00000000080001c8       0x30 c:/st/stm32cubeide_1.8.0/stm32cubeide/plugins/com.st.stm32cube.ide.mcu.externaltools.gnu-tools-for-stm32.10.3-2021.10.win32_1.0.0.202111181127/tools/bin/../lib/gcc/arm-none-eabi/10.3.1/thumb/v7e-m+fp/hard\libgcc.a(_aeabi_uldivmod.o)
                0x00000000080001c8                __aeabi_uldivmod
 .text          0x00000000080001f8      0x2d0 c:/st/stm32cubeide_1.8.0/stm32cubeide/plugins/com.st.stm32cube.ide.mcu.externaltools.gnu-tools-for-stm32.10.3-2021.10.win32_1.0.0.202111181127/tools/bin/../lib/gcc/arm-none-eabi/10.3.1/thumb/v7e-m+fp/hard\libgcc.a(_udivmoddi4.o)
                0x00000000080001f8                __udivmoddi4
 .text          0x00000000080004c8        0x4 c:/st/stm32cubeide_1.8.0/stm32cubeide/plugins/com.st.stm32cube.ide.mcu.externaltools.gnu-tools-for-stm32.10.3-2021.10.win32_1.0.0.202111181127/tools/bin/../lib/gcc/arm-none-eabi/10.3.1/thumb/v7e-m+fp/hard\libgcc.a(_dvmd_tls.o)
                0x00000000080004c8                __aeabi_idiv0
                0x00000000080004c8                __aeabi_ldiv0
 *(.text*)
 .text.write_register
                0x00000000080004cc       0x3c ./Core/Src/cs43l22.o
 .text.read_register
                0x0000000008000508       0x44 ./Core/Src/cs43l22.o
 .text.CS43_Init
                0x000000000800054c      0x228 ./Core/Src/cs43l22.o
                0x000000000800054c                CS43_Init
 .text.CS43_Enable_RightLeft
                0x0000000008000774       0xb8 ./Core/Src/cs43l22.o
                0x0000000008000774                CS43_Enable_RightLeft
 .text.CS43_SetVolume
                0x000000000800082c       0x84 ./Core/Src/cs43l22.o
                0x000000000800082c                CS43_SetVolume
 .text.CS43_Start
                0x00000000080008b0       0x84 ./Core/Src/cs43l22.o
                0x00000000080008b0                CS43_Start
 .text.Conv_ADC
                0x0000000008000934       0x1c ./Core/Src/main.o
                0x0000000008000934                Conv_ADC
 .text.HAL_I2S_RxHalfCpltCallback
                0x0000000008000950       0x58 ./Core/Src/main.o
                0x0000000008000950                HAL_I2S_RxHalfCpltCallback
 .text.HAL_I2S_RxCpltCallback
                0x00000000080009a8       0x60 ./Core/Src/main.o
                0x00000000080009a8                HAL_I2S_RxCpltCallback
 .text.HAL_I2S_TxHalfCpltCallback
                0x0000000008000a08       0x60 ./Core/Src/main.o
                0x0000000008000a08                HAL_I2S_TxHalfCpltCallback
 .text.HAL_I2S_TxCpltCallback
                0x0000000008000a68       0x60 ./Core/Src/main.o
                0x0000000008000a68                HAL_I2S_TxCpltCallback
 .text.SystemClock_Config
                0x0000000008000ac8       0xac ./Core/Src/main.o
                0x0000000008000ac8                SystemClock_Config
 .text.PeriphCommonClock_Config
                0x0000000008000b74       0x26 ./Core/Src/main.o
                0x0000000008000b74                PeriphCommonClock_Config
 *fill*         0x0000000008000b9a        0x2 
 .text.main     0x0000000008000b9c      0x31c ./Core/Src/main.o
                0x0000000008000b9c                main
 .text.Error_Handler
                0x0000000008000eb8        0x4 ./Core/Src/main.o
                0x0000000008000eb8                Error_Handler
 .text.read_font_pixel
                0x0000000008000ebc       0x4e ./Core/Src/painter.o
                0x0000000008000ebc                read_font_pixel
 .text.toggle_single_pixel
                0x0000000008000f0a       0x64 ./Core/Src/painter.o
                0x0000000008000f0a                toggle_single_pixel
 .text.draw_rectangle
                0x0000000008000f6e       0x64 ./Core/Src/painter.o
                0x0000000008000f6e                draw_rectangle
 *fill*         0x0000000008000fd2        0x2 
 .text.draw_char
                0x0000000008000fd4       0x88 ./Core/Src/painter.o
                0x0000000008000fd4                draw_char
 .text.translate
                0x000000000800105c       0x96 ./Core/Src/painter.o
                0x000000000800105c                translate
 .text.draw_text
                0x00000000080010f2       0x5e ./Core/Src/painter.o
                0x00000000080010f2                draw_text
 .text.draw_clean
                0x0000000008001150       0x3a ./Core/Src/painter.o
                0x0000000008001150                draw_clean
 *fill*         0x000000000800118a        0x2 
 .text.overdrive_pedal_init
                0x000000000800118c       0x88 ./Core/Src/pedalboard_min.o
                0x000000000800118c                overdrive_pedal_init
 .text.overdrive_process
                0x0000000008001214       0x88 ./Core/Src/pedalboard_min.o
                0x0000000008001214                overdrive_process
 .text.bitcrusher_rs_pedal_init
                0x000000000800129c       0x4c ./Core/Src/pedalboard_min.o
                0x000000000800129c                bitcrusher_rs_pedal_init
 .text.bitcrusher_rs_process
                0x00000000080012e8       0x96 ./Core/Src/pedalboard_min.o
                0x00000000080012e8                bitcrusher_rs_process
 *fill*         0x000000000800137e        0x2 
 .text.tremolo_pedal_init
                0x0000000008001380       0x68 ./Core/Src/pedalboard_min.o
                0x0000000008001380                tremolo_pedal_init
 .text.tremolo_process
                0x00000000080013e8       0x84 ./Core/Src/pedalboard_min.o
                0x00000000080013e8                tremolo_process
 .text.overdrive_sqrt_pedal_init
                0x000000000800146c       0x64 ./Core/Src/pedalboard_min.o
                0x000000000800146c                overdrive_sqrt_pedal_init
 .text.overdrive_sqrt_process
                0x00000000080014d0       0xa0 ./Core/Src/pedalboard_min.o
                0x00000000080014d0                overdrive_sqrt_process
 .text.amplifier_pedal_init
                0x0000000008001570       0x3c ./Core/Src/pedalboard_min.o
                0x0000000008001570                amplifier_pedal_init
 .text.amplifier_process
                0x00000000080015ac       0x44 ./Core/Src/pedalboard_min.o
                0x00000000080015ac                amplifier_process
 .text.dyn_amplifier_pedal_init
                0x00000000080015f0       0x14 ./Core/Src/pedalboard_min.o
                0x00000000080015f0                dyn_amplifier_pedal_init
 .text.dyn_amplifier_process
                0x0000000008001604       0x20 ./Core/Src/pedalboard_min.o
                0x0000000008001604                dyn_amplifier_process
 .text.low_pass_filter_pedal_init
                0x0000000008001624       0x5c ./Core/Src/pedalboard_min.o
                0x0000000008001624                low_pass_filter_pedal_init
 .text.low_pass_filter_process
                0x0000000008001680       0x78 ./Core/Src/pedalboard_min.o
                0x0000000008001680                low_pass_filter_process
 .text.fuzz_pedal_init
                0x00000000080016f8       0xa4 ./Core/Src/pedalboard_min.o
                0x00000000080016f8                fuzz_pedal_init
 .text.fuzz_process
                0x000000000800179c      0x134 ./Core/Src/pedalboard_min.o
                0x000000000800179c                fuzz_process
 .text.bypass_pedal_init
                0x00000000080018d0       0x14 ./Core/Src/pedalboard_min.o
                0x00000000080018d0                bypass_pedal_init
 .text.bypass_process
                0x00000000080018e4       0x20 ./Core/Src/pedalboard_min.o
                0x00000000080018e4                bypass_process
 .text.mix      0x0000000008001904       0x40 ./Core/Src/pedalboard_min.o
                0x0000000008001904                mix
 .text.hard_clip
                0x0000000008001944       0x60 ./Core/Src/pedalboard_min.o
                0x0000000008001944                hard_clip
 .text.soft_clip
                0x00000000080019a4       0x96 ./Core/Src/pedalboard_min.o
                0x00000000080019a4                soft_clip
 .text.square_root
                0x0000000008001a3a       0x60 ./Core/Src/pedalboard_min.o
                0x0000000008001a3a                square_root
 *fill*         0x0000000008001a9a        0x2 
 .text.wave_gen
                0x0000000008001a9c      0x10c ./Core/Src/pedalboard_min.o
                0x0000000008001a9c                wave_gen
 .text.pedalboard_append
                0x0000000008001ba8      0x204 ./Core/Src/pedalboard_min.o
                0x0000000008001ba8                pedalboard_append
 .text.HAL_MspInit
                0x0000000008001dac       0x50 ./Core/Src/stm32f4xx_hal_msp.o
                0x0000000008001dac                HAL_MspInit
 .text.HAL_I2C_MspInit
                0x0000000008001dfc       0x90 ./Core/Src/stm32f4xx_hal_msp.o
                0x0000000008001dfc                HAL_I2C_MspInit
 .text.HAL_I2S_MspInit
                0x0000000008001e8c      0x294 ./Core/Src/stm32f4xx_hal_msp.o
                0x0000000008001e8c                HAL_I2S_MspInit
 .text.HAL_SPI_MspInit
                0x0000000008002120       0x90 ./Core/Src/stm32f4xx_hal_msp.o
                0x0000000008002120                HAL_SPI_MspInit
 .text.NMI_Handler
                0x00000000080021b0        0x6 ./Core/Src/stm32f4xx_it.o
                0x00000000080021b0                NMI_Handler
 .text.HardFault_Handler
                0x00000000080021b6        0x6 ./Core/Src/stm32f4xx_it.o
                0x00000000080021b6                HardFault_Handler
 .text.MemManage_Handler
                0x00000000080021bc        0x6 ./Core/Src/stm32f4xx_it.o
                0x00000000080021bc                MemManage_Handler
 .text.BusFault_Handler
                0x00000000080021c2        0x6 ./Core/Src/stm32f4xx_it.o
                0x00000000080021c2                BusFault_Handler
 .text.UsageFault_Handler
                0x00000000080021c8        0x6 ./Core/Src/stm32f4xx_it.o
                0x00000000080021c8                UsageFault_Handler
 .text.SVC_Handler
                0x00000000080021ce        0xe ./Core/Src/stm32f4xx_it.o
                0x00000000080021ce                SVC_Handler
 .text.DebugMon_Handler
                0x00000000080021dc        0xe ./Core/Src/stm32f4xx_it.o
                0x00000000080021dc                DebugMon_Handler
 .text.PendSV_Handler
                0x00000000080021ea        0xe ./Core/Src/stm32f4xx_it.o
                0x00000000080021ea                PendSV_Handler
 .text.SysTick_Handler
                0x00000000080021f8        0xc ./Core/Src/stm32f4xx_it.o
                0x00000000080021f8                SysTick_Handler
 .text.DMA1_Stream3_IRQHandler
                0x0000000008002204       0x14 ./Core/Src/stm32f4xx_it.o
                0x0000000008002204                DMA1_Stream3_IRQHandler
 .text.DMA1_Stream5_IRQHandler
                0x0000000008002218       0x14 ./Core/Src/stm32f4xx_it.o
                0x0000000008002218                DMA1_Stream5_IRQHandler
 .text.SPI2_IRQHandler
                0x000000000800222c       0x14 ./Core/Src/stm32f4xx_it.o
                0x000000000800222c                SPI2_IRQHandler
 .text.SPI3_IRQHandler
                0x0000000008002240       0x14 ./Core/Src/stm32f4xx_it.o
                0x0000000008002240                SPI3_IRQHandler
 .text.OTG_FS_IRQHandler
                0x0000000008002254       0x14 ./Core/Src/stm32f4xx_it.o
                0x0000000008002254                OTG_FS_IRQHandler
 .text._sbrk    0x0000000008002268       0x6c ./Core/Src/sysmem.o
                0x0000000008002268                _sbrk
 .text.SystemInit
                0x00000000080022d4       0x24 ./Core/Src/system_stm32f4xx.o
                0x00000000080022d4                SystemInit
 .text.Reset_Handler
                0x00000000080022f8       0x50 ./Core/Startup/startup_stm32f407vgtx.o
                0x00000000080022f8                Reset_Handler
 .text.Default_Handler
                0x0000000008002348        0x2 ./Core/Startup/startup_stm32f407vgtx.o
                0x0000000008002348                RTC_Alarm_IRQHandler
                0x0000000008002348                HASH_RNG_IRQHandler
                0x0000000008002348                EXTI2_IRQHandler
                0x0000000008002348                TIM8_CC_IRQHandler
                0x0000000008002348                TIM1_CC_IRQHandler
                0x0000000008002348                DMA2_Stream5_IRQHandler
                0x0000000008002348                PVD_IRQHandler
                0x0000000008002348                SDIO_IRQHandler
                0x0000000008002348                TAMP_STAMP_IRQHandler
                0x0000000008002348                CAN2_RX1_IRQHandler
                0x0000000008002348                EXTI3_IRQHandler
                0x0000000008002348                TIM8_TRG_COM_TIM14_IRQHandler
                0x0000000008002348                TIM1_UP_TIM10_IRQHandler
                0x0000000008002348                TIM8_UP_TIM13_IRQHandler
                0x0000000008002348                I2C3_ER_IRQHandler
                0x0000000008002348                EXTI0_IRQHandler
                0x0000000008002348                I2C2_EV_IRQHandler
                0x0000000008002348                DMA1_Stream2_IRQHandler
                0x0000000008002348                CAN1_RX0_IRQHandler
                0x0000000008002348                FPU_IRQHandler
                0x0000000008002348                OTG_HS_WKUP_IRQHandler
                0x0000000008002348                CAN2_SCE_IRQHandler
                0x0000000008002348                DMA2_Stream2_IRQHandler
                0x0000000008002348                SPI1_IRQHandler
                0x0000000008002348                TIM6_DAC_IRQHandler
                0x0000000008002348                TIM1_BRK_TIM9_IRQHandler
                0x0000000008002348                DCMI_IRQHandler
                0x0000000008002348                CAN2_RX0_IRQHandler
                0x0000000008002348                DMA2_Stream3_IRQHandler
                0x0000000008002348                USART6_IRQHandler
                0x0000000008002348                USART3_IRQHandler
                0x0000000008002348                CAN1_RX1_IRQHandler
                0x0000000008002348                UART5_IRQHandler
                0x0000000008002348                DMA2_Stream0_IRQHandler
                0x0000000008002348                TIM4_IRQHandler
                0x0000000008002348                I2C1_EV_IRQHandler
                0x0000000008002348                DMA1_Stream6_IRQHandler
                0x0000000008002348                DMA1_Stream1_IRQHandler
                0x0000000008002348                UART4_IRQHandler
                0x0000000008002348                TIM3_IRQHandler
                0x0000000008002348                RCC_IRQHandler
                0x0000000008002348                TIM8_BRK_TIM12_IRQHandler
                0x0000000008002348                Default_Handler
                0x0000000008002348                EXTI15_10_IRQHandler
                0x0000000008002348                ADC_IRQHandler
                0x0000000008002348                DMA1_Stream7_IRQHandler
                0x0000000008002348                TIM7_IRQHandler
                0x0000000008002348                CAN2_TX_IRQHandler
                0x0000000008002348                TIM5_IRQHandler
                0x0000000008002348                DMA2_Stream7_IRQHandler
                0x0000000008002348                I2C3_EV_IRQHandler
                0x0000000008002348                EXTI9_5_IRQHandler
                0x0000000008002348                RTC_WKUP_IRQHandler
                0x0000000008002348                ETH_WKUP_IRQHandler
                0x0000000008002348                OTG_HS_EP1_IN_IRQHandler
                0x0000000008002348                DMA1_Stream0_IRQHandler
                0x0000000008002348                CAN1_TX_IRQHandler
                0x0000000008002348                EXTI4_IRQHandler
                0x0000000008002348                FSMC_IRQHandler
                0x0000000008002348                ETH_IRQHandler
                0x0000000008002348                OTG_HS_EP1_OUT_IRQHandler
                0x0000000008002348                WWDG_IRQHandler
                0x0000000008002348                TIM2_IRQHandler
                0x0000000008002348                OTG_FS_WKUP_IRQHandler
                0x0000000008002348                TIM1_TRG_COM_TIM11_IRQHandler
                0x0000000008002348                OTG_HS_IRQHandler
                0x0000000008002348                EXTI1_IRQHandler
                0x0000000008002348                USART2_IRQHandler
                0x0000000008002348                I2C2_ER_IRQHandler
                0x0000000008002348                DMA2_Stream1_IRQHandler
                0x0000000008002348                CAN1_SCE_IRQHandler
                0x0000000008002348                FLASH_IRQHandler
                0x0000000008002348                DMA2_Stream4_IRQHandler
                0x0000000008002348                USART1_IRQHandler
                0x0000000008002348                DMA1_Stream4_IRQHandler
                0x0000000008002348                I2C1_ER_IRQHandler
                0x0000000008002348                DMA2_Stream6_IRQHandler
 *fill*         0x000000000800234a        0x2 
 .text.HAL_Init
                0x000000000800234c       0x44 ./Drivers/STM32F4xx_HAL_Driver/Src/stm32f4xx_hal.o
                0x000000000800234c                HAL_Init
 .text.HAL_InitTick
                0x0000000008002390       0x60 ./Drivers/STM32F4xx_HAL_Driver/Src/stm32f4xx_hal.o
                0x0000000008002390                HAL_InitTick
 .text.HAL_IncTick
                0x00000000080023f0       0x28 ./Drivers/STM32F4xx_HAL_Driver/Src/stm32f4xx_hal.o
                0x00000000080023f0                HAL_IncTick
 .text.HAL_GetTick
                0x0000000008002418       0x18 ./Drivers/STM32F4xx_HAL_Driver/Src/stm32f4xx_hal.o
                0x0000000008002418                HAL_GetTick
 .text.HAL_Delay
                0x0000000008002430       0x48 ./Drivers/STM32F4xx_HAL_Driver/Src/stm32f4xx_hal.o
                0x0000000008002430                HAL_Delay
 .text.__NVIC_SetPriorityGrouping
                0x0000000008002478       0x48 ./Drivers/STM32F4xx_HAL_Driver/Src/stm32f4xx_hal_cortex.o
 .text.__NVIC_GetPriorityGrouping
                0x00000000080024c0       0x1c ./Drivers/STM32F4xx_HAL_Driver/Src/stm32f4xx_hal_cortex.o
 .text.__NVIC_EnableIRQ
                0x00000000080024dc       0x3c ./Drivers/STM32F4xx_HAL_Driver/Src/stm32f4xx_hal_cortex.o
 .text.__NVIC_SetPriority
                0x0000000008002518       0x54 ./Drivers/STM32F4xx_HAL_Driver/Src/stm32f4xx_hal_cortex.o
 .text.NVIC_EncodePriority
                0x000000000800256c       0x66 ./Drivers/STM32F4xx_HAL_Driver/Src/stm32f4xx_hal_cortex.o
 *fill*         0x00000000080025d2        0x2 
 .text.SysTick_Config
                0x00000000080025d4       0x44 ./Drivers/STM32F4xx_HAL_Driver/Src/stm32f4xx_hal_cortex.o
 .text.HAL_NVIC_SetPriorityGrouping
                0x0000000008002618       0x16 ./Drivers/STM32F4xx_HAL_Driver/Src/stm32f4xx_hal_cortex.o
                0x0000000008002618                HAL_NVIC_SetPriorityGrouping
 .text.HAL_NVIC_SetPriority
                0x000000000800262e       0x38 ./Drivers/STM32F4xx_HAL_Driver/Src/stm32f4xx_hal_cortex.o
                0x000000000800262e                HAL_NVIC_SetPriority
 .text.HAL_NVIC_EnableIRQ
                0x0000000008002666       0x1c ./Drivers/STM32F4xx_HAL_Driver/Src/stm32f4xx_hal_cortex.o
                0x0000000008002666                HAL_NVIC_EnableIRQ
 .text.HAL_SYSTICK_Config
                0x0000000008002682       0x18 ./Drivers/STM32F4xx_HAL_Driver/Src/stm32f4xx_hal_cortex.o
                0x0000000008002682                HAL_SYSTICK_Config
 *fill*         0x000000000800269a        0x2 
 .text.HAL_DMA_Init
                0x000000000800269c      0x15c ./Drivers/STM32F4xx_HAL_Driver/Src/stm32f4xx_hal_dma.o
                0x000000000800269c                HAL_DMA_Init
 .text.HAL_DMA_Start_IT
                0x00000000080027f8       0xb0 ./Drivers/STM32F4xx_HAL_Driver/Src/stm32f4xx_hal_dma.o
                0x00000000080027f8                HAL_DMA_Start_IT
 .text.HAL_DMA_IRQHandler
                0x00000000080028a8      0x314 ./Drivers/STM32F4xx_HAL_Driver/Src/stm32f4xx_hal_dma.o
                0x00000000080028a8                HAL_DMA_IRQHandler
 .text.DMA_SetConfig
                0x0000000008002bbc       0x5c ./Drivers/STM32F4xx_HAL_Driver/Src/stm32f4xx_hal_dma.o
 .text.DMA_CalcBaseAndBitshift
                0x0000000008002c18       0x6c ./Drivers/STM32F4xx_HAL_Driver/Src/stm32f4xx_hal_dma.o
 .text.DMA_CheckFifoParam
                0x0000000008002c84       0xf8 ./Drivers/STM32F4xx_HAL_Driver/Src/stm32f4xx_hal_dma.o
 .text.HAL_GPIO_Init
                0x0000000008002d7c      0x338 ./Drivers/STM32F4xx_HAL_Driver/Src/stm32f4xx_hal_gpio.o
                0x0000000008002d7c                HAL_GPIO_Init
 .text.HAL_GPIO_WritePin
                0x00000000080030b4       0x32 ./Drivers/STM32F4xx_HAL_Driver/Src/stm32f4xx_hal_gpio.o
                0x00000000080030b4                HAL_GPIO_WritePin
 .text.HAL_HCD_Init
                0x00000000080030e6       0xc4 ./Drivers/STM32F4xx_HAL_Driver/Src/stm32f4xx_hal_hcd.o
                0x00000000080030e6                HAL_HCD_Init
 .text.HAL_HCD_HC_Init
                0x00000000080031aa      0x11e ./Drivers/STM32F4xx_HAL_Driver/Src/stm32f4xx_hal_hcd.o
                0x00000000080031aa                HAL_HCD_HC_Init
 .text.HAL_HCD_HC_Halt
                0x00000000080032c8       0x46 ./Drivers/STM32F4xx_HAL_Driver/Src/stm32f4xx_hal_hcd.o
                0x00000000080032c8                HAL_HCD_HC_Halt
 *fill*         0x000000000800330e        0x2 
 .text.HAL_HCD_HC_SubmitRequest
                0x0000000008003310      0x2ac ./Drivers/STM32F4xx_HAL_Driver/Src/stm32f4xx_hal_hcd.o
                0x0000000008003310                HAL_HCD_HC_SubmitRequest
 .text.HAL_HCD_IRQHandler
                0x00000000080035bc      0x216 ./Drivers/STM32F4xx_HAL_Driver/Src/stm32f4xx_hal_hcd.o
                0x00000000080035bc                HAL_HCD_IRQHandler
 .text.HAL_HCD_Start
                0x00000000080037d2       0x46 ./Drivers/STM32F4xx_HAL_Driver/Src/stm32f4xx_hal_hcd.o
                0x00000000080037d2                HAL_HCD_Start
 .text.HAL_HCD_Stop
                0x0000000008003818       0x3a ./Drivers/STM32F4xx_HAL_Driver/Src/stm32f4xx_hal_hcd.o
                0x0000000008003818                HAL_HCD_Stop
 .text.HAL_HCD_ResetPort
                0x0000000008003852       0x1c ./Drivers/STM32F4xx_HAL_Driver/Src/stm32f4xx_hal_hcd.o
                0x0000000008003852                HAL_HCD_ResetPort
 .text.HAL_HCD_HC_GetURBState
                0x000000000800386e       0x28 ./Drivers/STM32F4xx_HAL_Driver/Src/stm32f4xx_hal_hcd.o
                0x000000000800386e                HAL_HCD_HC_GetURBState
 .text.HAL_HCD_HC_GetXferCount
                0x0000000008003896       0x28 ./Drivers/STM32F4xx_HAL_Driver/Src/stm32f4xx_hal_hcd.o
                0x0000000008003896                HAL_HCD_HC_GetXferCount
 .text.HAL_HCD_GetCurrentFrame
                0x00000000080038be       0x1c ./Drivers/STM32F4xx_HAL_Driver/Src/stm32f4xx_hal_hcd.o
                0x00000000080038be                HAL_HCD_GetCurrentFrame
 .text.HAL_HCD_GetCurrentSpeed
                0x00000000080038da       0x1c ./Drivers/STM32F4xx_HAL_Driver/Src/stm32f4xx_hal_hcd.o
                0x00000000080038da                HAL_HCD_GetCurrentSpeed
 .text.HCD_HC_IN_IRQHandler
                0x00000000080038f6      0x844 ./Drivers/STM32F4xx_HAL_Driver/Src/stm32f4xx_hal_hcd.o
 .text.HCD_HC_OUT_IRQHandler
                0x000000000800413a      0x802 ./Drivers/STM32F4xx_HAL_Driver/Src/stm32f4xx_hal_hcd.o
 .text.HCD_RXQLVL_IRQHandler
                0x000000000800493c      0x1a4 ./Drivers/STM32F4xx_HAL_Driver/Src/stm32f4xx_hal_hcd.o
 .text.HCD_Port_IRQHandler
                0x0000000008004ae0       0xe6 ./Drivers/STM32F4xx_HAL_Driver/Src/stm32f4xx_hal_hcd.o
 *fill*         0x0000000008004bc6        0x2 
 .text.HAL_I2C_Init
                0x0000000008004bc8      0x288 ./Drivers/STM32F4xx_HAL_Driver/Src/stm32f4xx_hal_i2c.o
                0x0000000008004bc8                HAL_I2C_Init
 .text.HAL_I2C_Master_Transmit
                0x0000000008004e50      0x1fc ./Drivers/STM32F4xx_HAL_Driver/Src/stm32f4xx_hal_i2c.o
                0x0000000008004e50                HAL_I2C_Master_Transmit
 .text.HAL_I2C_Master_Receive
                0x000000000800504c      0x44c ./Drivers/STM32F4xx_HAL_Driver/Src/stm32f4xx_hal_i2c.o
                0x000000000800504c                HAL_I2C_Master_Receive
 .text.I2C_MasterRequestWrite
                0x0000000008005498      0x104 ./Drivers/STM32F4xx_HAL_Driver/Src/stm32f4xx_hal_i2c.o
 .text.I2C_MasterRequestRead
                0x000000000800559c      0x19c ./Drivers/STM32F4xx_HAL_Driver/Src/stm32f4xx_hal_i2c.o
 .text.I2C_WaitOnFlagUntilTimeout
                0x0000000008005738       0xae ./Drivers/STM32F4xx_HAL_Driver/Src/stm32f4xx_hal_i2c.o
 .text.I2C_WaitOnMasterAddressFlagUntilTimeout
                0x00000000080057e6       0xfe ./Drivers/STM32F4xx_HAL_Driver/Src/stm32f4xx_hal_i2c.o
 .text.I2C_WaitOnTXEFlagUntilTimeout
                0x00000000080058e4       0x82 ./Drivers/STM32F4xx_HAL_Driver/Src/stm32f4xx_hal_i2c.o
 .text.I2C_WaitOnBTFFlagUntilTimeout
                0x0000000008005966       0x82 ./Drivers/STM32F4xx_HAL_Driver/Src/stm32f4xx_hal_i2c.o
 .text.I2C_WaitOnRXNEFlagUntilTimeout
                0x00000000080059e8       0xac ./Drivers/STM32F4xx_HAL_Driver/Src/stm32f4xx_hal_i2c.o
 .text.I2C_IsAcknowledgeFailed
                0x0000000008005a94       0x5e ./Drivers/STM32F4xx_HAL_Driver/Src/stm32f4xx_hal_i2c.o
 *fill*         0x0000000008005af2        0x2 
 .text.HAL_I2S_Init
                0x0000000008005af4      0x280 ./Drivers/STM32F4xx_HAL_Driver/Src/stm32f4xx_hal_i2s.o
                0x0000000008005af4                HAL_I2S_Init
 .text.HAL_I2S_Transmit_DMA
                0x0000000008005d74      0x150 ./Drivers/STM32F4xx_HAL_Driver/Src/stm32f4xx_hal_i2s.o
                0x0000000008005d74                HAL_I2S_Transmit_DMA
 .text.HAL_I2S_Receive_DMA
                0x0000000008005ec4      0x178 ./Drivers/STM32F4xx_HAL_Driver/Src/stm32f4xx_hal_i2s.o
                0x0000000008005ec4                HAL_I2S_Receive_DMA
 .text.HAL_I2S_IRQHandler
                0x000000000800603c       0x18 ./Drivers/STM32F4xx_HAL_Driver/Src/stm32f4xx_hal_i2s.o
                0x000000000800603c                HAL_I2S_IRQHandler
 .text.HAL_I2S_ErrorCallback
                0x0000000008006054       0x14 ./Drivers/STM32F4xx_HAL_Driver/Src/stm32f4xx_hal_i2s.o
                0x0000000008006054                HAL_I2S_ErrorCallback
 .text.I2S_DMATxCplt
                0x0000000008006068       0x42 ./Drivers/STM32F4xx_HAL_Driver/Src/stm32f4xx_hal_i2s.o
 .text.I2S_DMATxHalfCplt
                0x00000000080060aa       0x1c ./Drivers/STM32F4xx_HAL_Driver/Src/stm32f4xx_hal_i2s.o
 .text.I2S_DMARxCplt
                0x00000000080060c6       0x42 ./Drivers/STM32F4xx_HAL_Driver/Src/stm32f4xx_hal_i2s.o
 .text.I2S_DMARxHalfCplt
                0x0000000008006108       0x1c ./Drivers/STM32F4xx_HAL_Driver/Src/stm32f4xx_hal_i2s.o
 .text.I2S_DMAError
                0x0000000008006124       0x4c ./Drivers/STM32F4xx_HAL_Driver/Src/stm32f4xx_hal_i2s.o
 .text.I2S_Transmit_IT
                0x0000000008006170       0x5c ./Drivers/STM32F4xx_HAL_Driver/Src/stm32f4xx_hal_i2s.o
 .text.I2S_Receive_IT
                0x00000000080061cc       0x5e ./Drivers/STM32F4xx_HAL_Driver/Src/stm32f4xx_hal_i2s.o
 .text.I2S_IRQHandler
                0x000000000800622a      0x114 ./Drivers/STM32F4xx_HAL_Driver/Src/stm32f4xx_hal_i2s.o
 *fill*         0x000000000800633e        0x2 
 .text.HAL_I2SEx_FullDuplex_IRQHandler
                0x0000000008006340      0x2a8 ./Drivers/STM32F4xx_HAL_Driver/Src/stm32f4xx_hal_i2s_ex.o
                0x0000000008006340                HAL_I2SEx_FullDuplex_IRQHandler
 .text.HAL_I2SEx_TxRxCpltCallback
                0x00000000080065e8       0x14 ./Drivers/STM32F4xx_HAL_Driver/Src/stm32f4xx_hal_i2s_ex.o
                0x00000000080065e8                HAL_I2SEx_TxRxCpltCallback
 .text.I2SEx_TxISR_I2S
                0x00000000080065fc       0x62 ./Drivers/STM32F4xx_HAL_Driver/Src/stm32f4xx_hal_i2s_ex.o
 *fill*         0x000000000800665e        0x2 
 .text.I2SEx_TxISR_I2SExt
                0x0000000008006660       0x98 ./Drivers/STM32F4xx_HAL_Driver/Src/stm32f4xx_hal_i2s_ex.o
 .text.I2SEx_RxISR_I2S
                0x00000000080066f8       0x64 ./Drivers/STM32F4xx_HAL_Driver/Src/stm32f4xx_hal_i2s_ex.o
 .text.I2SEx_RxISR_I2SExt
                0x000000000800675c       0x98 ./Drivers/STM32F4xx_HAL_Driver/Src/stm32f4xx_hal_i2s_ex.o
 .text.HAL_RCC_OscConfig
                0x00000000080067f4      0x4f0 ./Drivers/STM32F4xx_HAL_Driver/Src/stm32f4xx_hal_rcc.o
                0x00000000080067f4                HAL_RCC_OscConfig
 .text.HAL_RCC_ClockConfig
                0x0000000008006ce4      0x1cc ./Drivers/STM32F4xx_HAL_Driver/Src/stm32f4xx_hal_rcc.o
                0x0000000008006ce4                HAL_RCC_ClockConfig
 .text.HAL_RCC_GetSysClockFreq
                0x0000000008006eb0      0x20c ./Drivers/STM32F4xx_HAL_Driver/Src/stm32f4xx_hal_rcc.o
                0x0000000008006eb0                HAL_RCC_GetSysClockFreq
 .text.HAL_RCC_GetHCLKFreq
                0x00000000080070bc       0x18 ./Drivers/STM32F4xx_HAL_Driver/Src/stm32f4xx_hal_rcc.o
                0x00000000080070bc                HAL_RCC_GetHCLKFreq
 .text.HAL_RCC_GetPCLK1Freq
                0x00000000080070d4       0x28 ./Drivers/STM32F4xx_HAL_Driver/Src/stm32f4xx_hal_rcc.o
                0x00000000080070d4                HAL_RCC_GetPCLK1Freq
 .text.HAL_RCCEx_PeriphCLKConfig
                0x00000000080070fc      0x1c4 ./Drivers/STM32F4xx_HAL_Driver/Src/stm32f4xx_hal_rcc_ex.o
                0x00000000080070fc                HAL_RCCEx_PeriphCLKConfig
 .text.HAL_RCCEx_GetPeriphCLKFreq
                0x00000000080072c0       0xbc ./Drivers/STM32F4xx_HAL_Driver/Src/stm32f4xx_hal_rcc_ex.o
                0x00000000080072c0                HAL_RCCEx_GetPeriphCLKFreq
 .text.HAL_SPI_Init
                0x000000000800737c      0x112 ./Drivers/STM32F4xx_HAL_Driver/Src/stm32f4xx_hal_spi.o
                0x000000000800737c                HAL_SPI_Init
 .text.USB_CoreInit
                0x000000000800748e       0xc2 ./Drivers/STM32F4xx_HAL_Driver/Src/stm32f4xx_ll_usb.o
                0x000000000800748e                USB_CoreInit
 .text.USB_EnableGlobalInt
                0x0000000008007550       0x22 ./Drivers/STM32F4xx_HAL_Driver/Src/stm32f4xx_ll_usb.o
                0x0000000008007550                USB_EnableGlobalInt
 .text.USB_DisableGlobalInt
                0x0000000008007572       0x22 ./Drivers/STM32F4xx_HAL_Driver/Src/stm32f4xx_ll_usb.o
                0x0000000008007572                USB_DisableGlobalInt
 .text.USB_SetCurrentMode
                0x0000000008007594       0x98 ./Drivers/STM32F4xx_HAL_Driver/Src/stm32f4xx_ll_usb.o
                0x0000000008007594                USB_SetCurrentMode
 .text.USB_FlushTxFifo
                0x000000000800762c       0x48 ./Drivers/STM32F4xx_HAL_Driver/Src/stm32f4xx_ll_usb.o
                0x000000000800762c                USB_FlushTxFifo
 .text.USB_FlushRxFifo
                0x0000000008007674       0x40 ./Drivers/STM32F4xx_HAL_Driver/Src/stm32f4xx_ll_usb.o
                0x0000000008007674                USB_FlushRxFifo
 .text.USB_WritePacket
                0x00000000080076b4       0x7c ./Drivers/STM32F4xx_HAL_Driver/Src/stm32f4xx_ll_usb.o
                0x00000000080076b4                USB_WritePacket
 .text.USB_ReadPacket
                0x0000000008007730       0xb0 ./Drivers/STM32F4xx_HAL_Driver/Src/stm32f4xx_ll_usb.o
                0x0000000008007730                USB_ReadPacket
 .text.USB_ReadInterrupts
                0x00000000080077e0       0x26 ./Drivers/STM32F4xx_HAL_Driver/Src/stm32f4xx_ll_usb.o
                0x00000000080077e0                USB_ReadInterrupts
 .text.USB_GetMode
                0x0000000008007806       0x1c ./Drivers/STM32F4xx_HAL_Driver/Src/stm32f4xx_ll_usb.o
                0x0000000008007806                USB_GetMode
 *fill*         0x0000000008007822        0x2 
 .text.USB_CoreReset
                0x0000000008007824       0x64 ./Drivers/STM32F4xx_HAL_Driver/Src/stm32f4xx_ll_usb.o
 .text.USB_HostInit
                0x0000000008007888      0x168 ./Drivers/STM32F4xx_HAL_Driver/Src/stm32f4xx_ll_usb.o
                0x0000000008007888                USB_HostInit
 .text.USB_InitFSLSPClkSel
                0x00000000080079f0       0x74 ./Drivers/STM32F4xx_HAL_Driver/Src/stm32f4xx_ll_usb.o
                0x00000000080079f0                USB_InitFSLSPClkSel
 .text.USB_ResetPort
                0x0000000008007a64       0x54 ./Drivers/STM32F4xx_HAL_Driver/Src/stm32f4xx_ll_usb.o
                0x0000000008007a64                USB_ResetPort
 .text.USB_DriveVbus
                0x0000000008007ab8       0x72 ./Drivers/STM32F4xx_HAL_Driver/Src/stm32f4xx_ll_usb.o
                0x0000000008007ab8                USB_DriveVbus
 .text.USB_GetHostSpeed
                0x0000000008007b2a       0x2e ./Drivers/STM32F4xx_HAL_Driver/Src/stm32f4xx_ll_usb.o
                0x0000000008007b2a                USB_GetHostSpeed
 .text.USB_GetCurrentFrame
                0x0000000008007b58       0x22 ./Drivers/STM32F4xx_HAL_Driver/Src/stm32f4xx_ll_usb.o
                0x0000000008007b58                USB_GetCurrentFrame
 *fill*         0x0000000008007b7a        0x2 
 .text.USB_HC_Init
                0x0000000008007b7c      0x21c ./Drivers/STM32F4xx_HAL_Driver/Src/stm32f4xx_ll_usb.o
                0x0000000008007b7c                USB_HC_Init
 .text.USB_HC_StartXfer
                0x0000000008007d98      0x284 ./Drivers/STM32F4xx_HAL_Driver/Src/stm32f4xx_ll_usb.o
                0x0000000008007d98                USB_HC_StartXfer
 .text.USB_HC_ReadInterrupt
                0x000000000800801c       0x22 ./Drivers/STM32F4xx_HAL_Driver/Src/stm32f4xx_ll_usb.o
                0x000000000800801c                USB_HC_ReadInterrupt
 .text.USB_HC_Halt
                0x000000000800803e      0x238 ./Drivers/STM32F4xx_HAL_Driver/Src/stm32f4xx_ll_usb.o
                0x000000000800803e                USB_HC_Halt
 *fill*         0x0000000008008276        0x2 
 .text.USB_DoPing
                0x0000000008008278       0x78 ./Drivers/STM32F4xx_HAL_Driver/Src/stm32f4xx_ll_usb.o
                0x0000000008008278                USB_DoPing
 .text.USB_StopHost
                0x00000000080082f0      0x10c ./Drivers/STM32F4xx_HAL_Driver/Src/stm32f4xx_ll_usb.o
                0x00000000080082f0                USB_StopHost
 .text.MX_FATFS_Init
                0x00000000080083fc       0x24 ./FATFS/App/fatfs.o
                0x00000000080083fc                MX_FATFS_Init
 .text.USBH_initialize
                0x0000000008008420       0x18 ./FATFS/Target/usbh_diskio.o
                0x0000000008008420                USBH_initialize
 .text.USBH_status
                0x0000000008008438       0x38 ./FATFS/Target/usbh_diskio.o
                0x0000000008008438                USBH_status
 .text.USBH_read
                0x0000000008008470       0x74 ./FATFS/Target/usbh_diskio.o
                0x0000000008008470                USBH_read
 .text.USBH_write
                0x00000000080084e4       0x84 ./FATFS/Target/usbh_diskio.o
                0x00000000080084e4                USBH_write
 .text.USBH_ioctl
                0x0000000008008568       0xd8 ./FATFS/Target/usbh_diskio.o
                0x0000000008008568                USBH_ioctl
 .text.USBH_MSC_InterfaceInit
                0x0000000008008640      0x216 ./Middlewares/ST/STM32_USB_Host_Library/Class/MSC/Src/usbh_msc.o
 .text.USBH_MSC_InterfaceDeInit
                0x0000000008008856       0x8c ./Middlewares/ST/STM32_USB_Host_Library/Class/MSC/Src/usbh_msc.o
 .text.USBH_MSC_ClassRequest
                0x00000000080088e2       0xce ./Middlewares/ST/STM32_USB_Host_Library/Class/MSC/Src/usbh_msc.o
 .text.USBH_MSC_Process
                0x00000000080089b0      0x520 ./Middlewares/ST/STM32_USB_Host_Library/Class/MSC/Src/usbh_msc.o
 .text.USBH_MSC_SOFProcess
                0x0000000008008ed0       0x16 ./Middlewares/ST/STM32_USB_Host_Library/Class/MSC/Src/usbh_msc.o
 .text.USBH_MSC_RdWrProcess
                0x0000000008008ee6      0x19e ./Middlewares/ST/STM32_USB_Host_Library/Class/MSC/Src/usbh_msc.o
 .text.USBH_MSC_UnitIsReady
                0x0000000008009084       0x4c ./Middlewares/ST/STM32_USB_Host_Library/Class/MSC/Src/usbh_msc.o
                0x0000000008009084                USBH_MSC_UnitIsReady
 .text.USBH_MSC_GetLUNInfo
                0x00000000080090d0       0x48 ./Middlewares/ST/STM32_USB_Host_Library/Class/MSC/Src/usbh_msc.o
                0x00000000080090d0                USBH_MSC_GetLUNInfo
 .text.USBH_MSC_Read
                0x0000000008009118       0xd2 ./Middlewares/ST/STM32_USB_Host_Library/Class/MSC/Src/usbh_msc.o
                0x0000000008009118                USBH_MSC_Read
 .text.USBH_MSC_Write
                0x00000000080091ea       0xd2 ./Middlewares/ST/STM32_USB_Host_Library/Class/MSC/Src/usbh_msc.o
                0x00000000080091ea                USBH_MSC_Write
 .text.USBH_MSC_BOT_REQ_Reset
                0x00000000080092bc       0x3a ./Middlewares/ST/STM32_USB_Host_Library/Class/MSC/Src/usbh_msc_bot.o
                0x00000000080092bc                USBH_MSC_BOT_REQ_Reset
 .text.USBH_MSC_BOT_REQ_GetMaxLUN
                0x00000000080092f6       0x3c ./Middlewares/ST/STM32_USB_Host_Library/Class/MSC/Src/usbh_msc_bot.o
                0x00000000080092f6                USBH_MSC_BOT_REQ_GetMaxLUN
 *fill*         0x0000000008009332        0x2 
 .text.USBH_MSC_BOT_Init
                0x0000000008009334       0x44 ./Middlewares/ST/STM32_USB_Host_Library/Class/MSC/Src/usbh_msc_bot.o
                0x0000000008009334                USBH_MSC_BOT_Init
 .text.USBH_MSC_BOT_Process
                0x0000000008009378      0x39c ./Middlewares/ST/STM32_USB_Host_Library/Class/MSC/Src/usbh_msc_bot.o
                0x0000000008009378                USBH_MSC_BOT_Process
 .text.USBH_MSC_BOT_Abort
                0x0000000008009714       0x58 ./Middlewares/ST/STM32_USB_Host_Library/Class/MSC/Src/usbh_msc_bot.o
 .text.USBH_MSC_DecodeCSW
                0x000000000800976c       0x88 ./Middlewares/ST/STM32_USB_Host_Library/Class/MSC/Src/usbh_msc_bot.o
 .text.USBH_MSC_SCSI_TestUnitReady
                0x00000000080097f4       0x86 ./Middlewares/ST/STM32_USB_Host_Library/Class/MSC/Src/usbh_msc_scsi.o
                0x00000000080097f4                USBH_MSC_SCSI_TestUnitReady
 .text.USBH_MSC_SCSI_ReadCapacity
                0x000000000800987a       0xf6 ./Middlewares/ST/STM32_USB_Host_Library/Class/MSC/Src/usbh_msc_scsi.o
                0x000000000800987a                USBH_MSC_SCSI_ReadCapacity
 .text.USBH_MSC_SCSI_Inquiry
                0x0000000008009970      0x14a ./Middlewares/ST/STM32_USB_Host_Library/Class/MSC/Src/usbh_msc_scsi.o
                0x0000000008009970                USBH_MSC_SCSI_Inquiry
 .text.USBH_MSC_SCSI_RequestSense
                0x0000000008009aba       0xf2 ./Middlewares/ST/STM32_USB_Host_Library/Class/MSC/Src/usbh_msc_scsi.o
                0x0000000008009aba                USBH_MSC_SCSI_RequestSense
 .text.USBH_MSC_SCSI_Write
                0x0000000008009bac       0xd6 ./Middlewares/ST/STM32_USB_Host_Library/Class/MSC/Src/usbh_msc_scsi.o
                0x0000000008009bac                USBH_MSC_SCSI_Write
 .text.USBH_MSC_SCSI_Read
                0x0000000008009c82       0xd6 ./Middlewares/ST/STM32_USB_Host_Library/Class/MSC/Src/usbh_msc_scsi.o
                0x0000000008009c82                USBH_MSC_SCSI_Read
 .text.USBH_Init
                0x0000000008009d58       0x74 ./Middlewares/ST/STM32_USB_Host_Library/Core/Src/usbh_core.o
                0x0000000008009d58                USBH_Init
 .text.DeInitStateMachine
                0x0000000008009dcc       0xa8 ./Middlewares/ST/STM32_USB_Host_Library/Core/Src/usbh_core.o
 .text.USBH_RegisterClass
                0x0000000008009e74       0x54 ./Middlewares/ST/STM32_USB_Host_Library/Core/Src/usbh_core.o
                0x0000000008009e74                USBH_RegisterClass
 .text.USBH_SelectInterface
                0x0000000008009ec8       0x38 ./Middlewares/ST/STM32_USB_Host_Library/Core/Src/usbh_core.o
                0x0000000008009ec8                USBH_SelectInterface
 .text.USBH_FindInterface
                0x0000000008009f00       0x8c ./Middlewares/ST/STM32_USB_Host_Library/Core/Src/usbh_core.o
                0x0000000008009f00                USBH_FindInterface
 .text.USBH_Start
                0x0000000008009f8c       0x20 ./Middlewares/ST/STM32_USB_Host_Library/Core/Src/usbh_core.o
                0x0000000008009f8c                USBH_Start
 .text.USBH_Process
                0x0000000008009fac      0x3c0 ./Middlewares/ST/STM32_USB_Host_Library/Core/Src/usbh_core.o
                0x0000000008009fac                USBH_Process
 .text.USBH_HandleEnum
                0x000000000800a36c      0x3c8 ./Middlewares/ST/STM32_USB_Host_Library/Core/Src/usbh_core.o
 .text.USBH_LL_SetTimer
                0x000000000800a734       0x1e ./Middlewares/ST/STM32_USB_Host_Library/Core/Src/usbh_core.o
                0x000000000800a734                USBH_LL_SetTimer
 .text.USBH_LL_IncTimer
                0x000000000800a752       0x24 ./Middlewares/ST/STM32_USB_Host_Library/Core/Src/usbh_core.o
                0x000000000800a752                USBH_LL_IncTimer
 .text.USBH_HandleSof
                0x000000000800a776       0x30 ./Middlewares/ST/STM32_USB_Host_Library/Core/Src/usbh_core.o
 .text.USBH_LL_PortEnabled
                0x000000000800a7a6       0x1c ./Middlewares/ST/STM32_USB_Host_Library/Core/Src/usbh_core.o
                0x000000000800a7a6                USBH_LL_PortEnabled
 .text.USBH_LL_PortDisabled
                0x000000000800a7c2       0x1c ./Middlewares/ST/STM32_USB_Host_Library/Core/Src/usbh_core.o
                0x000000000800a7c2                USBH_LL_PortDisabled
 .text.USBH_LL_Connect
                0x000000000800a7de       0x2e ./Middlewares/ST/STM32_USB_Host_Library/Core/Src/usbh_core.o
                0x000000000800a7de                USBH_LL_Connect
 .text.USBH_LL_Disconnect
                0x000000000800a80c       0x48 ./Middlewares/ST/STM32_USB_Host_Library/Core/Src/usbh_core.o
                0x000000000800a80c                USBH_LL_Disconnect
 .text.USBH_Get_DevDesc
                0x000000000800a854       0x50 ./Middlewares/ST/STM32_USB_Host_Library/Core/Src/usbh_ctlreq.o
                0x000000000800a854                USBH_Get_DevDesc
 .text.USBH_Get_CfgDesc
                0x000000000800a8a4       0x48 ./Middlewares/ST/STM32_USB_Host_Library/Core/Src/usbh_ctlreq.o
                0x000000000800a8a4                USBH_Get_CfgDesc
 .text.USBH_Get_StringDesc
                0x000000000800a8ec       0x56 ./Middlewares/ST/STM32_USB_Host_Library/Core/Src/usbh_ctlreq.o
                0x000000000800a8ec                USBH_Get_StringDesc
 .text.USBH_GetDescriptor
                0x000000000800a942       0x6a ./Middlewares/ST/STM32_USB_Host_Library/Core/Src/usbh_ctlreq.o
                0x000000000800a942                USBH_GetDescriptor
 .text.USBH_SetAddress
                0x000000000800a9ac       0x48 ./Middlewares/ST/STM32_USB_Host_Library/Core/Src/usbh_ctlreq.o
                0x000000000800a9ac                USBH_SetAddress
 .text.USBH_SetCfg
                0x000000000800a9f4       0x46 ./Middlewares/ST/STM32_USB_Host_Library/Core/Src/usbh_ctlreq.o
                0x000000000800a9f4                USBH_SetCfg
 .text.USBH_SetFeature
                0x000000000800aa3a       0x48 ./Middlewares/ST/STM32_USB_Host_Library/Core/Src/usbh_ctlreq.o
                0x000000000800aa3a                USBH_SetFeature
 .text.USBH_ClrFeature
                0x000000000800aa82       0x48 ./Middlewares/ST/STM32_USB_Host_Library/Core/Src/usbh_ctlreq.o
                0x000000000800aa82                USBH_ClrFeature
 .text.USBH_ParseDevDesc
                0x000000000800aaca       0xe0 ./Middlewares/ST/STM32_USB_Host_Library/Core/Src/usbh_ctlreq.o
 .text.USBH_ParseCfgDesc
                0x000000000800abaa      0x144 ./Middlewares/ST/STM32_USB_Host_Library/Core/Src/usbh_ctlreq.o
 .text.USBH_ParseInterfaceDesc
                0x000000000800acee       0x5e ./Middlewares/ST/STM32_USB_Host_Library/Core/Src/usbh_ctlreq.o
 .text.USBH_ParseEPDesc
                0x000000000800ad4c       0x5a ./Middlewares/ST/STM32_USB_Host_Library/Core/Src/usbh_ctlreq.o
 .text.USBH_ParseStringDesc
                0x000000000800ada6       0x66 ./Middlewares/ST/STM32_USB_Host_Library/Core/Src/usbh_ctlreq.o
 .text.USBH_GetNextDesc
                0x000000000800ae0c       0x36 ./Middlewares/ST/STM32_USB_Host_Library/Core/Src/usbh_ctlreq.o
                0x000000000800ae0c                USBH_GetNextDesc
 .text.USBH_CtlReq
                0x000000000800ae42       0x7a ./Middlewares/ST/STM32_USB_Host_Library/Core/Src/usbh_ctlreq.o
                0x000000000800ae42                USBH_CtlReq
 .text.USBH_HandleControl
                0x000000000800aebc      0x2e8 ./Middlewares/ST/STM32_USB_Host_Library/Core/Src/usbh_ctlreq.o
 .text.USBH_CtlSendSetup
                0x000000000800b1a4       0x34 ./Middlewares/ST/STM32_USB_Host_Library/Core/Src/usbh_ioreq.o
                0x000000000800b1a4                USBH_CtlSendSetup
 .text.USBH_CtlSendData
                0x000000000800b1d8       0x4a ./Middlewares/ST/STM32_USB_Host_Library/Core/Src/usbh_ioreq.o
                0x000000000800b1d8                USBH_CtlSendData
 .text.USBH_CtlReceiveData
                0x000000000800b222       0x3c ./Middlewares/ST/STM32_USB_Host_Library/Core/Src/usbh_ioreq.o
                0x000000000800b222                USBH_CtlReceiveData
 .text.USBH_BulkSendData
                0x000000000800b25e       0x4a ./Middlewares/ST/STM32_USB_Host_Library/Core/Src/usbh_ioreq.o
                0x000000000800b25e                USBH_BulkSendData
 .text.USBH_BulkReceiveData
                0x000000000800b2a8       0x3c ./Middlewares/ST/STM32_USB_Host_Library/Core/Src/usbh_ioreq.o
                0x000000000800b2a8                USBH_BulkReceiveData
 .text.USBH_OpenPipe
                0x000000000800b2e4       0x3e ./Middlewares/ST/STM32_USB_Host_Library/Core/Src/usbh_pipes.o
                0x000000000800b2e4                USBH_OpenPipe
 .text.USBH_ClosePipe
                0x000000000800b322       0x20 ./Middlewares/ST/STM32_USB_Host_Library/Core/Src/usbh_pipes.o
                0x000000000800b322                USBH_ClosePipe
 .text.USBH_AllocPipe
                0x000000000800b342       0x42 ./Middlewares/ST/STM32_USB_Host_Library/Core/Src/usbh_pipes.o
                0x000000000800b342                USBH_AllocPipe
 .text.USBH_FreePipe
                0x000000000800b384       0x3c ./Middlewares/ST/STM32_USB_Host_Library/Core/Src/usbh_pipes.o
                0x000000000800b384                USBH_FreePipe
 .text.USBH_GetFreePipe
                0x000000000800b3c0       0x48 ./Middlewares/ST/STM32_USB_Host_Library/Core/Src/usbh_pipes.o
 .text.FATFS_LinkDriverEx
                0x000000000800b408       0x98 ./Middlewares/Third_Party/FatFs/src/ff_gen_drv.o
                0x000000000800b408                FATFS_LinkDriverEx
 .text.FATFS_LinkDriver
                0x000000000800b4a0       0x1e ./Middlewares/Third_Party/FatFs/src/ff_gen_drv.o
                0x000000000800b4a0                FATFS_LinkDriver
 *fill*         0x000000000800b4be        0x2 
 .text.MX_USB_HOST_Init
                0x000000000800b4c0       0x4c ./USB_HOST/App/usb_host.o
                0x000000000800b4c0                MX_USB_HOST_Init
 .text.MX_USB_HOST_Process
                0x000000000800b50c       0x14 ./USB_HOST/App/usb_host.o
                0x000000000800b50c                MX_USB_HOST_Process
 .text.USBH_UserProcess
                0x000000000800b520       0x5c ./USB_HOST/App/usb_host.o
 .text.HAL_HCD_MspInit
                0x000000000800b57c       0xc4 ./USB_HOST/Target/usbh_conf.o
                0x000000000800b57c                HAL_HCD_MspInit
 .text.HAL_HCD_SOF_Callback
                0x000000000800b640       0x1c ./USB_HOST/Target/usbh_conf.o
                0x000000000800b640                HAL_HCD_SOF_Callback
 .text.HAL_HCD_Connect_Callback
                0x000000000800b65c       0x1c ./USB_HOST/Target/usbh_conf.o
                0x000000000800b65c                HAL_HCD_Connect_Callback
 .text.HAL_HCD_Disconnect_Callback
                0x000000000800b678       0x1c ./USB_HOST/Target/usbh_conf.o
                0x000000000800b678                HAL_HCD_Disconnect_Callback
 .text.HAL_HCD_HC_NotifyURBChange_Callback
                0x000000000800b694       0x1c ./USB_HOST/Target/usbh_conf.o
                0x000000000800b694                HAL_HCD_HC_NotifyURBChange_Callback
 .text.HAL_HCD_PortEnabled_Callback
                0x000000000800b6b0       0x1c ./USB_HOST/Target/usbh_conf.o
                0x000000000800b6b0                HAL_HCD_PortEnabled_Callback
 .text.HAL_HCD_PortDisabled_Callback
                0x000000000800b6cc       0x1c ./USB_HOST/Target/usbh_conf.o
                0x000000000800b6cc                HAL_HCD_PortDisabled_Callback
 .text.USBH_LL_Init
                0x000000000800b6e8       0x78 ./USB_HOST/Target/usbh_conf.o
                0x000000000800b6e8                USBH_LL_Init
 .text.USBH_LL_Start
                0x000000000800b760       0x36 ./USB_HOST/Target/usbh_conf.o
                0x000000000800b760                USBH_LL_Start
 .text.USBH_LL_Stop
                0x000000000800b796       0x36 ./USB_HOST/Target/usbh_conf.o
                0x000000000800b796                USBH_LL_Stop
 .text.USBH_LL_GetSpeed
                0x000000000800b7cc       0x4e ./USB_HOST/Target/usbh_conf.o
                0x000000000800b7cc                USBH_LL_GetSpeed
 .text.USBH_LL_ResetPort
                0x000000000800b81a       0x36 ./USB_HOST/Target/usbh_conf.o
                0x000000000800b81a                USBH_LL_ResetPort
 .text.USBH_LL_GetLastXferSize
                0x000000000800b850       0x26 ./USB_HOST/Target/usbh_conf.o
                0x000000000800b850                USBH_LL_GetLastXferSize
 .text.USBH_LL_OpenPipe
                0x000000000800b876       0x5e ./USB_HOST/Target/usbh_conf.o
                0x000000000800b876                USBH_LL_OpenPipe
 .text.USBH_LL_ClosePipe
                0x000000000800b8d4       0x3e ./USB_HOST/Target/usbh_conf.o
                0x000000000800b8d4                USBH_LL_ClosePipe
 .text.USBH_LL_SubmitURB
                0x000000000800b912       0x62 ./USB_HOST/Target/usbh_conf.o
                0x000000000800b912                USBH_LL_SubmitURB
 .text.USBH_LL_GetURBState
                0x000000000800b974       0x26 ./USB_HOST/Target/usbh_conf.o
                0x000000000800b974                USBH_LL_GetURBState
 .text.USBH_LL_DriverVBUS
                0x000000000800b99a       0x2e ./USB_HOST/Target/usbh_conf.o
                0x000000000800b99a                USBH_LL_DriverVBUS
 .text.USBH_LL_SetToggle
                0x000000000800b9c8       0x60 ./USB_HOST/Target/usbh_conf.o
                0x000000000800b9c8                USBH_LL_SetToggle
 .text.USBH_LL_GetToggle
                0x000000000800ba28       0x60 ./USB_HOST/Target/usbh_conf.o
                0x000000000800ba28                USBH_LL_GetToggle
 .text.USBH_Delay
                0x000000000800ba88       0x16 ./USB_HOST/Target/usbh_conf.o
                0x000000000800ba88                USBH_Delay
 *fill*         0x000000000800ba9e        0x2 
 .text.USBH_Get_USB_Status
                0x000000000800baa0       0x58 ./USB_HOST/Target/usbh_conf.o
                0x000000000800baa0                USBH_Get_USB_Status
 .text.MX_DriverVbusFS
                0x000000000800baf8       0x38 ./USB_HOST/Target/usbh_platform.o
                0x000000000800baf8                MX_DriverVbusFS
 .text.__errno  0x000000000800bb30        0xc c:/st/stm32cubeide_1.8.0/stm32cubeide/plugins/com.st.stm32cube.ide.mcu.externaltools.gnu-tools-for-stm32.10.3-2021.10.win32_1.0.0.202111181127/tools/bin/../lib/gcc/arm-none-eabi/10.3.1/../../../../arm-none-eabi/lib/thumb/v7e-m+fp/hard\libc_nano.a(lib_a-errno.o)
                0x000000000800bb30                __errno
 .text.__libc_init_array
                0x000000000800bb3c       0x48 c:/st/stm32cubeide_1.8.0/stm32cubeide/plugins/com.st.stm32cube.ide.mcu.externaltools.gnu-tools-for-stm32.10.3-2021.10.win32_1.0.0.202111181127/tools/bin/../lib/gcc/arm-none-eabi/10.3.1/../../../../arm-none-eabi/lib/thumb/v7e-m+fp/hard\libc_nano.a(lib_a-init.o)
                0x000000000800bb3c                __libc_init_array
 .text.malloc   0x000000000800bb84       0x10 c:/st/stm32cubeide_1.8.0/stm32cubeide/plugins/com.st.stm32cube.ide.mcu.externaltools.gnu-tools-for-stm32.10.3-2021.10.win32_1.0.0.202111181127/tools/bin/../lib/gcc/arm-none-eabi/10.3.1/../../../../arm-none-eabi/lib/thumb/v7e-m+fp/hard\libc_nano.a(lib_a-malloc.o)
                0x000000000800bb84                malloc
 .text.free     0x000000000800bb94       0x10 c:/st/stm32cubeide_1.8.0/stm32cubeide/plugins/com.st.stm32cube.ide.mcu.externaltools.gnu-tools-for-stm32.10.3-2021.10.win32_1.0.0.202111181127/tools/bin/../lib/gcc/arm-none-eabi/10.3.1/../../../../arm-none-eabi/lib/thumb/v7e-m+fp/hard\libc_nano.a(lib_a-malloc.o)
                0x000000000800bb94                free
 .text.memcpy   0x000000000800bba4       0x1c c:/st/stm32cubeide_1.8.0/stm32cubeide/plugins/com.st.stm32cube.ide.mcu.externaltools.gnu-tools-for-stm32.10.3-2021.10.win32_1.0.0.202111181127/tools/bin/../lib/gcc/arm-none-eabi/10.3.1/../../../../arm-none-eabi/lib/thumb/v7e-m+fp/hard\libc_nano.a(lib_a-memcpy-stub.o)
                0x000000000800bba4                memcpy
 .text.memset   0x000000000800bbc0       0x10 c:/st/stm32cubeide_1.8.0/stm32cubeide/plugins/com.st.stm32cube.ide.mcu.externaltools.gnu-tools-for-stm32.10.3-2021.10.win32_1.0.0.202111181127/tools/bin/../lib/gcc/arm-none-eabi/10.3.1/../../../../arm-none-eabi/lib/thumb/v7e-m+fp/hard\libc_nano.a(lib_a-memset.o)
                0x000000000800bbc0                memset
 .text._free_r  0x000000000800bbd0       0x98 c:/st/stm32cubeide_1.8.0/stm32cubeide/plugins/com.st.stm32cube.ide.mcu.externaltools.gnu-tools-for-stm32.10.3-2021.10.win32_1.0.0.202111181127/tools/bin/../lib/gcc/arm-none-eabi/10.3.1/../../../../arm-none-eabi/lib/thumb/v7e-m+fp/hard\libc_nano.a(lib_a-nano-freer.o)
                0x000000000800bbd0                _free_r
 .text.sbrk_aligned
                0x000000000800bc68       0x40 c:/st/stm32cubeide_1.8.0/stm32cubeide/plugins/com.st.stm32cube.ide.mcu.externaltools.gnu-tools-for-stm32.10.3-2021.10.win32_1.0.0.202111181127/tools/bin/../lib/gcc/arm-none-eabi/10.3.1/../../../../arm-none-eabi/lib/thumb/v7e-m+fp/hard\libc_nano.a(lib_a-nano-mallocr.o)
 .text._malloc_r
                0x000000000800bca8       0xe8 c:/st/stm32cubeide_1.8.0/stm32cubeide/plugins/com.st.stm32cube.ide.mcu.externaltools.gnu-tools-for-stm32.10.3-2021.10.win32_1.0.0.202111181127/tools/bin/../lib/gcc/arm-none-eabi/10.3.1/../../../../arm-none-eabi/lib/thumb/v7e-m+fp/hard\libc_nano.a(lib_a-nano-mallocr.o)
                0x000000000800bca8                _malloc_r
 .text._sbrk_r  0x000000000800bd90       0x20 c:/st/stm32cubeide_1.8.0/stm32cubeide/plugins/com.st.stm32cube.ide.mcu.externaltools.gnu-tools-for-stm32.10.3-2021.10.win32_1.0.0.202111181127/tools/bin/../lib/gcc/arm-none-eabi/10.3.1/../../../../arm-none-eabi/lib/thumb/v7e-m+fp/hard\libc_nano.a(lib_a-sbrkr.o)
                0x000000000800bd90                _sbrk_r
 .text.__malloc_lock
                0x000000000800bdb0        0xc c:/st/stm32cubeide_1.8.0/stm32cubeide/plugins/com.st.stm32cube.ide.mcu.externaltools.gnu-tools-for-stm32.10.3-2021.10.win32_1.0.0.202111181127/tools/bin/../lib/gcc/arm-none-eabi/10.3.1/../../../../arm-none-eabi/lib/thumb/v7e-m+fp/hard\libc_nano.a(lib_a-mlock.o)
                0x000000000800bdb0                __malloc_lock
 .text.__malloc_unlock
                0x000000000800bdbc        0xc c:/st/stm32cubeide_1.8.0/stm32cubeide/plugins/com.st.stm32cube.ide.mcu.externaltools.gnu-tools-for-stm32.10.3-2021.10.win32_1.0.0.202111181127/tools/bin/../lib/gcc/arm-none-eabi/10.3.1/../../../../arm-none-eabi/lib/thumb/v7e-m+fp/hard\libc_nano.a(lib_a-mlock.o)
                0x000000000800bdbc                __malloc_unlock
 .text.__retarget_lock_acquire_recursive
                0x000000000800bdc8        0x2 c:/st/stm32cubeide_1.8.0/stm32cubeide/plugins/com.st.stm32cube.ide.mcu.externaltools.gnu-tools-for-stm32.10.3-2021.10.win32_1.0.0.202111181127/tools/bin/../lib/gcc/arm-none-eabi/10.3.1/../../../../arm-none-eabi/lib/thumb/v7e-m+fp/hard\libc_nano.a(lib_a-lock.o)
                0x000000000800bdc8                __retarget_lock_acquire_recursive
 .text.__retarget_lock_release_recursive
                0x000000000800bdca        0x2 c:/st/stm32cubeide_1.8.0/stm32cubeide/plugins/com.st.stm32cube.ide.mcu.externaltools.gnu-tools-for-stm32.10.3-2021.10.win32_1.0.0.202111181127/tools/bin/../lib/gcc/arm-none-eabi/10.3.1/../../../../arm-none-eabi/lib/thumb/v7e-m+fp/hard\libc_nano.a(lib_a-lock.o)
                0x000000000800bdca                __retarget_lock_release_recursive
 *(.glue_7)
 .glue_7        0x000000000800bdcc        0x0 linker stubs
 *(.glue_7t)
 .glue_7t       0x000000000800bdcc        0x0 linker stubs
 *(.eh_frame)
 .eh_frame      0x000000000800bdcc        0x0 c:/st/stm32cubeide_1.8.0/stm32cubeide/plugins/com.st.stm32cube.ide.mcu.externaltools.gnu-tools-for-stm32.10.3-2021.10.win32_1.0.0.202111181127/tools/bin/../lib/gcc/arm-none-eabi/10.3.1/thumb/v7e-m+fp/hard/crtbegin.o
 *(.init)
 .init          0x000000000800bdcc        0x4 c:/st/stm32cubeide_1.8.0/stm32cubeide/plugins/com.st.stm32cube.ide.mcu.externaltools.gnu-tools-for-stm32.10.3-2021.10.win32_1.0.0.202111181127/tools/bin/../lib/gcc/arm-none-eabi/10.3.1/thumb/v7e-m+fp/hard/crti.o
                0x000000000800bdcc                _init
 .init          0x000000000800bdd0        0x8 c:/st/stm32cubeide_1.8.0/stm32cubeide/plugins/com.st.stm32cube.ide.mcu.externaltools.gnu-tools-for-stm32.10.3-2021.10.win32_1.0.0.202111181127/tools/bin/../lib/gcc/arm-none-eabi/10.3.1/thumb/v7e-m+fp/hard/crtn.o
 *(.fini)
 .fini          0x000000000800bdd8        0x4 c:/st/stm32cubeide_1.8.0/stm32cubeide/plugins/com.st.stm32cube.ide.mcu.externaltools.gnu-tools-for-stm32.10.3-2021.10.win32_1.0.0.202111181127/tools/bin/../lib/gcc/arm-none-eabi/10.3.1/thumb/v7e-m+fp/hard/crti.o
                0x000000000800bdd8                _fini
 .fini          0x000000000800bddc        0x8 c:/st/stm32cubeide_1.8.0/stm32cubeide/plugins/com.st.stm32cube.ide.mcu.externaltools.gnu-tools-for-stm32.10.3-2021.10.win32_1.0.0.202111181127/tools/bin/../lib/gcc/arm-none-eabi/10.3.1/thumb/v7e-m+fp/hard/crtn.o
                0x000000000800bde4                . = ALIGN (0x4)
                0x000000000800bde4                _etext = .

.vfp11_veneer   0x000000000800bde4        0x0
 .vfp11_veneer  0x000000000800bde4        0x0 linker stubs

.v4_bx          0x000000000800bde4        0x0
 .v4_bx         0x000000000800bde4        0x0 linker stubs

.iplt           0x000000000800bde4        0x0
 .iplt          0x000000000800bde4        0x0 c:/st/stm32cubeide_1.8.0/stm32cubeide/plugins/com.st.stm32cube.ide.mcu.externaltools.gnu-tools-for-stm32.10.3-2021.10.win32_1.0.0.202111181127/tools/bin/../lib/gcc/arm-none-eabi/10.3.1/thumb/v7e-m+fp/hard/crtbegin.o

.rodata         0x000000000800bde4      0x364
                0x000000000800bde4                . = ALIGN (0x4)
 *(.rodata)
 .rodata        0x000000000800bde4      0x310 ./Core/Src/pedalboard_min.o
 .rodata        0x000000000800c0f4        0x4 ./Middlewares/ST/STM32_USB_Host_Library/Class/MSC/Src/usbh_msc.o
 *(.rodata*)
 .rodata.main.str1.4
                0x000000000800c0f8       0x1a ./Core/Src/main.o
 *fill*         0x000000000800c112        0x2 
 .rodata.AHBPrescTable
                0x000000000800c114       0x10 ./Core/Src/system_stm32f4xx.o
                0x000000000800c114                AHBPrescTable
 .rodata.APBPrescTable
                0x000000000800c124        0x8 ./Core/Src/system_stm32f4xx.o
                0x000000000800c124                APBPrescTable
 .rodata.flagBitshiftOffset.0
                0x000000000800c12c        0x8 ./Drivers/STM32F4xx_HAL_Driver/Src/stm32f4xx_hal_dma.o
 .rodata.USBH_Driver
                0x000000000800c134       0x14 ./FATFS/Target/usbh_diskio.o
                0x000000000800c134                USBH_Driver
                0x000000000800c148                . = ALIGN (0x4)

.ARM.extab      0x000000000800c148        0x0
                0x000000000800c148                . = ALIGN (0x4)
 *(.ARM.extab* .gnu.linkonce.armextab.*)
                0x000000000800c148                . = ALIGN (0x4)

.ARM            0x000000000800c148        0x8
                0x000000000800c148                . = ALIGN (0x4)
                0x000000000800c148                __exidx_start = .
 *(.ARM.exidx*)
 .ARM.exidx     0x000000000800c148        0x8 c:/st/stm32cubeide_1.8.0/stm32cubeide/plugins/com.st.stm32cube.ide.mcu.externaltools.gnu-tools-for-stm32.10.3-2021.10.win32_1.0.0.202111181127/tools/bin/../lib/gcc/arm-none-eabi/10.3.1/thumb/v7e-m+fp/hard\libgcc.a(_udivmoddi4.o)
                0x000000000800c150                __exidx_end = .
                0x000000000800c150                . = ALIGN (0x4)

.rel.dyn        0x000000000800c150        0x0
 .rel.iplt      0x000000000800c150        0x0 c:/st/stm32cubeide_1.8.0/stm32cubeide/plugins/com.st.stm32cube.ide.mcu.externaltools.gnu-tools-for-stm32.10.3-2021.10.win32_1.0.0.202111181127/tools/bin/../lib/gcc/arm-none-eabi/10.3.1/thumb/v7e-m+fp/hard/crtbegin.o

.preinit_array  0x000000000800c150        0x0
                0x000000000800c150                . = ALIGN (0x4)
                0x000000000800c150                PROVIDE (__preinit_array_start = .)
 *(.preinit_array*)
                0x000000000800c150                PROVIDE (__preinit_array_end = .)
                0x000000000800c150                . = ALIGN (0x4)

.init_array     0x000000000800c150        0x4
                0x000000000800c150                . = ALIGN (0x4)
                0x000000000800c150                PROVIDE (__init_array_start = .)
 *(SORT_BY_NAME(.init_array.*))
 *(.init_array*)
 .init_array    0x000000000800c150        0x4 c:/st/stm32cubeide_1.8.0/stm32cubeide/plugins/com.st.stm32cube.ide.mcu.externaltools.gnu-tools-for-stm32.10.3-2021.10.win32_1.0.0.202111181127/tools/bin/../lib/gcc/arm-none-eabi/10.3.1/thumb/v7e-m+fp/hard/crtbegin.o
                0x000000000800c154                PROVIDE (__init_array_end = .)
                0x000000000800c154                . = ALIGN (0x4)

.fini_array     0x000000000800c154        0x4
                0x000000000800c154                . = ALIGN (0x4)
                [!provide]                        PROVIDE (__fini_array_start = .)
 *(SORT_BY_NAME(.fini_array.*))
 *(.fini_array*)
 .fini_array    0x000000000800c154        0x4 c:/st/stm32cubeide_1.8.0/stm32cubeide/plugins/com.st.stm32cube.ide.mcu.externaltools.gnu-tools-for-stm32.10.3-2021.10.win32_1.0.0.202111181127/tools/bin/../lib/gcc/arm-none-eabi/10.3.1/thumb/v7e-m+fp/hard/crtbegin.o
                [!provide]                        PROVIDE (__fini_array_end = .)
                0x000000000800c158                . = ALIGN (0x4)
                0x000000000800c158                _sidata = LOADADDR (.data)

.data           0x0000000020000000      0x294 load address 0x000000000800c158
                0x0000000020000000                . = ALIGN (0x4)
                0x0000000020000000                _sdata = .
 *(.data)
 *(.data*)
 .data.font     0x0000000020000000      0x204 ./Core/Src/painter.o
                0x0000000020000000                font
 .data.SystemCoreClock
                0x0000000020000204        0x4 ./Core/Src/system_stm32f4xx.o
                0x0000000020000204                SystemCoreClock
 .data.uwTickPrio
                0x0000000020000208        0x4 ./Drivers/STM32F4xx_HAL_Driver/Src/stm32f4xx_hal.o
                0x0000000020000208                uwTickPrio
 .data.uwTickFreq
                0x000000002000020c        0x1 ./Drivers/STM32F4xx_HAL_Driver/Src/stm32f4xx_hal.o
                0x000000002000020c                uwTickFreq
 *fill*         0x000000002000020d        0x3 
 .data.USBH_msc
                0x0000000020000210       0x20 ./Middlewares/ST/STM32_USB_Host_Library/Class/MSC/Src/usbh_msc.o
                0x0000000020000210                USBH_msc
 .data._impure_ptr
                0x0000000020000230        0x4 c:/st/stm32cubeide_1.8.0/stm32cubeide/plugins/com.st.stm32cube.ide.mcu.externaltools.gnu-tools-for-stm32.10.3-2021.10.win32_1.0.0.202111181127/tools/bin/../lib/gcc/arm-none-eabi/10.3.1/../../../../arm-none-eabi/lib/thumb/v7e-m+fp/hard\libc_nano.a(lib_a-impure.o)
                0x0000000020000230                _impure_ptr
 .data.impure_data
                0x0000000020000234       0x60 c:/st/stm32cubeide_1.8.0/stm32cubeide/plugins/com.st.stm32cube.ide.mcu.externaltools.gnu-tools-for-stm32.10.3-2021.10.win32_1.0.0.202111181127/tools/bin/../lib/gcc/arm-none-eabi/10.3.1/../../../../arm-none-eabi/lib/thumb/v7e-m+fp/hard\libc_nano.a(lib_a-impure.o)
 *(.RamFunc)
 *(.RamFunc*)
                0x0000000020000294                . = ALIGN (0x4)
                0x0000000020000294                _edata = .
                0x000000000800c3ec                _siccmram = LOADADDR (.ccmram)

.igot.plt       0x0000000020000294        0x0 load address 0x000000000800c3ec
 .igot.plt      0x0000000020000294        0x0 c:/st/stm32cubeide_1.8.0/stm32cubeide/plugins/com.st.stm32cube.ide.mcu.externaltools.gnu-tools-for-stm32.10.3-2021.10.win32_1.0.0.202111181127/tools/bin/../lib/gcc/arm-none-eabi/10.3.1/thumb/v7e-m+fp/hard/crtbegin.o

.ccmram         0x0000000010000000        0x0 load address 0x000000000800c3ec
                0x0000000010000000                . = ALIGN (0x4)
                0x0000000010000000                _sccmram = .
 *(.ccmram)
 *(.ccmram*)
                0x0000000010000000                . = ALIGN (0x4)
                0x0000000010000000                _eccmram = .
                0x0000000010000000                . = ALIGN (0x4)

.bss            0x0000000020000294     0x22b0
                0x0000000020000294                _sbss = .
                0x0000000020000294                __bss_start__ = _sbss
 *(.bss)
 .bss           0x0000000020000294       0x1c c:/st/stm32cubeide_1.8.0/stm32cubeide/plugins/com.st.stm32cube.ide.mcu.externaltools.gnu-tools-for-stm32.10.3-2021.10.win32_1.0.0.202111181127/tools/bin/../lib/gcc/arm-none-eabi/10.3.1/thumb/v7e-m+fp/hard/crtbegin.o
 *(.bss*)
 .bss.iData     0x00000000200002b0        0x2 ./Core/Src/cs43l22.o
 *fill*         0x00000000200002b2        0x2 
 .bss.i2cx      0x00000000200002b4       0x54 ./Core/Src/cs43l22.o
 .bss.ADC_BUFF  0x0000000020000308       0x20 ./Core/Src/main.o
                0x0000000020000308                ADC_BUFF
 .bss.BUFF_CONV
                0x0000000020000328       0x10 ./Core/Src/main.o
                0x0000000020000328                BUFF_CONV
 .bss.DAC_BUFF  0x0000000020000338       0x20 ./Core/Src/main.o
                0x0000000020000338                DAC_BUFF
 .bss.PROC_SAMPLES
                0x0000000020000358        0x8 ./Core/Src/main.o
                0x0000000020000358                PROC_SAMPLES
 .bss.RAW_SAMPLES
                0x0000000020000360        0x8 ./Core/Src/main.o
                0x0000000020000360                RAW_SAMPLES
 .bss.hdma_spi2_rx
                0x0000000020000368       0x60 ./Core/Src/main.o
                0x0000000020000368                hdma_spi2_rx
 .bss.hdma_spi3_tx
                0x00000000200003c8       0x60 ./Core/Src/main.o
                0x00000000200003c8                hdma_spi3_tx
 .bss.hi2c1     0x0000000020000428       0x54 ./Core/Src/main.o
                0x0000000020000428                hi2c1
 .bss.hi2s2     0x000000002000047c       0x48 ./Core/Src/main.o
                0x000000002000047c                hi2s2
 .bss.hi2s3     0x00000000200004c4       0x48 ./Core/Src/main.o
                0x00000000200004c4                hi2s3
 .bss.hspi1     0x000000002000050c       0x58 ./Core/Src/main.o
                0x000000002000050c                hspi1
 .bss.image     0x0000000020000564     0x1280 ./Core/Src/main.o
                0x0000000020000564                image
 .bss.pedalboard
                0x00000000200017e4      0x644 ./Core/Src/main.o
                0x00000000200017e4                pedalboard
 .bss.rxCpltCounter
                0x0000000020001e28        0x4 ./Core/Src/main.o
                0x0000000020001e28                rxCpltCounter
 .bss.rxHalfCpltCounter
                0x0000000020001e2c        0x4 ./Core/Src/main.o
                0x0000000020001e2c                rxHalfCpltCounter
 .bss.txCpltCounter
                0x0000000020001e30        0x4 ./Core/Src/main.o
                0x0000000020001e30                txCpltCounter
 .bss.txHalfCpltCounter
                0x0000000020001e34        0x4 ./Core/Src/main.o
                0x0000000020001e34                txHalfCpltCounter
 .bss.__sbrk_heap_end
                0x0000000020001e38        0x4 ./Core/Src/sysmem.o
 .bss.uwTick    0x0000000020001e3c        0x4 ./Drivers/STM32F4xx_HAL_Driver/Src/stm32f4xx_hal.o
                0x0000000020001e3c                uwTick
 .bss.retUSBH   0x0000000020001e40        0x1 ./FATFS/App/fatfs.o
                0x0000000020001e40                retUSBH
 *fill*         0x0000000020001e41        0x3 
 .bss.USBHPath  0x0000000020001e44        0x4 ./FATFS/App/fatfs.o
                0x0000000020001e44                USBHPath
 .bss.disk      0x0000000020001e48        0xc ./Middlewares/Third_Party/FatFs/src/ff_gen_drv.o
                0x0000000020001e48                disk
 .bss.hUsbHostFS
                0x0000000020001e54      0x3d8 ./USB_HOST/App/usb_host.o
                0x0000000020001e54                hUsbHostFS
 .bss.Appli_state
                0x000000002000222c        0x1 ./USB_HOST/App/usb_host.o
                0x000000002000222c                Appli_state
 *fill*         0x000000002000222d        0x3 
 .bss.hhcd_USB_OTG_FS
                0x0000000020002230      0x304 ./USB_HOST/Target/usbh_conf.o
                0x0000000020002230                hhcd_USB_OTG_FS
 .bss.__malloc_free_list
                0x0000000020002534        0x4 c:/st/stm32cubeide_1.8.0/stm32cubeide/plugins/com.st.stm32cube.ide.mcu.externaltools.gnu-tools-for-stm32.10.3-2021.10.win32_1.0.0.202111181127/tools/bin/../lib/gcc/arm-none-eabi/10.3.1/../../../../arm-none-eabi/lib/thumb/v7e-m+fp/hard\libc_nano.a(lib_a-nano-mallocr.o)
                0x0000000020002534                __malloc_free_list
 .bss.__malloc_sbrk_start
                0x0000000020002538        0x4 c:/st/stm32cubeide_1.8.0/stm32cubeide/plugins/com.st.stm32cube.ide.mcu.externaltools.gnu-tools-for-stm32.10.3-2021.10.win32_1.0.0.202111181127/tools/bin/../lib/gcc/arm-none-eabi/10.3.1/../../../../arm-none-eabi/lib/thumb/v7e-m+fp/hard\libc_nano.a(lib_a-nano-mallocr.o)
                0x0000000020002538                __malloc_sbrk_start
 .bss.errno     0x000000002000253c        0x4 c:/st/stm32cubeide_1.8.0/stm32cubeide/plugins/com.st.stm32cube.ide.mcu.externaltools.gnu-tools-for-stm32.10.3-2021.10.win32_1.0.0.202111181127/tools/bin/../lib/gcc/arm-none-eabi/10.3.1/../../../../arm-none-eabi/lib/thumb/v7e-m+fp/hard\libc_nano.a(lib_a-reent.o)
                0x000000002000253c                errno
 .bss.__lock___malloc_recursive_mutex
                0x0000000020002540        0x1 c:/st/stm32cubeide_1.8.0/stm32cubeide/plugins/com.st.stm32cube.ide.mcu.externaltools.gnu-tools-for-stm32.10.3-2021.10.win32_1.0.0.202111181127/tools/bin/../lib/gcc/arm-none-eabi/10.3.1/../../../../arm-none-eabi/lib/thumb/v7e-m+fp/hard\libc_nano.a(lib_a-lock.o)
                0x0000000020002540                __lock___malloc_recursive_mutex
 *(COMMON)
                0x0000000020002544                . = ALIGN (0x4)
 *fill*         0x0000000020002541        0x3 
                0x0000000020002544                _ebss = .
                0x0000000020002544                __bss_end__ = _ebss

._user_heap_stack
                0x0000000020002544      0x604
                0x0000000020002548                . = ALIGN (0x8)
 *fill*         0x0000000020002544        0x4 
                [!provide]                        PROVIDE (end = .)
                0x0000000020002548                PROVIDE (_end = .)
                0x0000000020002748                . = (. + _Min_Heap_Size)
 *fill*         0x0000000020002548      0x200 
                0x0000000020002b48                . = (. + _Min_Stack_Size)
 *fill*         0x0000000020002748      0x400 
                0x0000000020002b48                . = ALIGN (0x8)

/DISCARD/
 libc.a(*)
 libm.a(*)
 libgcc.a(*)

.ARM.attributes
                0x0000000000000000       0x30
 *(.ARM.attributes)
 .ARM.attributes
                0x0000000000000000       0x1e c:/st/stm32cubeide_1.8.0/stm32cubeide/plugins/com.st.stm32cube.ide.mcu.externaltools.gnu-tools-for-stm32.10.3-2021.10.win32_1.0.0.202111181127/tools/bin/../lib/gcc/arm-none-eabi/10.3.1/thumb/v7e-m+fp/hard/crti.o
 .ARM.attributes
                0x000000000000001e       0x34 c:/st/stm32cubeide_1.8.0/stm32cubeide/plugins/com.st.stm32cube.ide.mcu.externaltools.gnu-tools-for-stm32.10.3-2021.10.win32_1.0.0.202111181127/tools/bin/../lib/gcc/arm-none-eabi/10.3.1/thumb/v7e-m+fp/hard/crtbegin.o
 .ARM.attributes
                0x0000000000000052       0x34 ./Core/Src/cs43l22.o
 .ARM.attributes
                0x0000000000000086       0x34 ./Core/Src/main.o
 .ARM.attributes
                0x00000000000000ba       0x34 ./Core/Src/painter.o
 .ARM.attributes
                0x00000000000000ee       0x34 ./Core/Src/pedalboard_min.o
 .ARM.attributes
                0x0000000000000122       0x34 ./Core/Src/stm32f4xx_hal_msp.o
 .ARM.attributes
                0x0000000000000156       0x34 ./Core/Src/stm32f4xx_it.o
 .ARM.attributes
                0x000000000000018a       0x34 ./Core/Src/sysmem.o
 .ARM.attributes
                0x00000000000001be       0x34 ./Core/Src/system_stm32f4xx.o
 .ARM.attributes
                0x00000000000001f2       0x21 ./Core/Startup/startup_stm32f407vgtx.o
 .ARM.attributes
                0x0000000000000213       0x34 ./Drivers/STM32F4xx_HAL_Driver/Src/stm32f4xx_hal.o
 .ARM.attributes
                0x0000000000000247       0x34 ./Drivers/STM32F4xx_HAL_Driver/Src/stm32f4xx_hal_cortex.o
 .ARM.attributes
                0x000000000000027b       0x34 ./Drivers/STM32F4xx_HAL_Driver/Src/stm32f4xx_hal_dma.o
 .ARM.attributes
                0x00000000000002af       0x34 ./Drivers/STM32F4xx_HAL_Driver/Src/stm32f4xx_hal_gpio.o
 .ARM.attributes
                0x00000000000002e3       0x34 ./Drivers/STM32F4xx_HAL_Driver/Src/stm32f4xx_hal_hcd.o
 .ARM.attributes
                0x0000000000000317       0x34 ./Drivers/STM32F4xx_HAL_Driver/Src/stm32f4xx_hal_i2c.o
 .ARM.attributes
                0x000000000000034b       0x34 ./Drivers/STM32F4xx_HAL_Driver/Src/stm32f4xx_hal_i2s.o
 .ARM.attributes
                0x000000000000037f       0x34 ./Drivers/STM32F4xx_HAL_Driver/Src/stm32f4xx_hal_i2s_ex.o
 .ARM.attributes
                0x00000000000003b3       0x34 ./Drivers/STM32F4xx_HAL_Driver/Src/stm32f4xx_hal_rcc.o
 .ARM.attributes
                0x00000000000003e7       0x34 ./Drivers/STM32F4xx_HAL_Driver/Src/stm32f4xx_hal_rcc_ex.o
 .ARM.attributes
                0x000000000000041b       0x34 ./Drivers/STM32F4xx_HAL_Driver/Src/stm32f4xx_hal_spi.o
 .ARM.attributes
                0x000000000000044f       0x34 ./Drivers/STM32F4xx_HAL_Driver/Src/stm32f4xx_ll_usb.o
 .ARM.attributes
                0x0000000000000483       0x34 ./FATFS/App/fatfs.o
 .ARM.attributes
                0x00000000000004b7       0x34 ./FATFS/Target/usbh_diskio.o
 .ARM.attributes
                0x00000000000004eb       0x34 ./Middlewares/ST/STM32_USB_Host_Library/Class/MSC/Src/usbh_msc.o
 .ARM.attributes
                0x000000000000051f       0x34 ./Middlewares/ST/STM32_USB_Host_Library/Class/MSC/Src/usbh_msc_bot.o
 .ARM.attributes
                0x0000000000000553       0x34 ./Middlewares/ST/STM32_USB_Host_Library/Class/MSC/Src/usbh_msc_scsi.o
 .ARM.attributes
                0x0000000000000587       0x34 ./Middlewares/ST/STM32_USB_Host_Library/Core/Src/usbh_core.o
 .ARM.attributes
                0x00000000000005bb       0x34 ./Middlewares/ST/STM32_USB_Host_Library/Core/Src/usbh_ctlreq.o
 .ARM.attributes
                0x00000000000005ef       0x34 ./Middlewares/ST/STM32_USB_Host_Library/Core/Src/usbh_ioreq.o
 .ARM.attributes
                0x0000000000000623       0x34 ./Middlewares/ST/STM32_USB_Host_Library/Core/Src/usbh_pipes.o
 .ARM.attributes
                0x0000000000000657       0x34 ./Middlewares/Third_Party/FatFs/src/ff_gen_drv.o
 .ARM.attributes
                0x000000000000068b       0x34 ./USB_HOST/App/usb_host.o
 .ARM.attributes
                0x00000000000006bf       0x34 ./USB_HOST/Target/usbh_conf.o
 .ARM.attributes
                0x00000000000006f3       0x34 ./USB_HOST/Target/usbh_platform.o
 .ARM.attributes
                0x0000000000000727       0x34 c:/st/stm32cubeide_1.8.0/stm32cubeide/plugins/com.st.stm32cube.ide.mcu.externaltools.gnu-tools-for-stm32.10.3-2021.10.win32_1.0.0.202111181127/tools/bin/../lib/gcc/arm-none-eabi/10.3.1/../../../../arm-none-eabi/lib/thumb/v7e-m+fp/hard\libc_nano.a(lib_a-errno.o)
 .ARM.attributes
                0x000000000000075b       0x34 c:/st/stm32cubeide_1.8.0/stm32cubeide/plugins/com.st.stm32cube.ide.mcu.externaltools.gnu-tools-for-stm32.10.3-2021.10.win32_1.0.0.202111181127/tools/bin/../lib/gcc/arm-none-eabi/10.3.1/../../../../arm-none-eabi/lib/thumb/v7e-m+fp/hard\libc_nano.a(lib_a-impure.o)
 .ARM.attributes
                0x000000000000078f       0x34 c:/st/stm32cubeide_1.8.0/stm32cubeide/plugins/com.st.stm32cube.ide.mcu.externaltools.gnu-tools-for-stm32.10.3-2021.10.win32_1.0.0.202111181127/tools/bin/../lib/gcc/arm-none-eabi/10.3.1/../../../../arm-none-eabi/lib/thumb/v7e-m+fp/hard\libc_nano.a(lib_a-init.o)
 .ARM.attributes
                0x00000000000007c3       0x34 c:/st/stm32cubeide_1.8.0/stm32cubeide/plugins/com.st.stm32cube.ide.mcu.externaltools.gnu-tools-for-stm32.10.3-2021.10.win32_1.0.0.202111181127/tools/bin/../lib/gcc/arm-none-eabi/10.3.1/../../../../arm-none-eabi/lib/thumb/v7e-m+fp/hard\libc_nano.a(lib_a-malloc.o)
 .ARM.attributes
                0x00000000000007f7       0x34 c:/st/stm32cubeide_1.8.0/stm32cubeide/plugins/com.st.stm32cube.ide.mcu.externaltools.gnu-tools-for-stm32.10.3-2021.10.win32_1.0.0.202111181127/tools/bin/../lib/gcc/arm-none-eabi/10.3.1/../../../../arm-none-eabi/lib/thumb/v7e-m+fp/hard\libc_nano.a(lib_a-memcpy-stub.o)
 .ARM.attributes
                0x000000000000082b       0x34 c:/st/stm32cubeide_1.8.0/stm32cubeide/plugins/com.st.stm32cube.ide.mcu.externaltools.gnu-tools-for-stm32.10.3-2021.10.win32_1.0.0.202111181127/tools/bin/../lib/gcc/arm-none-eabi/10.3.1/../../../../arm-none-eabi/lib/thumb/v7e-m+fp/hard\libc_nano.a(lib_a-memset.o)
 .ARM.attributes
                0x000000000000085f       0x34 c:/st/stm32cubeide_1.8.0/stm32cubeide/plugins/com.st.stm32cube.ide.mcu.externaltools.gnu-tools-for-stm32.10.3-2021.10.win32_1.0.0.202111181127/tools/bin/../lib/gcc/arm-none-eabi/10.3.1/../../../../arm-none-eabi/lib/thumb/v7e-m+fp/hard\libc_nano.a(lib_a-nano-freer.o)
 .ARM.attributes
                0x0000000000000893       0x34 c:/st/stm32cubeide_1.8.0/stm32cubeide/plugins/com.st.stm32cube.ide.mcu.externaltools.gnu-tools-for-stm32.10.3-2021.10.win32_1.0.0.202111181127/tools/bin/../lib/gcc/arm-none-eabi/10.3.1/../../../../arm-none-eabi/lib/thumb/v7e-m+fp/hard\libc_nano.a(lib_a-nano-mallocr.o)
 .ARM.attributes
                0x00000000000008c7       0x34 c:/st/stm32cubeide_1.8.0/stm32cubeide/plugins/com.st.stm32cube.ide.mcu.externaltools.gnu-tools-for-stm32.10.3-2021.10.win32_1.0.0.202111181127/tools/bin/../lib/gcc/arm-none-eabi/10.3.1/../../../../arm-none-eabi/lib/thumb/v7e-m+fp/hard\libc_nano.a(lib_a-sbrkr.o)
 .ARM.attributes
                0x00000000000008fb       0x34 c:/st/stm32cubeide_1.8.0/stm32cubeide/plugins/com.st.stm32cube.ide.mcu.externaltools.gnu-tools-for-stm32.10.3-2021.10.win32_1.0.0.202111181127/tools/bin/../lib/gcc/arm-none-eabi/10.3.1/../../../../arm-none-eabi/lib/thumb/v7e-m+fp/hard\libc_nano.a(lib_a-mlock.o)
 .ARM.attributes
                0x000000000000092f       0x34 c:/st/stm32cubeide_1.8.0/stm32cubeide/plugins/com.st.stm32cube.ide.mcu.externaltools.gnu-tools-for-stm32.10.3-2021.10.win32_1.0.0.202111181127/tools/bin/../lib/gcc/arm-none-eabi/10.3.1/../../../../arm-none-eabi/lib/thumb/v7e-m+fp/hard\libc_nano.a(lib_a-reent.o)
 .ARM.attributes
                0x0000000000000963       0x34 c:/st/stm32cubeide_1.8.0/stm32cubeide/plugins/com.st.stm32cube.ide.mcu.externaltools.gnu-tools-for-stm32.10.3-2021.10.win32_1.0.0.202111181127/tools/bin/../lib/gcc/arm-none-eabi/10.3.1/../../../../arm-none-eabi/lib/thumb/v7e-m+fp/hard\libc_nano.a(lib_a-lock.o)
 .ARM.attributes
                0x0000000000000997       0x1e c:/st/stm32cubeide_1.8.0/stm32cubeide/plugins/com.st.stm32cube.ide.mcu.externaltools.gnu-tools-for-stm32.10.3-2021.10.win32_1.0.0.202111181127/tools/bin/../lib/gcc/arm-none-eabi/10.3.1/thumb/v7e-m+fp/hard\libgcc.a(_aeabi_uldivmod.o)
 .ARM.attributes
                0x00000000000009b5       0x34 c:/st/stm32cubeide_1.8.0/stm32cubeide/plugins/com.st.stm32cube.ide.mcu.externaltools.gnu-tools-for-stm32.10.3-2021.10.win32_1.0.0.202111181127/tools/bin/../lib/gcc/arm-none-eabi/10.3.1/thumb/v7e-m+fp/hard\libgcc.a(_udivmoddi4.o)
 .ARM.attributes
                0x00000000000009e9       0x1e c:/st/stm32cubeide_1.8.0/stm32cubeide/plugins/com.st.stm32cube.ide.mcu.externaltools.gnu-tools-for-stm32.10.3-2021.10.win32_1.0.0.202111181127/tools/bin/../lib/gcc/arm-none-eabi/10.3.1/thumb/v7e-m+fp/hard\libgcc.a(_dvmd_tls.o)
 .ARM.attributes
                0x0000000000000a07       0x1e c:/st/stm32cubeide_1.8.0/stm32cubeide/plugins/com.st.stm32cube.ide.mcu.externaltools.gnu-tools-for-stm32.10.3-2021.10.win32_1.0.0.202111181127/tools/bin/../lib/gcc/arm-none-eabi/10.3.1/thumb/v7e-m+fp/hard/crtn.o
OUTPUT(mcu-test1.elf elf32-littlearm)
LOAD linker stubs
LOAD c:/st/stm32cubeide_1.8.0/stm32cubeide/plugins/com.st.stm32cube.ide.mcu.externaltools.gnu-tools-for-stm32.10.3-2021.10.win32_1.0.0.202111181127/tools/bin/../lib/gcc/arm-none-eabi/10.3.1/../../../../arm-none-eabi/lib/thumb/v7e-m+fp/hard\libc.a
LOAD c:/st/stm32cubeide_1.8.0/stm32cubeide/plugins/com.st.stm32cube.ide.mcu.externaltools.gnu-tools-for-stm32.10.3-2021.10.win32_1.0.0.202111181127/tools/bin/../lib/gcc/arm-none-eabi/10.3.1/../../../../arm-none-eabi/lib/thumb/v7e-m+fp/hard\libm.a
LOAD c:/st/stm32cubeide_1.8.0/stm32cubeide/plugins/com.st.stm32cube.ide.mcu.externaltools.gnu-tools-for-stm32.10.3-2021.10.win32_1.0.0.202111181127/tools/bin/../lib/gcc/arm-none-eabi/10.3.1/thumb/v7e-m+fp/hard\libgcc.a

.debug_info     0x0000000000000000    0x1d053
 .debug_info    0x0000000000000000      0xb78 ./Core/Src/cs43l22.o
 .debug_info    0x0000000000000b78     0x232c ./Core/Src/main.o
 .debug_info    0x0000000000002ea4      0x4af ./Core/Src/painter.o
 .debug_info    0x0000000000003353      0x9f3 ./Core/Src/pedalboard_min.o
 .debug_info    0x0000000000003d46     0x12bc ./Core/Src/stm32f4xx_hal_msp.o
 .debug_info    0x0000000000005002      0xbcd ./Core/Src/stm32f4xx_it.o
 .debug_info    0x0000000000005bcf      0x171 ./Core/Src/sysmem.o
 .debug_info    0x0000000000005d40      0x523 ./Core/Src/system_stm32f4xx.o
 .debug_info    0x0000000000006263       0x22 ./Core/Startup/startup_stm32f407vgtx.o
 .debug_info    0x0000000000006285      0x97c ./Drivers/STM32F4xx_HAL_Driver/Src/stm32f4xx_hal.o
 .debug_info    0x0000000000006c01      0xe1b ./Drivers/STM32F4xx_HAL_Driver/Src/stm32f4xx_hal_cortex.o
 .debug_info    0x0000000000007a1c      0x94f ./Drivers/STM32F4xx_HAL_Driver/Src/stm32f4xx_hal_dma.o
 .debug_info    0x000000000000836b      0x76a ./Drivers/STM32F4xx_HAL_Driver/Src/stm32f4xx_hal_gpio.o
 .debug_info    0x0000000000008ad5     0x10c6 ./Drivers/STM32F4xx_HAL_Driver/Src/stm32f4xx_hal_hcd.o
 .debug_info    0x0000000000009b9b     0x2609 ./Drivers/STM32F4xx_HAL_Driver/Src/stm32f4xx_hal_i2c.o
 .debug_info    0x000000000000c1a4      0xeb6 ./Drivers/STM32F4xx_HAL_Driver/Src/stm32f4xx_hal_i2s.o
 .debug_info    0x000000000000d05a      0xb7b ./Drivers/STM32F4xx_HAL_Driver/Src/stm32f4xx_hal_i2s_ex.o
 .debug_info    0x000000000000dbd5      0x966 ./Drivers/STM32F4xx_HAL_Driver/Src/stm32f4xx_hal_rcc.o
 .debug_info    0x000000000000e53b      0x569 ./Drivers/STM32F4xx_HAL_Driver/Src/stm32f4xx_hal_rcc_ex.o
 .debug_info    0x000000000000eaa4     0x1758 ./Drivers/STM32F4xx_HAL_Driver/Src/stm32f4xx_hal_spi.o
 .debug_info    0x00000000000101fc     0x19f2 ./Drivers/STM32F4xx_HAL_Driver/Src/stm32f4xx_ll_usb.o
 .debug_info    0x0000000000011bee      0x507 ./FATFS/App/fatfs.o
 .debug_info    0x00000000000120f5      0xf27 ./FATFS/Target/usbh_diskio.o
 .debug_info    0x000000000001301c     0x15eb ./Middlewares/ST/STM32_USB_Host_Library/Class/MSC/Src/usbh_msc.o
 .debug_info    0x0000000000014607     0x1248 ./Middlewares/ST/STM32_USB_Host_Library/Class/MSC/Src/usbh_msc_bot.o
 .debug_info    0x000000000001584f     0x121f ./Middlewares/ST/STM32_USB_Host_Library/Class/MSC/Src/usbh_msc_scsi.o
 .debug_info    0x0000000000016a6e     0x1059 ./Middlewares/ST/STM32_USB_Host_Library/Core/Src/usbh_core.o
 .debug_info    0x0000000000017ac7     0x1011 ./Middlewares/ST/STM32_USB_Host_Library/Core/Src/usbh_ctlreq.o
 .debug_info    0x0000000000018ad8      0xcee ./Middlewares/ST/STM32_USB_Host_Library/Core/Src/usbh_ioreq.o
 .debug_info    0x00000000000197c6      0xb2c ./Middlewares/ST/STM32_USB_Host_Library/Core/Src/usbh_pipes.o
 .debug_info    0x000000000001a2f2      0x3a9 ./Middlewares/Third_Party/FatFs/src/ff_gen_drv.o
 .debug_info    0x000000000001a69b      0xaaa ./USB_HOST/App/usb_host.o
 .debug_info    0x000000000001b145     0x1d25 ./USB_HOST/Target/usbh_conf.o
 .debug_info    0x000000000001ce6a      0x1e9 ./USB_HOST/Target/usbh_platform.o

.debug_abbrev   0x0000000000000000     0x4bd4
 .debug_abbrev  0x0000000000000000      0x1dc ./Core/Src/cs43l22.o
 .debug_abbrev  0x00000000000001dc      0x40b ./Core/Src/main.o
 .debug_abbrev  0x00000000000005e7      0x13d ./Core/Src/painter.o
 .debug_abbrev  0x0000000000000724      0x21e ./Core/Src/pedalboard_min.o
 .debug_abbrev  0x0000000000000942      0x22d ./Core/Src/stm32f4xx_hal_msp.o