../Middlewares/ST/STM32_USB_Host_Library/Class/MSC/Src/usbh_msc.c:531:27:USBH_MSC_SOFProcess	0	static
../Middlewares/ST/STM32_USB_Host_Library/Class/MSC/Src/usbh_msc.c:321:27:USBH_MSC_Process	24	static
../Middlewares/ST/STM32_USB_Host_Library/Class/MSC/Src/usbh_msc.c:265:27:USBH_MSC_ClassRequest	8	static
../Middlewares/ST/STM32_USB_Host_Library/Class/MSC/Src/usbh_msc.c:231:27:USBH_MSC_InterfaceDeInit	16	static
../Middlewares/ST/STM32_USB_Host_Library/Class/MSC/Src/usbh_msc.c:147:27:USBH_MSC_InterfaceInit	40	static
../Middlewares/ST/STM32_USB_Host_Library/Class/MSC/Src/usbh_msc.c:545:27:USBH_MSC_RdWrProcess	24	static
../Middlewares/ST/STM32_USB_Host_Library/Class/MSC/Src/usbh_msc.c:666:10:USBH_MSC_IsReady	0	static
../Middlewares/ST/STM32_USB_Host_Library/Class/MSC/Src/usbh_msc.c:689:10:USBH_MSC_GetMaxLUN	0	static
../Middlewares/ST/STM32_USB_Host_Library/Class/MSC/Src/usbh_msc.c:708:10:USBH_MSC_UnitIsReady	0	static
../Middlewares/ST/STM32_USB_Host_Library/Class/MSC/Src/usbh_msc.c:732:20:USBH_MSC_GetLUNInfo	8	static
../Middlewares/ST/STM32_USB_Host_Library/Class/MSC/Src/usbh_msc.c:756:20:USBH_MSC_Read	32	static
../Middlewares/ST/STM32_USB_Host_Library/Class/MSC/Src/usbh_msc.c:803:20:USBH_MSC_Write	32	static
