C:/Users/giaco/Desktop/digital-pedal/gt_common/Src/pedalboard.c:51:6:Params_Manifest_Init	24	static
C:/Users/giaco/Desktop/digital-pedal/gt_common/Src/pedalboard.c:61:6:Pedal_Manifest_Init	312	static
C:/Users/giaco/Desktop/digital-pedal/gt_common/Src/pedalboard.c:76:6:Pedalboard_Init	24	static
C:/Users/giaco/Desktop/digital-pedal/gt_common/Src/pedalboard.c:82:6:Pedalboard_SetPedal	16	static
C:/Users/giaco/Desktop/digital-pedal/gt_common/Src/pedalboard.c:153:6:Pedalboard_DeletePedal	16	static
C:/Users/giaco/Desktop/digital-pedal/gt_common/Src/pedalboard.c:159:6:Pedalboard_Process	24	static
C:/Users/giaco/Desktop/digital-pedal/gt_common/Src/pedalboard.c:172:6:overdrive_pedal_init	88	static
C:/Users/giaco/Desktop/digital-pedal/gt_common/Src/pedalboard.c:181:6:overdrive_pedal_process	16	static
C:/Users/giaco/Desktop/digital-pedal/gt_common/Src/pedalboard.c:189:6:bitcrusher_rs_pedal_init	56	static
C:/Users/giaco/Desktop/digital-pedal/gt_common/Src/pedalboard.c:195:6:bitcrusher_rs_pedal_process	24	static
C:/Users/giaco/Desktop/digital-pedal/gt_common/Src/pedalboard.c:206:6:tremolo_pedal_init	64	static
C:/Users/giaco/Desktop/digital-pedal/gt_common/Src/pedalboard.c:213:6:tremolo_pedal_process	32	static
C:/Users/giaco/Desktop/digital-pedal/gt_common/Src/pedalboard.c:221:6:overdrive_sqrt_pedal_init	64	static
C:/Users/giaco/Desktop/digital-pedal/gt_common/Src/pedalboard.c:228:6:overdrive_sqrt_pedal_process	16	static
C:/Users/giaco/Desktop/digital-pedal/gt_common/Src/pedalboard.c:236:6:amplifier_pedal_init	64	static
C:/Users/giaco/Desktop/digital-pedal/gt_common/Src/pedalboard.c:243:6:amplifier_pedal_process	16	static
C:/Users/giaco/Desktop/digital-pedal/gt_common/Src/pedalboard.c:250:6:low_pass_filter_pedal_init	64	static
C:/Users/giaco/Desktop/digital-pedal/gt_common/Src/pedalboard.c:257:6:low_pass_filter_pedal_process	32	static
C:/Users/giaco/Desktop/digital-pedal/gt_common/Src/pedalboard.c:265:6:fuzz_pedal_init	104	static
C:/Users/giaco/Desktop/digital-pedal/gt_common/Src/pedalboard.c:275:6:fuzz_pedal_process	32	static
C:/Users/giaco/Desktop/digital-pedal/gt_common/Src/pedalboard.c:291:6:noise_gate_pedal_init	56	static
C:/Users/giaco/Desktop/digital-pedal/gt_common/Src/pedalboard.c:297:6:noise_gate_pedal_process	16	static
C:/Users/giaco/Desktop/digital-pedal/gt_common/Src/pedalboard.c:315:6:mix	32	static
C:/Users/giaco/Desktop/digital-pedal/gt_common/Src/pedalboard.c:319:6:hard_clip	24	static
C:/Users/giaco/Desktop/digital-pedal/gt_common/Src/pedalboard.c:328:6:soft_clip	24	static
C:/Users/giaco/Desktop/digital-pedal/gt_common/Src/pedalboard.c:338:6:square_root	40	static
C:/Users/giaco/Desktop/digital-pedal/gt_common/Src/pedalboard.c:351:6:wave_gen	40	static
