../Drivers/Pedalboard/pedalboard.c:143:6:bitcrusher_rs_process	0	static
../Drivers/Pedalboard/pedalboard.c:161:6:tremolo_process	0	static
../Drivers/Pedalboard/pedalboard.c:206:6:dyn_amplifier_process	0	static
../Drivers/Pedalboard/pedalboard.c:219:6:low_pass_filter_process	0	static
../Drivers/Pedalboard/pedalboard.c:237:6:fuzz_process	0	static
../Drivers/Pedalboard/pedalboard.c:260:6:bypass_process	0	static
../Drivers/Pedalboard/pedalboard.c:51:6:pedalboard_init	0	static
../Drivers/Pedalboard/pedalboard.c:112:6:pedalboard_process	24	static
../Drivers/Pedalboard/pedalboard.c:120:6:overdrive_pedal_init	8	static
../Drivers/Pedalboard/pedalboard.c:137:6:bitcrusher_rs_pedal_init	12	static
../Drivers/Pedalboard/pedalboard.c:154:6:tremolo_pedal_init	8	static
../Drivers/Pedalboard/pedalboard.c:172:6:overdrive_sqrt_pedal_init	8	static
../Drivers/Pedalboard/pedalboard.c:187:6:amplifier_pedal_init	8	static
../Drivers/Pedalboard/pedalboard.c:199:6:dyn_amplifier_pedal_init	0	static
../Drivers/Pedalboard/pedalboard.c:212:6:low_pass_filter_pedal_init	8	static
../Drivers/Pedalboard/pedalboard.c:227:6:fuzz_pedal_init	8	static
../Drivers/Pedalboard/pedalboard.c:55:6:pedalboard_append	16	static
../Drivers/Pedalboard/pedalboard.c:256:6:bypass_pedal_init	0	static
../Drivers/Pedalboard/pedalboard.c:266:6:mix	0	static
../Drivers/Pedalboard/pedalboard.c:270:6:hard_clip	0	static
../Drivers/Pedalboard/pedalboard.c:192:6:amplifier_process	8	static
../Drivers/Pedalboard/pedalboard.c:278:6:soft_clip	0	static
../Drivers/Pedalboard/pedalboard.c:129:6:overdrive_process	16	static
../Drivers/Pedalboard/pedalboard.c:286:6:square_root	0	static
../Drivers/Pedalboard/pedalboard.c:179:6:overdrive_sqrt_process	16	static
../Drivers/Pedalboard/pedalboard.c:299:6:wave_gen	0	static
