../Drivers/Pedalboard/pedalboard.c:137:6:bitcrusher_rs_process	0	static
../Drivers/Pedalboard/pedalboard.c:199:6:low_pass_filter_process	0	static
../Drivers/Pedalboard/pedalboard.c:237:6:bypass_process	0	static
../Drivers/Pedalboard/pedalboard.c:48:6:Pedalboard_Init	0	static
../Drivers/Pedalboard/pedalboard.c:114:6:overdrive_pedal_init	8	static
../Drivers/Pedalboard/pedalboard.c:131:6:bitcrusher_rs_pedal_init	12	static
../Drivers/Pedalboard/pedalboard.c:148:6:tremolo_pedal_init	8	static
../Drivers/Pedalboard/pedalboard.c:163:6:overdrive_sqrt_pedal_init	8	static
../Drivers/Pedalboard/pedalboard.c:178:6:amplifier_pedal_init	8	static
../Drivers/Pedalboard/pedalboard.c:192:6:low_pass_filter_pedal_init	8	static
../Drivers/Pedalboard/pedalboard.c:207:6:fuzz_pedal_init	8	static
../Drivers/Pedalboard/pedalboard.c:52:6:Pedalboard_Append	16	static
../Drivers/Pedalboard/pedalboard.c:233:6:bypass_pedal_init	0	static
../Drivers/Pedalboard/pedalboard.c:243:6:mix	0	static
../Drivers/Pedalboard/pedalboard.c:103:6:Pedalboard_Process	32	static
../Drivers/Pedalboard/pedalboard.c:247:6:hard_clip	0	static
../Drivers/Pedalboard/pedalboard.c:185:6:amplifier_process	8	static
../Drivers/Pedalboard/pedalboard.c:256:6:soft_clip	0	static
../Drivers/Pedalboard/pedalboard.c:123:6:overdrive_process	16	static
../Drivers/Pedalboard/pedalboard.c:266:6:square_root	0	static
../Drivers/Pedalboard/pedalboard.c:170:6:overdrive_sqrt_process	16	static
../Drivers/Pedalboard/pedalboard.c:279:6:wave_gen	0	static
../Drivers/Pedalboard/pedalboard.c:155:6:tremolo_process	8	static
../Drivers/Pedalboard/pedalboard.c:217:6:fuzz_process	24	static
